Unknown prontype! en Arbt_Fackfientlig.2
Unknown prontype! denna Arbt_Fackfientlig.3
Unknown prontype! en Arbt_Fackfientlig.3
Unknown prontype! ingen Arbt_Fackfientlig.4
Unknown prontype! vi Arbt_Fackfientlig.4
Unknown prontype! jag Arbt_Fackfientlig.5
Unknown prontype! jag Arbt_Fackfientlig.5
Unknown prontype! någon Arbt_Fackfientlig.5
Unknown prontype! sig Arbt_Fackfientlig.6
Unknown prontype! han Arbt_Fackfientlig.6
Unknown prontype! en Arbt_Fackfientlig.6
Unknown prontype! vilken Arbt_Fackfientlig.7
Unknown prontype! vad Arbt_Fackfientlig.7
Unknown prontype! en Arbt_Fackfientlig.9
Unknown prontype! han Arbt_Fackfientlig.9
Unknown prontype! jag Arbt_Fackfientlig.10
Unknown prontype! jag Arbt_Fackfientlig.11
Unknown prontype! en Regr_254764.3
Unknown prontype! en Regr_254764.4
Unknown prontype! jag Regr_254764.5
Unknown prontype! all Regr_254764.6
Unknown prontype! han Regr_254764.10
Unknown prontype! någon Regr_254764.10
Unknown prontype! en Regr_254764.11
Unknown prontype! han Regr_254764.12
Unknown prontype! en Regr_254764.12
Unknown prontype! han Regr_254764.13
Unknown prontype! jag Regr_254764.14
Unknown prontype! en Regr_254764.14
Unknown prontype! en Regr_254764.15
Unknown prontype! en Regr_254764.15
Unknown prontype! vi Regr_254764.15
Unknown prontype! vi Regr_254764.16
Unknown prontype! en Regr_254764.17
Unknown prontype! ingen Regr_254764.17
Unknown prontype! en Regr_254764.18
Unknown prontype! jag Regr_254764.19
Unknown prontype! vi Regr_254764.19
Unknown prontype! sig Arbt_Polisjakt.3
Unknown prontype! en Arbt_Polisjakt.3
Unknown prontype! sig Arbt_Polisjakt.3
Unknown prontype! vi Arbt_Polisjakt.5
Unknown prontype! denna Arbt_Polisjakt.5
Unknown prontype! en Arbt_Polisjakt.6
Unknown prontype! en Arbt_Polisjakt.7
Unknown prontype! en Arbt_Polisjakt.7
Unknown prontype! vi Arbt_Polisjakt.8
Unknown prontype! en Arbt_Polisjakt.8
Unknown prontype! vi Arbt_Polisjakt.8
Unknown prontype! vi Arbt_Polisjakt.11
Unknown prontype! en Arbt_Polisjakt.12
Unknown prontype! hon Arbt_Polisjakt.12
Unknown prontype! en Arbt_Polisjakt.14
Unknown prontype! man Arbt_Polisjakt.16
Unknown prontype! sig Arbt_Polisjakt.17
Unknown prontype! denna Arbt_Polisjakt.18
Unknown prontype! en Arbt_Polisjakt.18
Unknown prontype! man Arbt_Polisjakt.19
Unknown prontype! sig Arbt_Polisjakt.19
Unknown prontype! sig Arbt_Polisjakt.20
Unknown prontype! sig Arbt_Polisjakt.21
Unknown prontype! hon Arbt_Polisjakt.22
Unknown prontype! en Arbt_Polisjakt.22
Unknown prontype! en Arbt_Polisjakt.24
Unknown prontype! denna Arbt_Polisjakt.26
Unknown prontype! jag Arbt_Polisjakt.27
Unknown prontype! all Arbt_Polisjakt.28
Unknown prontype! all Arbt_Polisjakt.28
Unknown prontype! en Arbt_Polisjakt.28
Unknown prontype! en Digi_2014-08.2
Unknown prontype! all Digi_2014-08.2
Unknown prontype! denna Digi_2014-08.4
Unknown prontype! en Digi_2014-08.5
Unknown prontype! all Digi_2014-08.5
Unknown prontype! en Digi_2014-08.6
Unknown prontype! en Digi_2014-08.7
Unknown prontype! du Digi_2014-08.8
Unknown prontype! mycken Digi_2014-08.8
Unknown prontype! denna Digi_2014-08.9
Unknown prontype! vad Digi_2014-08.9
Unknown prontype! en Digi_2014-08.10
Unknown prontype! vilken Digi_2014-08.11
Unknown prontype! vi Digi_2014-08.11
Unknown prontype! en Digi_2014-08.13
Unknown prontype! mycken Digi_2014-08.14
Unknown prontype! en Digi_2014-08.15
Unknown prontype! du Digi_2014-08.21
Unknown prontype! en Digi_2014-08.21
Unknown prontype! en Digi_2014-08.22
Unknown prontype! någon Digi_2014-08.22
Unknown prontype! vi Digi_2014-08.23
Unknown prontype! all Digi_2014-08.23
Unknown prontype! all Digi_2014-08.23
Unknown prontype! du Digi_2014-08.24
Unknown prontype! mycken Digi_2014-08.24
Unknown prontype! du Digi_2014-08.25
Unknown prontype! du Digi_2014-08.25
Unknown prontype! någon Digi_2014-08.28
Unknown prontype! vi Digi_2014-08.29
Unknown prontype! all Digi_2014-08.30
Unknown prontype! du Digi_2014-08.31
Unknown prontype! vi Digi_2014-08.31
Unknown prontype! vi Digi_2014-08.32
Unknown prontype! en Arbt_Hardkritik.2
Unknown prontype! en Arbt_Hardkritik.3
Unknown prontype! en Arbt_Hardkritik.3
Unknown prontype! vi Arbt_Hardkritik.4
Unknown prontype! någon Arbt_Hardkritik.4
Unknown prontype! en Arbt_Hardkritik.4
Unknown prontype! sig Arbt_Hardkritik.5
Unknown prontype! vi Arbt_Hardkritik.5
Unknown prontype! någon Arbt_Hardkritik.9
Unknown prontype! vi Arbt_Hardkritik.9
Unknown prontype! någon Arbt_Hardkritik.9
Unknown prontype! en Arbt_Hardkritik.12
Unknown prontype! en Arbt_Hardkritik.12
Unknown prontype! vi Arbt_Hardkritik.13
Unknown prontype! någon Arbt_Hardkritik.13
Unknown prontype! vi Arbt_Hardkritik.14
Unknown prontype! vi Arbt_Hardkritik.14
Unknown prontype! någon Arbt_Hardkritik.14
Unknown prontype! en Arbt_Hardkritik.15
Unknown prontype! vi Arbt_Hardkritik.18
Unknown prontype! vad Arbt_Hardkritik.19
Unknown prontype! du Arbt_Hardkritik.19
Unknown prontype! ni Arbt_Hardkritik.19
Unknown prontype! er Arbt_Hardkritik.19
Unknown prontype! jag Arbt_Hardkritik.20
Unknown prontype! en Arbt_Hardkritik.20
Unknown prontype! vi Arbt_Hardkritik.21
Unknown prontype! vi Arbt_Hardkritik.21
Unknown prontype! vi Arbt_Hardkritik.21
Unknown prontype! en Arbt_Hardkritik.21
Unknown prontype! en Arbt_Hardkritik.22
Unknown prontype! han Arbt_Hardkritik.23
Unknown prontype! vi Arbt_Hardkritik.24
Unknown prontype! vem Arbt_Hardkritik.24
Unknown prontype! vi Arbt_Hardkritik.24
Unknown prontype! någon Arbt_Hardkritik.24
Unknown prontype! vi Arbt_Hardkritik.25
Unknown prontype! vi Arbt_Hardkritik.28
Unknown prontype! en Arbt_Hardkritik.28
Unknown prontype! jag Arbt_Hardkritik.28
Unknown prontype! jag Arbt_Hardkritik.28
Unknown prontype! en Arbt_Hardkritik.30
Unknown prontype! en Arbt_Vrede.2
Unknown prontype! en Arbt_Vrede.4
Unknown prontype! en Arbt_Vrede.9
Unknown prontype! en Arbt_Vrede.9
Unknown prontype! en Arbt_Vrede.10
Unknown prontype! ingen Arbt_Vrede.11
Unknown prontype! en Arbt_Vrede.11
Unknown prontype! jag Arbt_Vrede.13
Unknown prontype! en Arbt_Vrede.16
Unknown prontype! en Arbt_Vrede.16
Unknown prontype! en Regr_255053.3
Unknown prontype! en Regr_255053.5
Unknown prontype! en Regr_255053.9
Unknown prontype! en Regr_255053.10
Unknown prontype! en Regr_255053.15
Unknown prontype! en Regr_255053.17
Unknown prontype! en Regr_255053.17
Unknown prontype! en Regr_255053.18
Unknown prontype! en Regr_255053.21
Unknown prontype! en Regr_255053.22
Unknown prontype! jag Regr_255053.24
Unknown prontype! en Regr_255268.3
Unknown prontype! en Regr_255268.5
Unknown prontype! en Regr_255268.9
Unknown prontype! en Regr_255268.10
Unknown prontype! denna Regr_255268.10
Unknown prontype! en Regr_255268.11
Unknown prontype! sig Regr_255268.12
Unknown prontype! vad Regr_255268.12
Unknown prontype! denna Regr_255268.14
Unknown prontype! en Regr_255268.14
Unknown prontype! en Regr_255268.14
Unknown prontype! en Regr_255268.20
Unknown prontype! vilken Regr_255022.2
Unknown prontype! en Regr_255022.2
Unknown prontype! en Regr_255022.2
Unknown prontype! en Regr_255022.2
Unknown prontype! denna Regr_255022.3
Unknown prontype! en Regr_255022.3
Unknown prontype! vi Regr_255022.4
Unknown prontype! vi Regr_255022.9
Unknown prontype! en Regr_255022.9
Unknown prontype! vi Regr_255022.10
Unknown prontype! en Regr_255022.11
Unknown prontype! en Regr_255022.11
Unknown prontype! en Regr_255022.12
Unknown prontype! en Regr_255022.12
Unknown prontype! en Regr_255022.13
Unknown prontype! denna Regr_255022.13
Unknown prontype! en Regr_255022.14
Unknown prontype! en Regr_255022.15
Unknown prontype! en Regr_255022.15
Unknown prontype! en Regr_255022.18
Unknown prontype! en Regr_255022.18
Unknown prontype! en Regr_255022.19
Unknown prontype! en Regr_255022.20
Unknown prontype! vilken Regr_255022.20
Unknown prontype! en Regr_255022.20
Unknown prontype! en Arbt_Folkomrostningen.2
Unknown prontype! en Arbt_Folkomrostningen.8
Unknown prontype! han Arbt_Folkomrostningen.8
Unknown prontype! sig Arbt_Folkomrostningen.8
Unknown prontype! vad Arbt_Folkomrostningen.8
Unknown prontype! han Arbt_Folkomrostningen.10
Unknown prontype! en Arbt_Folkomrostningen.11
Unknown prontype! han Arbt_Folkomrostningen.12
Unknown prontype! vad Arbt_Folkomrostningen.14
Unknown prontype! vi Arbt_Folkomrostningen.15
Unknown prontype! någon Arbt_Folkomrostningen.16
Unknown prontype! en Arbt_Folkomrostningen.16
Unknown prontype! all Arbt_Folkomrostningen.18
Unknown prontype! någon Arbt_Folkomrostningen.18
Unknown prontype! ingen Arbt_Folkomrostningen.19
Unknown prontype! en Arbt_Folkomrostningen.19
Unknown prontype! en Arbt_Folkomrostningen.20
Unknown prontype! en Arbt_Folkomrostningen.20
Unknown prontype! sig Arbt_Folkomrostningen.21
Unknown prontype! en Arbt_Folkomrostningen.21
Unknown prontype! han Arbt_Folkomrostningen.22
Unknown prontype! en Regr_255856.2
Unknown prontype! en Regr_255856.2
Unknown prontype! en Regr_255856.6
Unknown prontype! en Regr_255856.8
Unknown prontype! vi Regr_255856.8
Unknown prontype! en Regr_255856.9
Unknown prontype! en Regr_255856.11
Unknown prontype! vi Regr_255856.12
Unknown prontype! en Regr_255856.12
Unknown prontype! sig Regr_255856.13
Unknown prontype! jag Arbt_Ariel.2
Unknown prontype! han Arbt_Ariel.2
Unknown prontype! en Arbt_Ariel.2
Unknown prontype! en Arbt_Ariel.3
Unknown prontype! en Arbt_Ariel.4
Unknown prontype! all Arbt_Ariel.4
Unknown prontype! en Arbt_Ariel.7
Unknown prontype! en Arbt_Ariel.8
Unknown prontype! en Arbt_Ariel.8
Unknown prontype! en Arbt_Ariel.9
Unknown prontype! han Arbt_Ariel.11
Unknown prontype! han Arbt_Ariel.11
Unknown prontype! vilken Arbt_Ariel.11
Unknown prontype! en Arbt_Ariel.12
Unknown prontype! man Arbt_Ariel.12
Unknown prontype! han Arbt_Ariel.13
Unknown prontype! han Arbt_Ariel.13
Unknown prontype! en Arbt_Ariel.14
Unknown prontype! all Arbt_Ariel.14
Unknown prontype! en Arbt_Ariel.17
Unknown prontype! vad Arbt_Ariel.17
Unknown prontype! du Arbt_Ariel.18
Unknown prontype! han Arbt_Ariel.21
Unknown prontype! sig Arbt_Ariel.21
Unknown prontype! han Arbt_Ariel.22
Unknown prontype! han Arbt_Ariel.23
Unknown prontype! en Arbt_Ariel.24
Unknown prontype! han Arbt_Ariel.26
Unknown prontype! sig Arbt_Ariel.26
Unknown prontype! en Arbt_Ariel.26
Unknown prontype! han Arbt_Ariel.26
Unknown prontype! denna Arbt_Ariel.27
Unknown prontype! han Arbt_Ariel.27
Unknown prontype! denna Arbt_Ariel.28
Unknown prontype! en Arbt_Ariel.28
Unknown prontype! han Arbt_Ariel.29
Unknown prontype! han Arbt_Ariel.30
Unknown prontype! han Arbt_Ariel.32
Unknown prontype! en Arbt_Ariel.32
Unknown prontype! en Arbt_Ariel.33
Unknown prontype! han Arbt_Ariel.34
Unknown prontype! en Arbt_Ariel.36
Unknown prontype! han Arbt_Ariel.37
Unknown prontype! han Arbt_Ariel.37
Unknown prontype! han Arbt_Ariel.37
Unknown prontype! han Arbt_Ariel.38
Unknown prontype! en Arbt_Ariel.38
Unknown prontype! han Arbt_Ariel.38
Unknown prontype! han Arbt_Ariel.38
Unknown prontype! en Arbt_Ariel.39
Unknown prontype! en Arbt_Ariel.40
Unknown prontype! han Arbt_Ariel.41
Unknown prontype! han Arbt_Ariel.41
Unknown prontype! sig Arbt_Ariel.41
Unknown prontype! han Arbt_Ariel.41
Unknown prontype! sig Arbt_Ariel.41
Unknown prontype! en Arbt_Ariel.41
Unknown prontype! han Arbt_Ariel.42
Unknown prontype! en Arbt_Ariel.42
Unknown prontype! sig Arbt_Ariel.42
Unknown prontype! du Arbt_Ariel.43
Unknown prontype! all Arbt_Ariel.43
Unknown prontype! du Arbt_Ariel.44
Unknown prontype! jag Arbt_Ariel.45
Unknown prontype! all Arbt_Ariel.46
Unknown prontype! någon Arbt_Ariel.47
Unknown prontype! en Arbt_Ariel.48
Unknown prontype! en Arbt_Ariel.48
Unknown prontype! en Arbt_Ariel.49
Unknown prontype! han Arbt_Ariel.50
Unknown prontype! han Arbt_Ariel.51
Unknown prontype! sig Arbt_Ariel.51
Unknown prontype! han Arbt_Ariel.52
Unknown prontype! han Arbt_Ariel.53
Unknown prontype! han Arbt_Ariel.53
Unknown prontype! ingenting Arbt_Ariel.54
Unknown prontype! någon Arbt_Ariel.54
Unknown prontype! en Arbt_Ariel.57
Unknown prontype! en Digi_2015-02.2
Unknown prontype! all Digi_2015-02.2
Unknown prontype! en Digi_2015-02.4
Unknown prontype! en Digi_2015-02.7
Unknown prontype! en Digi_2015-02.7
Unknown prontype! vad Digi_2015-02.7
Unknown prontype! en Digi_2015-02.9
Unknown prontype! någon Digi_2015-02.9
Unknown prontype! denna Digi_2015-02.11
Unknown prontype! någon Digi_2015-02.11
Unknown prontype! en Digi_2015-02.13
Unknown prontype! en Digi_2015-02.13
Unknown prontype! denna Digi_2015-02.14
Unknown prontype! en Digi_2015-02.16
Unknown prontype! en Digi_2015-02.21
Unknown prontype! vilken Digi_2015-02.23
Unknown prontype! vilken Digi_2015-02.23
Unknown prontype! en Digi_2015-02.24
Unknown prontype! en Digi_2015-02.25
Unknown prontype! vilken Digi_2015-02.25
Unknown prontype! du Digi_2015-02.26
Unknown prontype! någon Digi_2015-02.28
Unknown prontype! vi Digi_2015-02.29
Unknown prontype! all Digi_2015-02.30
Unknown prontype! du Digi_2015-02.31
Unknown prontype! vi Digi_2015-02.31
Unknown prontype! vi Digi_2015-02.32
Unknown prontype! en Arbt_Kraftigaprotester.2
Unknown prontype! vi Arbt_Kraftigaprotester.5
Unknown prontype! vi Arbt_Kraftigaprotester.6
Unknown prontype! en Arbt_Kraftigaprotester.7
Unknown prontype! en Arbt_Kraftigaprotester.8
Unknown prontype! vilken Arbt_Kraftigaprotester.8
Unknown prontype! en Arbt_Kraftigaprotester.8
Unknown prontype! vi Arbt_Kraftigaprotester.9
Unknown prontype! en Arbt_Kraftigaprotester.10
Unknown prontype! han Arbt_Kraftigaprotester.11
Unknown prontype! en Arbt_Kraftigaprotester.11
Unknown prontype! all Arbt_Kraftigaprotester.14
Unknown prontype! en Arbt_Kraftigaprotester.15
Unknown prontype! han Arbt_Kraftigaprotester.17
Unknown prontype! en Arbt_Kraftigaprotester.17
Unknown prontype! en Arbt_Kraftigaprotester.17
Unknown prontype! bägge Arbt_Kraftigaprotester.17
Unknown prontype! en Arbt_Kraftigaprotester.18
Unknown prontype! en Arbt_Kraftigaprotester.19
Unknown prontype! vi Arbt_Kraftigaprotester.21
Unknown prontype! ingen Arbt_Kraftigaprotester.21
Unknown prontype! någon Arbt_Kraftigaprotester.21
Unknown prontype! en Arbt_Kraftigaprotester.23
Unknown prontype! en Arbt_Kraftigaprotester.23
Unknown prontype! en Arbt_Kraftigaprotester.23
Unknown prontype! vilken Arbt_Kraftigaprotester.25
Unknown prontype! en Arbt_Kraftigaprotester.26
Unknown prontype! en Arbt_Kraftigaprotester.27
Unknown prontype! en Arbt_Kraftigaprotester.27
Unknown prontype! en Arbt_Kraftigaprotester.28
Unknown prontype! en Arbt_Kraftigaprotester.28
Unknown prontype! en Arbt_Kraftigaprotester.28
Unknown prontype! sig Arbt_Kraftigaprotester.29
Unknown prontype! han Arbt_Kraftigaprotester.29
Unknown prontype! han Arbt_Kraftigaprotester.30
Unknown prontype! en Arbt_Kraftigaprotester.31
Unknown prontype! vilken Arbt_Kraftigaprotester.31
Unknown prontype! en Arbt_Kraftigaprotester.31
Unknown prontype! en Arbt_Kraftigaprotester.33
Unknown prontype! en Arbt_Kraftigaprotester.34
Unknown prontype! en Regr_255096.1
Unknown prontype! en Regr_255096.2
Unknown prontype! en Regr_255096.2
Unknown prontype! sig Regr_255096.4
Unknown prontype! all Regr_255096.7
Unknown prontype! mycken Regr_255096.8
Unknown prontype! all Regr_255096.12
Unknown prontype! en Regr_255096.15
Unknown prontype! en Regr_255096.15
Unknown prontype! sig Regr_255096.16
Unknown prontype! sig Regr_255096.18
Unknown prontype! en Regr_255216.4
Unknown prontype! denna Regr_255216.5
Unknown prontype! en Regr_255216.6
Unknown prontype! denna Regr_255216.7
Unknown prontype! denna Regr_255216.10
Unknown prontype! en Regr_255216.10
Unknown prontype! vad Regr_255216.11
Unknown prontype! jag Regr_255216.12
Unknown prontype! vad Regr_255216.12
Unknown prontype! en Regr_255216.12
Unknown prontype! vi Regr_255216.13
Unknown prontype! denna Regr_255216.13
Unknown prontype! en Regr_255216.14
Unknown prontype! all Regr_255216.14
Unknown prontype! vi Regr_255216.14
Unknown prontype! en Regr_255926.1
Unknown prontype! en Regr_255926.2
Unknown prontype! denna Regr_255926.4
Unknown prontype! all Regr_255926.5
Unknown prontype! en Regr_255926.6
Unknown prontype! denna Regr_255926.7
Unknown prontype! en Regr_255926.10
Unknown prontype! all Regr_255926.17
Unknown prontype! en Regr_255926.20
Unknown prontype! en Regr_255926.22
Unknown prontype! denna Regr_255655.6
Unknown prontype! ingen Regr_255655.10
Unknown prontype! denna Regr_255655.17
Unknown prontype! varannan Regr_255655.18
Unknown prontype! en Regr_255655.18
Unknown prontype! en Regr_255954.2
Unknown prontype! en Regr_255954.3
Unknown prontype! en Regr_255954.4
Unknown prontype! denna Regr_255954.5
Unknown prontype! en Regr_255954.7
Unknown prontype! en Regr_255954.8
Unknown prontype! en Regr_255954.8
Unknown prontype! en Regr_255954.8
Unknown prontype! du Digi_2014-05.4
Unknown prontype! denna Digi_2014-05.4
Unknown prontype! du Digi_2014-05.4
Unknown prontype! en Digi_2014-05.4
Unknown prontype! sig Digi_2014-05.5
Unknown prontype! du Digi_2014-05.5
Unknown prontype! en Digi_2014-05.5
Unknown prontype! du Digi_2014-05.5
Unknown prontype! denna Digi_2014-05.6
Unknown prontype! en Digi_2014-05.6
Unknown prontype! all Digi_2014-05.6
Unknown prontype! du Digi_2014-05.8
Unknown prontype! du Digi_2014-05.8
Unknown prontype! vilken Digi_2014-05.8
Unknown prontype! man Digi_2014-05.8
Unknown prontype! en Digi_2014-05.14
Unknown prontype! en Digi_2014-05.14
Unknown prontype! en Digi_2014-05.15
Unknown prontype! mycken Digi_2014-05.17
Unknown prontype! en Digi_2014-05.19
Unknown prontype! man Digi_2014-05.19
Unknown prontype! mycken Digi_2014-05.23
Unknown prontype! en Digi_2014-05.25
Unknown prontype! en Digi_2014-05.26
Unknown prontype! en Digi_2014-05.26
Unknown prontype! en Digi_2014-05.26
Unknown prontype! en Digi_2014-05.27
Unknown prontype! någon Digi_2014-05.28
Unknown prontype! mycken Digi_2014-05.30
Unknown prontype! vi Digi_2014-05.31
Unknown prontype! vi Digi_2014-05.31
Unknown prontype! denna Digi_2014-05.34
Unknown prontype! en Digi_2014-05.34
Unknown prontype! en Digi_2014-05.36
Unknown prontype! en Digi_2014-05.38
Unknown prontype! en Digi_2014-05.38
Unknown prontype! en Digi_2014-05.40
Unknown prontype! mycken Digi_2014-05.43
Unknown prontype! en Digi_2014-05.45
Unknown prontype! en Digi_2014-05.47
Unknown prontype! mycken Digi_2014-05.48
Unknown prontype! denna Digi_2014-05.51
Unknown prontype! en Digi_2014-05.51
Unknown prontype! en Digi_2014-05.52
Unknown prontype! vi Digi_2014-05.55
Unknown prontype! du Digi_2014-05.56
Unknown prontype! någon Arbt_Flervarsel.2
Unknown prontype! denna Arbt_Flervarsel.4
Unknown prontype! vi Arbt_Flervarsel.6
Unknown prontype! en Arbt_Flervarsel.6
Unknown prontype! vad Arbt_Flervarsel.6
Unknown prontype! vi Arbt_Flervarsel.6
Unknown prontype! en Arbt_Flervarsel.7
Unknown prontype! en Arbt_Flervarsel.7
Unknown prontype! man Arbt_Flervarsel.8
Unknown prontype! ingen Arbt_Flervarsel.8
Unknown prontype! vi Arbt_Flervarsel.8
Unknown prontype! en Arbt_Flervarsel.9
Unknown prontype! vi Arbt_Flervarsel.10
Unknown prontype! vi Arbt_Flervarsel.10
Unknown prontype! jag Arbt_Flervarsel.11
Unknown prontype! en Arbt_Flervarsel.11
Unknown prontype! en Arbt_Flervarsel.13
Unknown prontype! all Arbt_Flervarsel.13
Unknown prontype! all Arbt_Flervarsel.18
Unknown prontype! vi Arbt_Flervarsel.23
Unknown prontype! en Arbt_Flervarsel.24
Unknown prontype! någon Arbt_Flervarsel.25
Unknown prontype! en Arbt_Flervarsel.26
Unknown prontype! sig Arbt_Vardbolag.2
Unknown prontype! han Arbt_Vardbolag.4
Unknown prontype! en Arbt_Vardbolag.4
Unknown prontype! samtlig Arbt_Vardbolag.5
Unknown prontype! vi Arbt_Vardbolag.6
Unknown prontype! sig Arbt_Vardbolag.7
Unknown prontype! någon Arbt_Vardbolag.7
Unknown prontype! vilken Arbt_Vardbolag.8
Unknown prontype! denna Arbt_Vardbolag.9
Unknown prontype! jag Arbt_Vardbolag.10
Unknown prontype! en Arbt_Vardbolag.10
Unknown prontype! han Arbt_Vardbolag.11
Unknown prontype! han Arbt_Vardbolag.11
Unknown prontype! vad Arbt_Vardbolag.11
Unknown prontype! vi Arbt_Vardbolag.12
Unknown prontype! vi Arbt_Vardbolag.12
Unknown prontype! vi Arbt_Vardbolag.12
Unknown prontype! en Arbt_Vardbolag.12
Unknown prontype! du Arbt_Vardbolag.14
Unknown prontype! jag Arbt_Vardbolag.16
Unknown prontype! vi Arbt_Vardbolag.16
Unknown prontype! all Arbt_Vardbolag.16
Unknown prontype! han Arbt_Vardbolag.17
Unknown prontype! en Arbt_Vardbolag.20
Unknown prontype! en Arbt_Vardbolag.22
Unknown prontype! all Arbt_Vardbolag.23
Unknown prontype! jag Arbt_Vardbolag.23
Unknown prontype! en Arbt_Vardbolag.24
Unknown prontype! en Regr_255284.2
Unknown prontype! en Regr_255284.3
Unknown prontype! vilken Regr_255284.6
Unknown prontype! en Regr_255284.7
Unknown prontype! en Regr_255284.8
Unknown prontype! en Regr_255284.9
Unknown prontype! en Regr_255284.9
Unknown prontype! en Regr_255284.11
Unknown prontype! en Regr_255284.12
Unknown prontype! en Regr_255284.13
Unknown prontype! en Regr_255284.13
Unknown prontype! all Regr_255284.14
Unknown prontype! denna Regr_255284.18
Unknown prontype! vi Regr_255284.18
Unknown prontype! en Regr_255284.18
Unknown prontype! en Regr_255284.18
Unknown prontype! jag Regr_255284.20
Unknown prontype! en Regr_255284.20
Unknown prontype! sig Arbt_Spekulationer.3
Unknown prontype! en Arbt_Spekulationer.3
Unknown prontype! någon Arbt_Spekulationer.3
Unknown prontype! vad Arbt_Spekulationer.3
Unknown prontype! han Arbt_Spekulationer.6
Unknown prontype! han Arbt_Spekulationer.6
Unknown prontype! någon Arbt_Spekulationer.6
Unknown prontype! sig Arbt_Spekulationer.6
Unknown prontype! någon Arbt_Spekulationer.6
Unknown prontype! vi Arbt_Spekulationer.8
Unknown prontype! all Arbt_Spekulationer.9
Unknown prontype! all Arbt_Spekulationer.10
Unknown prontype! han Arbt_Spekulationer.12
Unknown prontype! mycken Arbt_Spekulationer.12
Unknown prontype! en Arbt_Spekulationer.12
Unknown prontype! en Arbt_Spekulationer.12
Unknown prontype! en Arbt_Spekulationer.12
Unknown prontype! ingen Arbt_Spekulationer.13
Unknown prontype! vad Arbt_Spekulationer.13
Unknown prontype! sig Arbt_Spekulationer.13
Unknown prontype! vad Arbt_Spekulationer.14
Unknown prontype! vi Arbt_Spekulationer.14
Unknown prontype! man Arbt_Spekulationer.14
Unknown prontype! en Arbt_Spekulationer.15
Unknown prontype! en Arbt_Spekulationer.15
Unknown prontype! han Arbt_Spekulationer.16
Unknown prontype! en Arbt_Spekulationer.16
Unknown prontype! en Arbt_Spekulationer.16
Unknown prontype! man Arbt_Spekulationer.17
Unknown prontype! en Arbt_Spekulationer.18
Unknown prontype! sig Arbt_Spekulationer.19
Unknown prontype! denna Arbt_Spekulationer.19
Unknown prontype! vi Arbt_Spekulationer.19
Unknown prontype! en Arbt_Spekulationer.19
Unknown prontype! en Arbt_Spekulationer.20
Unknown prontype! all Arbt_Spekulationer.21
Unknown prontype! någon Arbt_Rwanda.2
Unknown prontype! ingen Arbt_Rwanda.4
Unknown prontype! all Arbt_Rwanda.4
Unknown prontype! någon Arbt_Rwanda.6
Unknown prontype! en Arbt_Rwanda.6
Unknown prontype! hon Arbt_Rwanda.7
Unknown prontype! vad Arbt_Rwanda.8
Unknown prontype! en Arbt_Rwanda.9
Unknown prontype! jag Arbt_Rwanda.10
Unknown prontype! all Arbt_Rwanda.10
Unknown prontype! en Arbt_Rwanda.11
Unknown prontype! man Arbt_Rwanda.14
Unknown prontype! en Arbt_Rwanda.14
Unknown prontype! en Arbt_Rwanda.17
Unknown prontype! all Arbt_Rwanda.17
Unknown prontype! en Arbt_Rwanda.18
Unknown prontype! vi Arbt_Rwanda.19
Unknown prontype! vi Arbt_Rwanda.19
Unknown prontype! mycket Arbt_Rwanda.19
Unknown prontype! en Arbt_Rwanda.19
Unknown prontype! någon Arbt_Rwanda.20
Unknown prontype! han Arbt_Rwanda.23
Unknown prontype! någon Arbt_Rwanda.26
Unknown prontype! all Arbt_Rwanda.26
Unknown prontype! denna Regr_255175.3
Unknown prontype! en Regr_255175.3
Unknown prontype! en Regr_255175.4
Unknown prontype! vilken Regr_255175.7
Unknown prontype! en Regr_255175.8
Unknown prontype! en Regr_255175.10
Unknown prontype! en Regr_255175.13
Unknown prontype! en Regr_255175.14
Unknown prontype! en Regr_255175.14
Unknown prontype! vi Arbt_Sundsvallssyndikalister.4
Unknown prontype! vi Arbt_Sundsvallssyndikalister.4
Unknown prontype! mycken Arbt_Sundsvallssyndikalister.4
Unknown prontype! en Arbt_Sundsvallssyndikalister.4
Unknown prontype! man Arbt_Sundsvallssyndikalister.5
Unknown prontype! en Arbt_Sundsvallssyndikalister.5
Unknown prontype! jag Arbt_Sundsvallssyndikalister.5
Unknown prontype! en Arbt_Sundsvallssyndikalister.5
Unknown prontype! jag Arbt_Sundsvallssyndikalister.6
Unknown prontype! jag Arbt_Sundsvallssyndikalister.6
Unknown prontype! en Arbt_Sundsvallssyndikalister.6
Unknown prontype! jag Arbt_Sundsvallssyndikalister.6
Unknown prontype! jag Arbt_Sundsvallssyndikalister.9
Unknown prontype! jag Arbt_Sundsvallssyndikalister.9
Unknown prontype! jag Arbt_Sundsvallssyndikalister.10
Unknown prontype! någon Arbt_Sundsvallssyndikalister.12
Unknown prontype! sig Arbt_Sundsvallssyndikalister.13
Unknown prontype! vad Regr_255670.3
Unknown prontype! all Regr_255670.4
Unknown prontype! en Regr_255670.5
Unknown prontype! all Regr_255670.6
Unknown prontype! en Regr_255670.6
Unknown prontype! en Regr_255670.6
Unknown prontype! man Regr_255670.7
Unknown prontype! man Regr_255670.7
Unknown prontype! all Regr_255670.8
Unknown prontype! sin Regr_255670.8
Unknown prontype! jag Regr_255670.10
Unknown prontype! denna Regr_255670.10
Unknown prontype! en Regr_255670.10
Unknown prontype! vi Regr_255670.11
Unknown prontype! all Regr_255670.12
Unknown prontype! en Regr_255670.17
Unknown prontype! en Regr_255670.18
Unknown prontype! denna Regr_255670.19
Unknown prontype! vilken Regr_255656.5
Unknown prontype! mycket Regr_255656.5
Unknown prontype! en Regr_255656.7
Unknown prontype! en Regr_255656.11
Unknown prontype! en Regr_255656.15
Unknown prontype! en Regr_255656.15
Unknown prontype! en Arbt_Vansterpartiets.3
Unknown prontype! en Arbt_Vansterpartiets.4
Unknown prontype! en Arbt_Vansterpartiets.4
Unknown prontype! sig Arbt_Vansterpartiets.4
Unknown prontype! vilken Arbt_Vansterpartiets.4
Unknown prontype! vad Arbt_Vansterpartiets.6
Unknown prontype! han Arbt_Vansterpartiets.8
Unknown prontype! han Arbt_Vansterpartiets.8
Unknown prontype! han Arbt_Vansterpartiets.9
Unknown prontype! han Arbt_Vansterpartiets.10
Unknown prontype! han Arbt_Vansterpartiets.10
Unknown prontype! en Arbt_Vansterpartiets.11
Unknown prontype! mycken Arbt_Vansterpartiets.13
Unknown prontype! jag Arbt_Vansterpartiets.15
Unknown prontype! jag Arbt_Vansterpartiets.15
Unknown prontype! denna Arbt_Vansterpartiets.16
Unknown prontype! en Arbt_Vansterpartiets.16
Unknown prontype! denna Arbt_Vansterpartiets.18
Unknown prontype! en Arbt_Vansterpartiets.18
Unknown prontype! vad Arbt_Vansterpartiets.21
Unknown prontype! man Arbt_Vansterpartiets.21
Unknown prontype! vilken Arbt_Vansterpartiets.21
Unknown prontype! han Arbt_Vansterpartiets.21
Unknown prontype! en Arbt_Vansterpartiets.24
Unknown prontype! en Arbt_Vansterpartiets.25
Unknown prontype! en Arbt_Vansterpartiets.25
Unknown prontype! ingen Arbt_Vansterpartiets.26
Unknown prontype! all Arbt_Vansterpartiets.26
Unknown prontype! en Arbt_Vansterpartiets.26
Unknown prontype! en Arbt_Vansterpartiets.27
Unknown prontype! en Arbt_Vansterpartiets.27
Unknown prontype! en Arbt_Vansterpartiets.27
Unknown prontype! en Arbt_Vansterpartiets.28
Unknown prontype! en Arbt_Vansterpartiets.28
Unknown prontype! vad Arbt_Vansterpartiets.30
Unknown prontype! en Arbt_Vansterpartiets.31
Unknown prontype! en Arbt_Vansterpartiets.32
Unknown prontype! en Arbt_Vansterpartiets.34
Unknown prontype! vi Arbt_Vansterpartiets.35
Unknown prontype! en Arbt_Vansterpartiets.35
Unknown prontype! en Arbt_Vansterpartiets.35
Unknown prontype! en Arbt_Vansterpartiets.35
Unknown prontype! vem Arbt_Vansterpartiets.36
Unknown prontype! en Arbt_Vansterpartiets.36
Unknown prontype! vad Arbt_Vansterpartiets.36
Unknown prontype! en Arbt_Vansterpartiets.36
Unknown prontype! han Arbt_Vansterpartiets.39
Unknown prontype! all Arbt_Vansterpartiets.39
Unknown prontype! han Arbt_Vansterpartiets.41
Unknown prontype! han Arbt_Vansterpartiets.42
Unknown prontype! en Arbt_Vansterpartiets.42
Unknown prontype! vad Arbt_Vansterpartiets.43
Unknown prontype! någon Arbt_Vansterpartiets.43
Unknown prontype! han Arbt_Vansterpartiets.43
Unknown prontype! en Arbt_Vansterpartiets.44
Unknown prontype! en Arbt_Vansterpartiets.44
Unknown prontype! han Arbt_Vansterpartiets.45
Unknown prontype! en Arbt_Vansterpartiets.46
Unknown prontype! en Arbt_Vansterpartiets.47
Unknown prontype! en Arbt_Vansterpartiets.47
Unknown prontype! man Arbt_Vansterpartiets.48
Unknown prontype! en Regr_255193.2
Unknown prontype! en Regr_255193.3
Unknown prontype! en Regr_255193.5
Unknown prontype! vi Regr_255193.5
Unknown prontype! en Regr_255193.6
Unknown prontype! en Regr_255193.7
Unknown prontype! en Regr_255193.8
Unknown prontype! denna Regr_255193.8
Unknown prontype! denna Regr_255193.11
Unknown prontype! denna Regr_255193.13
Unknown prontype! en Regr_255706.2
Unknown prontype! en Regr_255706.4
Unknown prontype! en Regr_255706.5
Unknown prontype! en Regr_255706.5
Unknown prontype! en Regr_255706.6
Unknown prontype! en Regr_255706.6
Unknown prontype! en Regr_255706.10
Unknown prontype! en Regr_255706.11
Unknown prontype! en Regr_255706.19
Unknown prontype! denna Regr_255706.21
Unknown prontype! denna Regr_255706.22
Unknown prontype! denna Regr_255706.24
Unknown prontype! vi Regr_255706.27
Unknown prontype! en Digi_2014-11.2
Unknown prontype! all Digi_2014-11.2
Unknown prontype! mycken Digi_2014-11.7
Unknown prontype! en Digi_2014-11.8
Unknown prontype! en Digi_2014-11.12
Unknown prontype! en Digi_2014-11.14
Unknown prontype! en Digi_2014-11.14
Unknown prontype! någon Digi_2014-11.14
Unknown prontype! en Digi_2014-11.15
Unknown prontype! mycken Digi_2014-11.16
Unknown prontype! en Digi_2014-11.18
Unknown prontype! en Digi_2014-11.18
Unknown prontype! en Digi_2014-11.19
Unknown prontype! en Digi_2014-11.20
Unknown prontype! all Digi_2014-11.20
Unknown prontype! sig Digi_2014-11.20
Unknown prontype! man Digi_2014-11.20
Unknown prontype! du Digi_2014-11.21
Unknown prontype! vad Digi_2014-11.21
Unknown prontype! du Digi_2014-11.23
Unknown prontype! du Digi_2014-11.24
Unknown prontype! en Digi_2014-11.24
Unknown prontype! du Digi_2014-11.24
Unknown prontype! en Digi_2014-11.25
Unknown prontype! ingen Digi_2014-11.26
Unknown prontype! du Digi_2014-11.27
Unknown prontype! en Digi_2014-11.27
Unknown prontype! vi Digi_2014-11.28
Unknown prontype! någon Digi_2014-11.29
Unknown prontype! vi Digi_2014-11.30
Unknown prontype! all Digi_2014-11.31
Unknown prontype! du Digi_2014-11.32
Unknown prontype! vi Digi_2014-11.32
Unknown prontype! vi Digi_2014-11.33
Unknown prontype! en Regr_255346.4
Unknown prontype! en Regr_255346.4
Unknown prontype! vi Regr_255346.9
Unknown prontype! vi Regr_255346.9
Unknown prontype! en Regr_255346.9
Unknown prontype! vi Regr_255346.10
Unknown prontype! någon Regr_255346.12
Unknown prontype! någon Regr_255346.12
Unknown prontype! denna Regr_255346.12
Unknown prontype! vi Regr_255346.15
Unknown prontype! en Regr_255346.16
Unknown prontype! en Regr_255855.2
Unknown prontype! en Regr_255855.4
Unknown prontype! denna Regr_255855.5
Unknown prontype! en Regr_255855.6
Unknown prontype! man Regr_255855.7
Unknown prontype! en Regr_255855.8
Unknown prontype! en Regr_255855.8
Unknown prontype! en Regr_255855.12
Unknown prontype! en Regr_255855.12
Unknown prontype! en Regr_255855.12
Unknown prontype! en Regr_255855.13
Unknown prontype! vi Regr_255855.16
Unknown prontype! en Regr_255855.16
Unknown prontype! en Regr_255855.17
Unknown prontype! denna Regr_254981.2
Unknown prontype! hon Regr_254981.3
Unknown prontype! en Regr_254981.6
Unknown prontype! en Regr_254981.6
Unknown prontype! en Regr_254981.8
Unknown prontype! en Regr_254981.10
Unknown prontype! en Regr_254981.11
Unknown prontype! en Regr_254981.13
Unknown prontype! en Regr_254981.13
Unknown prontype! en Regr_254981.13
Unknown prontype! sig Regr_254981.13
Unknown prontype! vi Regr_254842.2
Unknown prontype! en Regr_254842.2
Unknown prontype! en Regr_254842.2
Unknown prontype! sig Regr_254842.3
Unknown prontype! en Regr_254842.4
Unknown prontype! denna Regr_254842.5
Unknown prontype! vi Regr_254842.5
Unknown prontype! en Regr_254842.6
Unknown prontype! en Regr_254842.7
Unknown prontype! ingen Regr_254842.9
Unknown prontype! sig Regr_254842.10
Unknown prontype! vi Regr_254842.14
Unknown prontype! en Regr_254842.14
Unknown prontype! en Regr_254842.15
Unknown prontype! han Regr_254842.17
Unknown prontype! han Regr_254842.17
Unknown prontype! en Regr_254842.18
Unknown prontype! en Regr_254842.20
Unknown prontype! en Regr_254842.20
Unknown prontype! denna Regr_254842.22
Unknown prontype! en Arbt_Smutsigvalkampanj.3
Unknown prontype! en Arbt_Smutsigvalkampanj.3
Unknown prontype! han Arbt_Smutsigvalkampanj.3
Unknown prontype! en Arbt_Smutsigvalkampanj.4
Unknown prontype! en Arbt_Smutsigvalkampanj.5
Unknown prontype! en Arbt_Smutsigvalkampanj.5
Unknown prontype! någon Arbt_Smutsigvalkampanj.8
Unknown prontype! jag Arbt_Smutsigvalkampanj.9
Unknown prontype! en Arbt_Smutsigvalkampanj.10
Unknown prontype! jag Arbt_Smutsigvalkampanj.11
Unknown prontype! en Arbt_Smutsigvalkampanj.11
Unknown prontype! hon Arbt_Smutsigvalkampanj.13
Unknown prontype! hon Arbt_Smutsigvalkampanj.13
Unknown prontype! någon Arbt_Smutsigvalkampanj.14
Unknown prontype! vilken Arbt_Smutsigvalkampanj.14
Unknown prontype! sig Arbt_Smutsigvalkampanj.14
Unknown prontype! jag Arbt_Smutsigvalkampanj.15
Unknown prontype! en Arbt_Smutsigvalkampanj.16
Unknown prontype! en Arbt_Smutsigvalkampanj.16
Unknown prontype! denna Arbt_Smutsigvalkampanj.16
Unknown prontype! en Arbt_Smutsigvalkampanj.16
Unknown prontype! en Arbt_Smutsigvalkampanj.16
Unknown prontype! en Arbt_Smutsigvalkampanj.16
Unknown prontype! en Arbt_Smutsigvalkampanj.17
Unknown prontype! jag Arbt_Smutsigvalkampanj.18
Unknown prontype! vi Arbt_Smutsigvalkampanj.18
Unknown prontype! vi Arbt_Smutsigvalkampanj.19
Unknown prontype! en Arbt_Smutsigvalkampanj.19
Unknown prontype! vi Arbt_Smutsigvalkampanj.20
Unknown prontype! vi Arbt_Smutsigvalkampanj.20
Unknown prontype! han Arbt_Smutsigvalkampanj.20
Unknown prontype! ni Arbt_Smutsigvalkampanj.21
Unknown prontype! ni Arbt_Smutsigvalkampanj.21
Unknown prontype! er Arbt_Smutsigvalkampanj.21
Unknown prontype! vem Arbt_Smutsigvalkampanj.21
Unknown prontype! vad Arbt_Smutsigvalkampanj.22
Unknown prontype! du Arbt_Smutsigvalkampanj.22
Unknown prontype! en Arbt_Smutsigvalkampanj.23
Unknown prontype! en viss Arbt_Smutsigvalkampanj.24
Unknown prontype! vi Arbt_Smutsigvalkampanj.24
Unknown prontype! jag Arbt_Smutsigvalkampanj.27
Unknown prontype! sig Arbt_Smutsigvalkampanj.27
Unknown prontype! han Arbt_Smutsigvalkampanj.27
Unknown prontype! ingen Arbt_Smutsigvalkampanj.28
Unknown prontype! sig Arbt_Smutsigvalkampanj.30
Unknown prontype! ingen Arbt_Smutsigvalkampanj.30
Unknown prontype! en Arbt_Smutsigvalkampanj.31
Unknown prontype! han Arbt_Smutsigvalkampanj.31
Unknown prontype! en Arbt_Smutsigvalkampanj.32
Unknown prontype! sig Arbt_Smutsigvalkampanj.33
Unknown prontype! en Arbt_Smutsigvalkampanj.34
Unknown prontype! man Arbt_Smutsigvalkampanj.34
Unknown prontype! en Arbt_Olagligjakt.2
Unknown prontype! vilken Arbt_Olagligjakt.4
Unknown prontype! en Arbt_Olagligjakt.5
Unknown prontype! någon Arbt_Olagligjakt.5
Unknown prontype! sig Arbt_Olagligjakt.6
Unknown prontype! han Arbt_Olagligjakt.8
Unknown prontype! en Arbt_Olagligjakt.9
Unknown prontype! han Arbt_Olagligjakt.10
Unknown prontype! denna Arbt_Olagligjakt.11
Unknown prontype! en Arbt_Olagligjakt.11
Unknown prontype! ingen Arbt_Olagligjakt.11
Unknown prontype! en Arbt_Olagligjakt.13
Unknown prontype! en Arbt_Olagligjakt.13
Unknown prontype! någon Arbt_Olagligjakt.14
Unknown prontype! en Arbt_Olagligjakt.14
Unknown prontype! en Arbt_Olagligjakt.15
Unknown prontype! man Arbt_Olagligjakt.16
Unknown prontype! sig Arbt_Olagligjakt.16
Unknown prontype! en Arbt_Olagligjakt.16
Unknown prontype! han Arbt_Olagligjakt.18
Unknown prontype! en Arbt_Olagligjakt.18
Unknown prontype! han Arbt_Olagligjakt.18
Unknown prontype! sig Arbt_Olagligjakt.19
Unknown prontype! han Arbt_Olagligjakt.20
Unknown prontype! han Arbt_Olagligjakt.21
Unknown prontype! han Arbt_Olagligjakt.21
Unknown prontype! all Arbt_Olagligjakt.22
Unknown prontype! jag Arbt_Olagligjakt.22
Unknown prontype! all Arbt_Olagligjakt.22
Unknown prontype! jag Arbt_Olagligjakt.22
Unknown prontype! jag Arbt_Olagligjakt.22
Unknown prontype! ingen Arbt_Olagligjakt.22
Unknown prontype! han Arbt_Olagligjakt.22
Unknown prontype! en Arbt_Olagligjakt.23
Unknown prontype! en Arbt_Olagligjakt.24
Unknown prontype! en Arbt_Olagligjakt.24
Unknown prontype! vilken Arbt_Olagligjakt.24
Unknown prontype! en Arbt_Olagligjakt.25
Unknown prontype! någon Arbt_Olagligjakt.26
Unknown prontype! en Arbt_Olagligjakt.27
Unknown prontype! han Arbt_Olagligjakt.28
Unknown prontype! hon Arbt_Olagligjakt.29
Unknown prontype! hon Arbt_Olagligjakt.29
Unknown prontype! en Arbt_Olagligjakt.30
Unknown prontype! vad Arbt_Olagligjakt.30
Unknown prontype! hon Arbt_Olagligjakt.30
Unknown prontype! sig Arbt_Olagligjakt.30
Unknown prontype! sig Arbt_Olagligjakt.31
Unknown prontype! sig Arbt_Olagligjakt.31
Unknown prontype! en Arbt_Olagligjakt.31
Unknown prontype! en Arbt_Iandrahand.1
Unknown prontype! en Arbt_Iandrahand.6
Unknown prontype! sig Arbt_Iandrahand.6
Unknown prontype! sig Arbt_Iandrahand.7
Unknown prontype! en Arbt_Iandrahand.9
Unknown prontype! hon Arbt_Iandrahand.10
Unknown prontype! sig Arbt_Iandrahand.10
Unknown prontype! en Arbt_Iandrahand.10
Unknown prontype! en Arbt_Iandrahand.11
Unknown prontype! hon Arbt_Iandrahand.12
Unknown prontype! denna Arbt_Iandrahand.13
Unknown prontype! en Arbt_Iandrahand.13
Unknown prontype! en Arbt_Iandrahand.13
Unknown prontype! densamma Arbt_Iandrahand.14
Unknown prontype! man Arbt_Iandrahand.14
Unknown prontype! en Arbt_Iandrahand.14
Unknown prontype! man Arbt_Iandrahand.15
Unknown prontype! en Arbt_Iandrahand.15
Unknown prontype! man Arbt_Iandrahand.15
Unknown prontype! man Arbt_Iandrahand.15
Unknown prontype! man Arbt_Iandrahand.16
Unknown prontype! sig Arbt_Iandrahand.16
Unknown prontype! all Arbt_Iandrahand.19
Unknown prontype! han Arbt_Iandrahand.20
Unknown prontype! en viss Arbt_Iandrahand.20
Unknown prontype! en Arbt_Iandrahand.20
Unknown prontype! vi Arbt_Iandrahand.21
Unknown prontype! man Arbt_Iandrahand.21
Unknown prontype! en Arbt_Iandrahand.21
Unknown prontype! vi Arbt_Iandrahand.22
Unknown prontype! man Arbt_Iandrahand.23
Unknown prontype! en Arbt_Iandrahand.24
Unknown prontype! vi Arbt_Iandrahand.24
Unknown prontype! han Arbt_Iandrahand.24
Unknown prontype! denna Arbt_Iandrahand.26
Unknown prontype! en Arbt_Iandrahand.26
Unknown prontype! ingen Arbt_Iandrahand.27
Unknown prontype! vi Arbt_Iandrahand.28
Unknown prontype! en Arbt_Iandrahand.28
Unknown prontype! vi Arbt_Iandrahand.28
Unknown prontype! vi Arbt_Iandrahand.28
Unknown prontype! en Arbt_Iandrahand.28
Unknown prontype! en Arbt_Iandrahand.29
Unknown prontype! en Arbt_Iandrahand.29
Unknown prontype! sig Arbt_Iandrahand.31
Unknown prontype! en Arbt_Iandrahand.31
Unknown prontype! någon Arbt_Iandrahand.31
Unknown prontype! all Arbt_Iandrahand.32
Unknown prontype! sig Arbt_Iandrahand.33
Unknown prontype! en Arbt_Iandrahand.34
Unknown prontype! sig Arbt_Iandrahand.34
Unknown prontype! vad Arbt_Iandrahand.34
Unknown prontype! man Arbt_Iandrahand.35
Unknown prontype! vilken Arbt_Iandrahand.37
Unknown prontype! en Arbt_Hokarangenbor.3
Unknown prontype! vad Arbt_Hokarangenbor.3
Unknown prontype! en Arbt_Hokarangenbor.3
Unknown prontype! en Arbt_Hokarangenbor.4
Unknown prontype! han Arbt_Hokarangenbor.4
Unknown prontype! vi Arbt_Hokarangenbor.5
Unknown prontype! en Arbt_Hokarangenbor.8
Unknown prontype! vi Arbt_Hokarangenbor.9
Unknown prontype! jag Arbt_Hokarangenbor.10
Unknown prontype! man Arbt_Hokarangenbor.10
Unknown prontype! vi Arbt_Hokarangenbor.12
Unknown prontype! hon Arbt_Hokarangenbor.12
Unknown prontype! en Arbt_Hokarangenbor.14
Unknown prontype! sig Arbt_Hokarangenbor.15
Unknown prontype! mycken Arbt_Hokarangenbor.15
Unknown prontype! mycken Arbt_Hokarangenbor.15
Unknown prontype! hon Arbt_Hokarangenbor.16
Unknown prontype! vi Arbt_Hokarangenbor.18
Unknown prontype! en Arbt_Hokarangenbor.18
Unknown prontype! en Arbt_Hokarangenbor.18
Unknown prontype! en Arbt_Hokarangenbor.19
Unknown prontype! vi Arbt_Hokarangenbor.21
Unknown prontype! jag Arbt_Hokarangenbor.22
Unknown prontype! man Arbt_Hokarangenbor.22
Unknown prontype! vi Arbt_Hokarangenbor.23
Unknown prontype! en Regr_255701.1
Unknown prontype! jag Regr_255701.7
Unknown prontype! en Regr_255701.7
Unknown prontype! en Regr_255701.13
Unknown prontype! vi Regr_254797.6
Unknown prontype! en Regr_254797.6
Unknown prontype! vi Regr_254797.6
Unknown prontype! vi Regr_254797.8
Unknown prontype! en Regr_254797.8
Unknown prontype! vi Regr_254797.9
Unknown prontype! en Regr_254797.9
Unknown prontype! en Regr_254797.10
Unknown prontype! en Regr_254797.10
Unknown prontype! en Regr_254797.13
Unknown prontype! en Regr_254797.14
Unknown prontype! en Regr_254797.15
Unknown prontype! en Regr_254797.15
Unknown prontype! en Regr_254797.16
Unknown prontype! en Regr_255566.2
Unknown prontype! en Regr_255566.3
Unknown prontype! en Regr_255566.5
Unknown prontype! en Regr_255566.6
Unknown prontype! en Regr_255566.7
Unknown prontype! en Regr_255566.7
Unknown prontype! en Regr_255566.8
Unknown prontype! en Regr_255566.8
Unknown prontype! en Regr_255566.8
Unknown prontype! en Regr_255566.10
Unknown prontype! någon Regr_255566.12
Unknown prontype! en Regr_255566.14
Unknown prontype! en Arbt_Barnen.2
Unknown prontype! denna Arbt_Barnen.4
Unknown prontype! all Arbt_Barnen.5
Unknown prontype! vi Arbt_Barnen.5
Unknown prontype! vi Arbt_Barnen.5
Unknown prontype! en Arbt_Barnen.5
Unknown prontype! sig Arbt_Barnen.8
Unknown prontype! denna Arbt_Barnen.9
Unknown prontype! en Arbt_Barnen.9
Unknown prontype! denna Arbt_Barnen.9
Unknown prontype! en Arbt_Barnen.11
Unknown prontype! han Arbt_Barnen.11
Unknown prontype! en Arbt_Barnen.12
Unknown prontype! en Arbt_Barnen.12
Unknown prontype! en Arbt_Barnen.14
Unknown prontype! en Arbt_Barnen.15
Unknown prontype! man Arbt_Barnen.19
Unknown prontype! vi Arbt_Barnen.19
Unknown prontype! vi Arbt_Barnen.19
Unknown prontype! en Arbt_Riskerna.2
Unknown prontype! någon Arbt_Riskerna.3
Unknown prontype! en Arbt_Riskerna.3
Unknown prontype! en Arbt_Riskerna.4
Unknown prontype! en Arbt_Riskerna.4
Unknown prontype! denna Arbt_Riskerna.4
Unknown prontype! en Arbt_Riskerna.9
Unknown prontype! han Arbt_Riskerna.9
Unknown prontype! all Arbt_Riskerna.10
Unknown prontype! vi Arbt_Riskerna.13
Unknown prontype! en Arbt_Riskerna.13
Unknown prontype! någon Arbt_Riskerna.14
Unknown prontype! han Arbt_Riskerna.14
Unknown prontype! all Arbt_Riskerna.15
Unknown prontype! en Arbt_Riskerna.15
Unknown prontype! vi Arbt_Riskerna.16
Unknown prontype! en Arbt_Riskerna.16
Unknown prontype! någon Arbt_Riskerna.16
Unknown prontype! en Arbt_Riskerna.16
Unknown prontype! han Arbt_Riskerna.17
Unknown prontype! någon Arbt_Riskerna.17
Unknown prontype! en Arbt_Riskerna.18
Unknown prontype! vad Arbt_Riskerna.18
Unknown prontype! vi Arbt_Riskerna.18
Unknown prontype! en Arbt_Riskerna.19
Unknown prontype! en Arbt_Riskerna.20
Unknown prontype! var Arbt_Riskerna.20
Unknown prontype! sig Arbt_Riskerna.20
Unknown prontype! han Arbt_Riskerna.21
Unknown prontype! han Arbt_Riskerna.22
Unknown prontype! man Arbt_Riskerna.22
Unknown prontype! en Arbt_Riskerna.22
Unknown prontype! han Arbt_Riskerna.23
Unknown prontype! vad Arbt_Riskerna.24
Unknown prontype! ingen Arbt_Riskerna.25
Unknown prontype! han Arbt_Riskerna.25
Unknown prontype! han Blog_160886-12847738.2
Unknown prontype! jag Blog_160886-12595823.1
Unknown prontype! någon Blog_160886-12595823.1
Unknown prontype! jag Blog_160886-12595823.1
Unknown prontype! en Blog_160886-12595823.2
Unknown prontype! en Blog_160886-12595823.2
Unknown prontype! all Blog_160886-12595823.2
Unknown prontype! någon Blog_160886-12595823.2
Unknown prontype! en Blog_160886-12595823.4
Unknown prontype! jag Blog_160886-12595823.6
Unknown prontype! en Blog_160886-12595823.6
Unknown prontype! vilken Blog_160886-12595823.7
Unknown prontype! jag Blog_160886-12595823.9
Unknown prontype! jag Blog_160886-12595823.9
Unknown prontype! han Blog_160886-12595823.15
Unknown prontype! en Blog_160886-12595823.15
Unknown prontype! han Blog_160886-12595823.16
Unknown prontype! jag Blog_160886-12595823.18
Unknown prontype! han Blog_160886-12595823.18
Unknown prontype! denna Blog_160886-12595823.18
Unknown prontype! han Blog_160886-12595823.18
Unknown prontype! vilken Blog_160886-12595823.18
Unknown prontype! vilken Blog_160886-12595823.19
Unknown prontype! jag Blog_160886-12595823.19
Unknown prontype! han Blog_160886-12595823.19
Unknown prontype! vilken Blog_160886-12595823.19
Unknown prontype! han Blog_160886-12595823.19
Unknown prontype! jag Blog_160886-12595823.19
Unknown prontype! någon Blog_160886-12595823.20
Unknown prontype! jag Blog_160886-12595823.20
Unknown prontype! någon Blog_160886-12595823.20
Unknown prontype! en Blog_160886-12595823.20
Unknown prontype! jag Blog_160886-12595823.20
Unknown prontype! en Blog_160886-12595823.21
Unknown prontype! vi Blog_160886-11338599.2
Unknown prontype! han Blog_160886-11338599.2
Unknown prontype! han Blog_160886-11338599.4
Unknown prontype! vilken Blog_160886-11338599.4
Unknown prontype! en Blog_160886-11338599.5
Unknown prontype! sig Blog_160886-11338599.5
Unknown prontype! en Blog_160886-11338599.5
Unknown prontype! vi Blog_160886-11338599.5
Unknown prontype! man Blog_160886-11338599.6
Unknown prontype! en Blog_160886-11338599.9
Unknown prontype! jag Blog_160886-11338599.11
Unknown prontype! vi Blog_160886-11338599.11
Unknown prontype! ni Blog_160886-11338599.13
Unknown prontype! ni Blog_160886-11338599.13
Unknown prontype! er Blog_160886-11338599.14
Unknown prontype! all Blog_160886-11338599.14
Unknown prontype! en Blog_160886-11338599.14
Unknown prontype! jag Blog_160886-11338557.1
Unknown prontype! sig Blog_160886-11338557.1
Unknown prontype! jag Blog_160886-11338557.2
Unknown prontype! denna Blog_160886-11338557.2
Unknown prontype! han Blog_160886-11338557.2
Unknown prontype! sig Blog_160886-11338557.4
Unknown prontype! en Blog_160886-11338557.5
Unknown prontype! jag Blog_160886-11338557.6
Unknown prontype! vi Blog_160886-11338557.7
Unknown prontype! han Blog_160886-11338557.7
Unknown prontype! sig Blog_160886-11338557.7
Unknown prontype! jag Blog_160886-11338557.8
Unknown prontype! jag Blog_160886-11338557.9
Unknown prontype! en Blog_160886-11338557.11
Unknown prontype! han Blog_160886-11338557.12
Unknown prontype! sig Blog_160886-11338557.12
Unknown prontype! någon Blog_160886-11338557.13
Unknown prontype! sig Blog_160886-11338557.14
Unknown prontype! er Blog_160886-11338557.17
Unknown prontype! jag Blog_160886-12591771.2
Unknown prontype! man Blog_160886-12591771.3
Unknown prontype! jag Blog_160886-12591771.4
Unknown prontype! all Blog_160886-12591771.4
Unknown prontype! en Blog_160886-12591771.4
Unknown prontype! en Blog_160886-12591771.8
Unknown prontype! en Blog_160886-12591771.10
Unknown prontype! man Blog_160886-12591771.10
Unknown prontype! jag Blog_160886-12591771.15
Unknown prontype! du Blog_160886-12591771.15
Unknown prontype! ni Blog_160886-12591771.15
Unknown prontype! jag Blog_160886-12591771.17
Unknown prontype! jag Blog_160886-11338497.2
Unknown prontype! jag Blog_160886-11338497.2
Unknown prontype! en Blog_160886-11338497.2
Unknown prontype! jag Blog_160886-11338497.2
Unknown prontype! all Blog_160886-11338497.3
Unknown prontype! en Blog_160886-11338497.3
Unknown prontype! en Blog_160886-11338497.3
Unknown prontype! denna Blog_160886-11338497.3
Unknown prontype! han Blog_160886-11338497.5
Unknown prontype! han Blog_160886-11338497.5
Unknown prontype! jag Blog_160886-11338497.5
Unknown prontype! vi Blog_160886-11338497.6
Unknown prontype! vilken Blog_160886-11338497.6
Unknown prontype! en Blog_160886-11338497.7
Unknown prontype! en Blog_160886-11338497.7
Unknown prontype! vi Blog_160886-11338497.7
Unknown prontype! en Blog_160886-11338497.7
Unknown prontype! han Blog_160886-11338497.8
Unknown prontype! vi Blog_160886-11338497.8
Unknown prontype! litet Blog_160886-11338497.8
Unknown prontype! han Blog_160886-11338497.8
Unknown prontype! han Blog_160886-11338497.9
Unknown prontype! han Blog_160886-11338497.10
Unknown prontype! jag Blog_160886-11338497.10
Unknown prontype! han Blog_160886-11338497.11
Unknown prontype! han Blog_160886-11338497.12
Unknown prontype! vi Blog_160886-11338497.12
Unknown prontype! sig Blog_160886-11338497.17
Unknown prontype! hon Blog_160886-11338497.18
Unknown prontype! han Blog_160886-11338497.20
Unknown prontype! en Blog_160886-11338497.20
Unknown prontype! han Blog_160886-11338497.21
Unknown prontype! en Blog_160886-11338497.21
Unknown prontype! jag Blog_160886-11338497.22
Unknown prontype! man Blog_160886-11338497.22
Unknown prontype! er Blog_160886-11338497.23
Unknown prontype! någon Blog_188519-17383062.1
Unknown prontype! jag Blog_188519-17383062.1
Unknown prontype! en Blog_188519-17383062.2
Unknown prontype! hon Blog_188519-17383062.2
Unknown prontype! jag Blog_188519-17383062.2
Unknown prontype! jag Blog_188519-17383062.3
Unknown prontype! jag Blog_188519-17383062.3
Unknown prontype! jag Blog_188519-17383062.4
Unknown prontype! ingen Blog_188519-17383062.5
Unknown prontype! jag Blog_188519-17383062.6
Unknown prontype! jag Blog_188519-17383062.8
Unknown prontype! en Blog_188519-17383062.8
Unknown prontype! mycken Blog_188519-17383062.8
Unknown prontype! jag Blog_188519-17383062.8
Unknown prontype! en Blog_188519-17383062.8
Unknown prontype! jag Blog_188519-17383062.9
Unknown prontype! en Blog_188519-17383062.9
Unknown prontype! en Blog_188519-17383062.10
Unknown prontype! ni Blog_188519-17383062.11
Unknown prontype! någon Blog_188519-17383062.13
Unknown prontype! jag Blog_188519-17383062.13
Unknown prontype! någon Blog_188519-17383062.13
Unknown prontype! ni Blog_188519-17383062.14
Unknown prontype! en Blog_188519-17383062.14
Unknown prontype! er Blog_188519-17383062.15
Unknown prontype! varandra Blog_188519-17383062.15
Unknown prontype! jag Blog_188519-10179826.1
Unknown prontype! jag Blog_188519-10179826.2
Unknown prontype! min Blog_188519-10179826.2
Unknown prontype! jag Blog_188519-10179826.3
Unknown prontype! sig Blog_188519-10179826.3
Unknown prontype! jag Blog_188519-10179826.4
Unknown prontype! en Blog_188519-10179826.4
Unknown prontype! jag Blog_188519-10179826.5
Unknown prontype! båda Blog_188519-10179826.5
Unknown prontype! jag Blog_188519-10179826.6
Unknown prontype! vi Blog_188519-10179826.6
Unknown prontype! mycket Blog_188519-10179826.6
Unknown prontype! vi Blog_188519-10179826.6
Unknown prontype! en Blog_188519-10179826.6
Unknown prontype! jag Blog_188519-10179826.7
Unknown prontype! ingen Blog_188519-10179826.7
Unknown prontype! vi Blog_188519-10179826.8
Unknown prontype! han Blog_188519-10179826.9
Unknown prontype! han Blog_188519-10179826.9
Unknown prontype! han Blog_188519-10179826.9
Unknown prontype! jag Blog_188519-10179826.9
Unknown prontype! han Blog_188519-10179826.9
Unknown prontype! jag Blog_188519-10179826.9
Unknown prontype! vi Blog_188519-10179826.10
Unknown prontype! sig Blog_188519-10179826.10
Unknown prontype! vi Blog_188519-10179826.11
Unknown prontype! vi Blog_188519-10179826.11
Unknown prontype! vi Blog_188519-10179826.11
Unknown prontype! en Blog_188519-10179826.13
Unknown prontype! han Blog_188519-10179826.13
Unknown prontype! en Blog_188519-10179826.14
Unknown prontype! vi Blog_188519-10179826.14
Unknown prontype! han Blog_188519-10179826.15
Unknown prontype! vi Blog_188519-10179826.15
Unknown prontype! vi Blog_188519-10179826.16
Unknown prontype! vi Blog_188519-10179826.16
Unknown prontype! han Blog_188519-10179826.17
Unknown prontype! jag Blog_188519-10179826.17
Unknown prontype! han Blog_188519-10179826.17
Unknown prontype! man Blog_188519-10179826.17
Unknown prontype! du Blog_188519-10179826.17
Unknown prontype! man Blog_188519-10179826.17
Unknown prontype! varenda Blog_188519-10179826.17
Unknown prontype! du Blog_188519-10179826.17
Unknown prontype! han Blog_188519-10179826.18
Unknown prontype! vi Blog_188519-10179826.18
Unknown prontype! jag Blog_188519-10179826.19
Unknown prontype! han Blog_188519-10179826.19
Unknown prontype! han Blog_188519-10179826.19
Unknown prontype! han Blog_188519-10179826.19
Unknown prontype! jag Blog_188519-10179826.19
Unknown prontype! han Blog_188519-10179826.19
Unknown prontype! jag Blog_188519-10179826.19
Unknown prontype! man Blog_188519-10179826.19
Unknown prontype! man Blog_188519-10179826.19
Unknown prontype! man Blog_188519-10179826.19
Unknown prontype! vad Blog_188519-10179826.20
Unknown prontype! vilken Blog_188519-10179826.20
Unknown prontype! vilken Blog_188519-10179826.20
Unknown prontype! du Blog_188519-10179826.21
Unknown prontype! vi Blog_188519-10179826.22
Unknown prontype! vi Blog_188519-10179826.22
Unknown prontype! vi Blog_188519-10179826.23
Unknown prontype! han Blog_188519-10179826.23
Unknown prontype! någon Blog_188519-10179826.23
Unknown prontype! han Blog_188519-10179826.23
Unknown prontype! vi Blog_188519-10179826.25
Unknown prontype! vi Blog_188519-10179826.26
Unknown prontype! vi Blog_188519-10179826.27
Unknown prontype! jag Blog_188519-10179826.27
Unknown prontype! vi Blog_188519-10179826.27
Unknown prontype! jag Blog_188519-10179826.27
Unknown prontype! jag Blog_188519-10179826.27
Unknown prontype! denna Blog_188519-10179826.27
Unknown prontype! jag Blog_188519-10179826.28
Unknown prontype! jag Blog_188519-10179826.28
Unknown prontype! denna Blog_188519-10179826.28
Unknown prontype! vi Blog_188519-10179826.29
Unknown prontype! en Blog_188519-10179826.29
Unknown prontype! jag Blog_188519-10179826.29
Unknown prontype! hon Blog_188519-10179826.29
Unknown prontype! jag Blog_188519-10179826.29
Unknown prontype! jag Blog_188519-10179826.30
Unknown prontype! hon Blog_188519-10179826.30
Unknown prontype! hon Blog_188519-10179826.30
Unknown prontype! jag Blog_188519-10179826.30
Unknown prontype! hon Blog_188519-10179826.31
Unknown prontype! vem Blog_188519-10179826.31
Unknown prontype! jag Blog_188519-10179826.32
Unknown prontype! jag Blog_188519-10179826.32
Unknown prontype! ingen Blog_188519-10179826.33
Unknown prontype! någon Blog_188519-10179826.33
Unknown prontype! jag Blog_188519-10179826.34
Unknown prontype! en Blog_188519-10179826.34
Unknown prontype! en Blog_188519-10179826.34
Unknown prontype! jag Blog_188519-10179826.35
Unknown prontype! han Blog_188519-10179826.35
Unknown prontype! jag Blog_188519-10179826.36
Unknown prontype! någon Blog_188519-10179826.36
Unknown prontype! jag Blog_188519-10179826.37
Unknown prontype! jag Blog_188519-10179826.37
Unknown prontype! jag Blog_188519-10179826.37
Unknown prontype! vi Blog_188519-10179826.38
Unknown prontype! en Blog_188519-10179826.38
Unknown prontype! jag Blog_188519-10179826.38
Unknown prontype! han Blog_188519-10179826.38
Unknown prontype! jag Blog_188519-10179826.39
Unknown prontype! han Blog_188519-10179826.39
Unknown prontype! han Blog_188519-10179826.39
Unknown prontype! han Blog_188519-10179826.40
Unknown prontype! han Blog_188519-10179826.40
Unknown prontype! någon Blog_188519-10179826.40
Unknown prontype! ni Blog_188519-10179826.41
Unknown prontype! han Blog_188519-10179826.41
Unknown prontype! han Blog_188519-10179826.41
Unknown prontype! ni Blog_188519-10179826.42
Unknown prontype! jag Blog_188519-10179826.43
Unknown prontype! sig Blog_188519-10179826.43
Unknown prontype! jag Blog_188519-10179826.44
Unknown prontype! jag Blog_188519-10179826.44
Unknown prontype! jag Blog_188519-10179826.45
Unknown prontype! jag Blog_188519-10179826.45
Unknown prontype! jag Blog_188519-10179826.45
Unknown prontype! jag Blog_188519-10179826.46
Unknown prontype! vi Blog_188519-10179826.46
Unknown prontype! han Blog_188519-10179826.47
Unknown prontype! jag Blog_188519-10179826.47
Unknown prontype! en Blog_188519-10179826.47
Unknown prontype! jag Blog_188519-10179826.47
Unknown prontype! en Blog_188519-10179826.47
Unknown prontype! jag Blog_188519-10179826.47
Unknown prontype! han Blog_188519-10179826.48
Unknown prontype! en Blog_188519-10179826.48
Unknown prontype! ni Blog_188519-10179826.49
Unknown prontype! vad Blog_188519-10179826.49
Unknown prontype! sig Blog_188519-10179826.50
Unknown prontype! en Blog_188519-10179826.50
Unknown prontype! jag Blog_188519-10179826.51
Unknown prontype! han Blog_188519-10179826.51
Unknown prontype! en Blog_188519-10179826.51
Unknown prontype! jag Blog_188519-10179826.52
Unknown prontype! han Blog_188519-10179826.52
Unknown prontype! jag Blog_188519-10179826.53
Unknown prontype! han Blog_188519-10179826.53
Unknown prontype! man Blog_188519-10179826.54
Unknown prontype! denna Blog_188519-10179826.54
Unknown prontype! jag Blog_188519-10179826.55
Unknown prontype! han Blog_188519-10179826.55
Unknown prontype! vi Blog_188519-10179826.55
Unknown prontype! han Blog_188519-10179826.55
Unknown prontype! vi Blog_188519-10179826.56
Unknown prontype! jag Blog_188519-10179826.56
Unknown prontype! sin Blog_188519-10179826.56
Unknown prontype! all Blog_188519-10179826.57
Unknown prontype! denna Blog_188519-10179826.57
Unknown prontype! en Blog_188519-10179826.57
Unknown prontype! jag Blog_188519-10179826.58
Unknown prontype! jag Blog_188519-10179826.58
Unknown prontype! en Blog_188519-10179826.58
Unknown prontype! jag Blog_188519-10179826.58
Unknown prontype! någon Blog_188519-10179826.58
Unknown prontype! jag Blog_188519-10179826.59
Unknown prontype! en Blog_188519-10179826.59
Unknown prontype! jag Blog_188519-10179826.60
Unknown prontype! någon Blog_188519-10179826.60
Unknown prontype! en Blog_188519-10179826.61
Unknown prontype! allesammans Blog_188519-10179826.61
Unknown prontype! jag Blog_188519-10542620.1
Unknown prontype! någon Blog_188519-10542620.1
Unknown prontype! jag Blog_188519-10542620.1
Unknown prontype! jag Blog_188519-10542620.1
Unknown prontype! vi Blog_188519-10542620.1
Unknown prontype! vi Blog_188519-10542620.1
Unknown prontype! en Blog_188519-10542620.1
Unknown prontype! jag Blog_188519-10542620.3
Unknown prontype! jag Blog_188519-10542620.3
Unknown prontype! jag Blog_188519-10542620.3
Unknown prontype! jag Blog_188519-10542620.3
Unknown prontype! vi Blog_188519-10542620.4
Unknown prontype! vi Blog_188519-10542620.4
Unknown prontype! vi Blog_188519-10542620.4
Unknown prontype! all Blog_188519-10542620.4
Unknown prontype! all Blog_188519-10542620.4
Unknown prontype! jag Blog_188519-10542620.6
Unknown prontype! jag Blog_188519-10542620.6
Unknown prontype! jag Blog_188519-10542620.7
Unknown prontype! en Blog_188519-10542620.7
Unknown prontype! jag Blog_188519-10542620.7
Unknown prontype! jag Blog_188519-10542620.7
Unknown prontype! jag Blog_188519-10542620.8
Unknown prontype! jag Blog_188519-10542620.9
Unknown prontype! jag Blog_188519-10542620.9
Unknown prontype! en Blog_188519-10542620.10
Unknown prontype! han Blog_188519-10542620.10
Unknown prontype! ingen Blog_188519-10542620.10
Unknown prontype! han Blog_188519-10542620.10
Unknown prontype! han Blog_188519-10542620.10
Unknown prontype! jag Blog_188519-10542620.11
Unknown prontype! han Blog_188519-10542620.11
Unknown prontype! han Blog_188519-10542620.11
Unknown prontype! han Blog_188519-10542620.11
Unknown prontype! jag Blog_188519-10542620.11
Unknown prontype! han Blog_188519-10542620.11
Unknown prontype! någon Blog_188519-10542620.11
Unknown prontype! en Blog_188519-10542620.11
Unknown prontype! en Blog_188519-10542620.12
Unknown prontype! någon Blog_188519-10542620.12
Unknown prontype! han Blog_188519-10542620.12
Unknown prontype! jag Blog_188519-10542620.13
Unknown prontype! jag Blog_188519-10542620.13
Unknown prontype! denna Blog_188519-10542620.13
Unknown prontype! hon Blog_188519-10542620.13
Unknown prontype! han Blog_188519-10542620.13
Unknown prontype! hon Blog_188519-10542620.14
Unknown prontype! denna Blog_188519-10542620.14
Unknown prontype! en Blog_188519-10542620.15
Unknown prontype! jag Blog_188519-10542620.15
Unknown prontype! jag Blog_188519-10542620.15
Unknown prontype! jag Blog_188519-10542620.15
Unknown prontype! jag Blog_188519-10542620.15
Unknown prontype! någon Blog_188519-10542620.15
Unknown prontype! jag Blog_188519-10542620.16
Unknown prontype! en Blog_188519-10542620.16
Unknown prontype! jag Blog_188519-10542620.16
Unknown prontype! jag Blog_188519-10542620.17
Unknown prontype! han Blog_188519-10542620.18
Unknown prontype! jag Blog_188519-10542620.18
Unknown prontype! han Blog_188519-10542620.18
Unknown prontype! jag Blog_188519-10542620.19
Unknown prontype! han Blog_188519-10542620.19
Unknown prontype! han Blog_188519-10542620.19
Unknown prontype! jag Blog_188519-10542620.19
Unknown prontype! han Blog_188519-10542620.19
Unknown prontype! han Blog_188519-10542620.20
Unknown prontype! en Blog_188519-10542620.20
Unknown prontype! han Blog_188519-10542620.20
Unknown prontype! jag Blog_188519-10542620.20
Unknown prontype! vad Blog_188519-10542620.20
Unknown prontype! jag Blog_188519-10542620.21
Unknown prontype! han Blog_188519-10542620.21
Unknown prontype! man Blog_188519-10542620.21
Unknown prontype! en Blog_188519-10542620.21
Unknown prontype! han Blog_188519-10542620.21
Unknown prontype! jag Blog_188519-10542620.22
Unknown prontype! han Blog_188519-10542620.22
Unknown prontype! vad Blog_188519-10542620.22
Unknown prontype! all Blog_188519-10542620.23
Unknown prontype! han Blog_188519-10542620.23
Unknown prontype! jag Blog_188519-10542620.23
Unknown prontype! han Blog_188519-10542620.23
Unknown prontype! jag Blog_188519-10542620.23
Unknown prontype! jag Blog_188519-10542620.24
Unknown prontype! jag Blog_188519-10542620.24
Unknown prontype! han Blog_188519-10542620.24
Unknown prontype! vilken Blog_188519-10542620.24
Unknown prontype! han Blog_188519-10542620.24
Unknown prontype! han Blog_188519-10542620.25
Unknown prontype! sig Blog_188519-10542620.25
Unknown prontype! jag Blog_188519-10542620.26
Unknown prontype! han Blog_188519-10542620.26
Unknown prontype! du Blog_188519-10542620.27
Unknown prontype! all Blog_188519-10542620.27
Unknown prontype! han Blog_188519-10542620.29
Unknown prontype! jag Blog_188519-10542620.30
Unknown prontype! jag Blog_188519-10542620.31
Unknown prontype! jag Blog_188519-10542620.31
Unknown prontype! jag Blog_188519-10542620.31
Unknown prontype! jag Blog_188519-10542620.31
Unknown prontype! han Blog_188519-10542620.31
Unknown prontype! han Blog_188519-10542620.31
Unknown prontype! jag Blog_188519-10542620.32
Unknown prontype! han Blog_188519-10542620.32
Unknown prontype! jag Blog_188519-10542620.34
Unknown prontype! jag Blog_188519-10542620.34
Unknown prontype! han Blog_188519-10542620.34
Unknown prontype! jag Blog_188519-10542620.34
Unknown prontype! jag Blog_188519-10542620.35
Unknown prontype! jag Blog_188519-10542620.36
Unknown prontype! jag Blog_188519-10542620.36
Unknown prontype! jag Blog_188519-10542620.36
Unknown prontype! jag Blog_188519-10542620.37
Unknown prontype! jag Blog_188519-10542620.38
Unknown prontype! jag Blog_188519-10542620.38
Unknown prontype! litet Blog_188519-10542620.38
Unknown prontype! jag Blog_188519-10542620.38
Unknown prontype! jag Blog_188519-10542620.39
Unknown prontype! denna Blog_188519-10542620.40
Unknown prontype! en Blog_188519-10542620.40
Unknown prontype! jag Blog_188519-10542620.41
Unknown prontype! jag Blog_188519-10542620.41
Unknown prontype! jag Blog_188519-10542620.41
Unknown prontype! jag Blog_188519-10542620.42
Unknown prontype! jag Blog_188519-10542620.43
Unknown prontype! jag Blog_188519-10542620.45
Unknown prontype! all Blog_188519-10542620.45
Unknown prontype! jag Blog_188519-10542620.45
Unknown prontype! jag Blog_188519-10542620.46
Unknown prontype! vad Blog_188519-10542620.46
Unknown prontype! jag Blog_188519-10542620.46
Unknown prontype! jag Blog_188519-10542620.46
Unknown prontype! jag Blog_188519-10542620.47
Unknown prontype! en Blog_188519-10542620.48
Unknown prontype! er Blog_188519-10542620.49
Unknown prontype! varandra Blog_188519-10542620.49
Unknown prontype! man Blog_13263-144355.1
Unknown prontype! jag Blog_13263-144355.2
Unknown prontype! jag Blog_13263-144355.2
Unknown prontype! en Blog_13263-144355.2
Unknown prontype! en Blog_13263-144355.3
Unknown prontype! man Blog_13263-144355.3
Unknown prontype! en Blog_13263-144355.3
Unknown prontype! en Blog_13263-144355.3
Unknown prontype! jag Blog_13263-144355.4
Unknown prontype! mycket Blog_13263-144355.4
Unknown prontype! jag Blog_13263-999427.1
Unknown prontype! en Blog_13263-999427.2
Unknown prontype! jag Blog_13263-999427.3
Unknown prontype! jag Blog_13263-999427.3
Unknown prontype! en Blog_13263-999427.3
Unknown prontype! en Blog_13263-999427.4
Unknown prontype! någon Blog_13263-999427.5
Unknown prontype! jag Blog_13263-999427.5
Unknown prontype! någon Blog_13263-999427.5
Unknown prontype! jag Blog_13263-999427.8
Unknown prontype! vad Blog_13263-1168055.1
Unknown prontype! jag Blog_13263-1168055.5
Unknown prontype! jag Blog_13263-1168055.5
Unknown prontype! jag Blog_13263-1168055.6
Unknown prontype! jag Blog_13263-1168055.6
Unknown prontype! jag Blog_13263-754135.1
Unknown prontype! jag Blog_13263-754135.2
Unknown prontype! all Blog_13263-754135.2
Unknown prontype! jag Blog_13263-754135.2
Unknown prontype! en Blog_13263-754135.3
Unknown prontype! jag Blog_13263-754135.4
Unknown prontype! ingen Blog_13263-754135.4
Unknown prontype! du Blog_13263-754135.5
Unknown prontype! jag Blog_13263-48997.1
Unknown prontype! en Blog_13263-48997.1
Unknown prontype! jag Blog_13263-48997.3
Unknown prontype! jag Blog_13263-48997.5
Unknown prontype! jag Blog_13263-48997.5
Unknown prontype! jag Blog_13263-48997.7
Unknown prontype! någon Blog_13263-48997.7
Unknown prontype! jag Blog_13263-48997.8
Unknown prontype! en Blog_13263-1010926.1
Unknown prontype! en Blog_13263-1010926.1
Unknown prontype! denna Blog_13263-1010926.4
Unknown prontype! hon Blog_13263-1010926.5
Unknown prontype! hon Blog_13263-1010926.6
Unknown prontype! vi Blog_13263-698155.2
Unknown prontype! vi Blog_13263-698155.3
Unknown prontype! vi Blog_13263-255637.1
Unknown prontype! vi Blog_13263-255637.1
Unknown prontype! en Blog_13263-255637.1
Unknown prontype! all Blog_13263-255637.1
Unknown prontype! ingenting Blog_13263-255637.1
Unknown prontype! en Blog_13263-255637.2
Unknown prontype! en Blog_13263-255637.2
Unknown prontype! sig Blog_13263-255637.3
Unknown prontype! jag Blog_13263-637462.1
Unknown prontype! jag Blog_13263-637462.1
Unknown prontype! jag Blog_13263-637462.2
Unknown prontype! sig Blog_13263-637462.3
Unknown prontype! en Blog_13263-637462.4
Unknown prontype! jag Blog_13263-862913.1
Unknown prontype! all Blog_13263-862913.3
Unknown prontype! jag Blog_13263-953043.1
Unknown prontype! en Blog_13263-953043.1
Unknown prontype! en Blog_13263-953043.1
Unknown prontype! jag Blog_13263-953043.2
Unknown prontype! vilken Blog_13263-953043.2
Unknown prontype! mycket Blog_13263-953043.2
Unknown prontype! all Blog_13263-953043.2
Unknown prontype! en Blog_13263-1026657.1
Unknown prontype! jag Blog_13263-1026657.2
Unknown prontype! jag Blog_13263-1026657.3
Unknown prontype! jag Blog_13263-1026657.4
Unknown prontype! en Blog_13263-1026657.4
Unknown prontype! jag Blog_13263-702563.1
Unknown prontype! all Blog_13263-702563.2
Unknown prontype! en Blog_13263-702563.3
Unknown prontype! sig Blog_13263-702563.3
Unknown prontype! mycken Blog_13263-702563.3
Unknown prontype! ingenting Blog_13263-702563.3
Unknown prontype! någon Blog_13263-702563.4
Unknown prontype! jag Blog_13263-120430.2
Unknown prontype! vad Blog_13263-120430.3
Unknown prontype! jag Blog_13263-120430.5
Unknown prontype! en Blog_13263-120430.5
Unknown prontype! en Blog_13263-120430.5
Unknown prontype! jag Blog_13263-120430.6
Unknown prontype! jag Blog_13263-120430.6
Unknown prontype! en Blog_13263-120430.6
Unknown prontype! jag Blog_13263-120430.6
Unknown prontype! jag Blog_13263-701227.1
Unknown prontype! en Blog_13263-701227.1
Unknown prontype! jag Blog_13263-213331.1
Unknown prontype! jag Blog_13263-213331.1
Unknown prontype! en Blog_13263-213331.1
Unknown prontype! vem Blog_13263-213331.2
Unknown prontype! en Blog_13263-213331.2
Unknown prontype! jag Blog_13263-213331.3
Unknown prontype! jag Blog_13263-840567.1
Unknown prontype! en Blog_13263-840567.1
Unknown prontype! någonting Blog_13263-840567.2
Unknown prontype! jag Blog_13263-840567.3
Unknown prontype! jag Blog_13263-840567.3
Unknown prontype! jag Blog_13263-85629.1
Unknown prontype! en Blog_13263-85629.2
Unknown prontype! jag Blog_13263-85629.3
Unknown prontype! en Blog_13263-85629.3
Unknown prontype! någon Blog_13263-85629.3
Unknown prontype! man Blog_13263-85629.3
Unknown prontype! någon Blog_13263-85629.3
Unknown prontype! man Blog_13263-85629.3
Unknown prontype! sig Blog_13263-85629.3
Unknown prontype! en Blog_13263-85629.3
Unknown prontype! jag Blog_13263-1049139.1
Unknown prontype! en Blog_13263-1049139.1
Unknown prontype! jag Blog_13263-1049139.1
Unknown prontype! du Blog_13263-1049139.1
Unknown prontype! någonting Blog_13263-1049139.1
Unknown prontype! sig Blog_13263-813010.2
Unknown prontype! jag Blog_13263-813010.3
Unknown prontype! jag Blog_13263-691527.1
Unknown prontype! jag Blog_13263-691527.1
Unknown prontype! man Blog_13263-691527.2
Unknown prontype! jag Blog_13263-691527.3
Unknown prontype! en Blog_13263-1138688.1
Unknown prontype! mycken Blog_13263-1138688.2
Unknown prontype! mycket Blog_13263-1138688.3
Unknown prontype! jag Blog_13263-728008.1
Unknown prontype! en Blog_13263-728008.1
Unknown prontype! jag Blog_13263-728008.1
Unknown prontype! en Blog_13263-728008.1
Unknown prontype! jag Blog_13263-728008.2
Unknown prontype! jag Blog_13263-728008.2
Unknown prontype! jag Blog_13263-728008.3
Unknown prontype! jag Blog_13263-728008.3
Unknown prontype! litet Blog_13263-728008.3
Unknown prontype! en Blog_13263-728008.3
Unknown prontype! en Blog_13263-596973.1
Unknown prontype! man Blog_13263-596973.1
Unknown prontype! en Blog_13263-596973.1
Unknown prontype! en Blog_13263-596973.1
Unknown prontype! en Blog_13263-1087147.3
Unknown prontype! en Blog_13263-1087147.3
Unknown prontype! sig Blog_13263-1087147.3
Unknown prontype! en Blog_13263-236413.1
Unknown prontype! jag Blog_13263-475641.1
Unknown prontype! en Blog_13263-475641.3
Unknown prontype! jag Blog_13263-475641.5
Unknown prontype! jag Blog_13263-475641.5
Unknown prontype! jag Blog_13263-475641.6
Unknown prontype! en Blog_13263-475641.6
Unknown prontype! en Blog_13263-475641.8
Unknown prontype! en Blog_13263-475641.9
Unknown prontype! man Blog_13263-313966.1
Unknown prontype! jag Blog_13263-1109574.1
Unknown prontype! jag Blog_13263-1109574.1
Unknown prontype! man Blog_13263-1109574.2
Unknown prontype! någon Blog_13263-1109574.2
Unknown prontype! jag Blog_13263-1109574.3
Unknown prontype! han Blog_13263-1109574.3
Unknown prontype! jag Blog_13263-1109574.4
Unknown prontype! vilken Blog_13263-1109574.4
Unknown prontype! jag Blog_13263-1109574.4
Unknown prontype! jag Blog_13263-1109574.5
Unknown prontype! jag Blog_13263-1065775.1
Unknown prontype! sig Blog_13263-1065775.1
Unknown prontype! jag Blog_13263-1065775.2
Unknown prontype! jag Blog_13263-1065775.4
Unknown prontype! jag Blog_13263-24167.1
Unknown prontype! jag Blog_13263-24167.2
Unknown prontype! jag Blog_13263-24167.2
Unknown prontype! jag Blog_13263-24167.2
Unknown prontype! en Blog_13263-24167.2
Unknown prontype! jag Blog_13263-24167.3
Unknown prontype! en Blog_13263-24167.3
Unknown prontype! en Blog_13263-513530.1
Unknown prontype! mycken Blog_13263-513530.1
Unknown prontype! jag Blog_13263-513530.1
Unknown prontype! jag Blog_13263-513530.1
Unknown prontype! jag Blog_13263-513530.2
Unknown prontype! jag Blog_13263-513530.3
Unknown prontype! jag Blog_13263-513530.4
Unknown prontype! en Blog_13263-513530.4
Unknown prontype! jag Blog_13263-839146.1
Unknown prontype! en Blog_13263-839146.1
Unknown prontype! en Blog_13263-839146.2
Unknown prontype! jag Blog_13263-839146.2
Unknown prontype! jag Blog_13263-839146.3
Unknown prontype! en Blog_13263-839146.3
Unknown prontype! vad Blog_13263-791534.1
Unknown prontype! någon Blog_13263-791534.2
Unknown prontype! en Blog_13263-1216693.1
Unknown prontype! någon Blog_13263-1216693.2
Unknown prontype! en Blog_13263-1216693.2
Unknown prontype! en Blog_13263-1216693.2
Unknown prontype! vilken Blog_13263-1216693.2
Unknown prontype! jag Blog_13263-1216693.2
Unknown prontype! en Blog_13263-1216693.2
Unknown prontype! jag Blog_13263-1248639.1
Unknown prontype! en Blog_13263-1248639.2
Unknown prontype! jag Blog_13263-1248639.2
Unknown prontype! jag Blog_13263-898127.4
Unknown prontype! jag Blog_13263-295210.2
Unknown prontype! jag Blog_13263-295210.2
Unknown prontype! jag Blog_13263-295210.2
Unknown prontype! jag Blog_12325-1398819.1
Unknown prontype! man Blog_12325-1398819.3
Unknown prontype! man Blog_12325-1398819.3
Unknown prontype! denna Blog_12325-1398819.4
Unknown prontype! sig Blog_12325-1398819.5
Unknown prontype! jag Blog_12325-1398819.6
Unknown prontype! en Blog_12325-1398819.7
Unknown prontype! en Blog_12325-1398819.10
Unknown prontype! all Blog_12325-1398819.12
Unknown prontype! en Blog_12325-1398819.12
Unknown prontype! jag Blog_12325-1398819.14
Unknown prontype! han Blog_12325-1398819.14
Unknown prontype! någon Blog_12325-1398819.14
Unknown prontype! jag Blog_12325-1398819.15
Unknown prontype! jag Blog_12325-1398819.16
Unknown prontype! jag Blog_12325-1398819.16
Unknown prontype! jag Blog_12325-1398819.16
Unknown prontype! en Blog_12325-1398819.16
Unknown prontype! en Blog_12325-1398819.17
Unknown prontype! jag Blog_12325-1398819.18
Unknown prontype! någon Blog_12325-1398819.18
Unknown prontype! sig Blog_12325-1398819.18
Unknown prontype! litet Blog_12325-1398819.18
Unknown prontype! en Blog_12325-1398819.21
Unknown prontype! man Blog_12325-1398819.23
Unknown prontype! jag Blog_12325-1398819.23
Unknown prontype! mycken Blog_12325-1398819.23
Unknown prontype! en Blog_12325-1398819.23
Unknown prontype! han Blog_12325-1398819.30
Unknown prontype! man Blog_12325-1398819.31
Unknown prontype! man Blog_12325-1398819.31
Unknown prontype! ni Blog_12325-1398819.31a
Unknown prontype! vi Blog_12325-1398819.31b
Unknown prontype! varannan Blog_12325-1398819.31b
Unknown prontype! jag Blog_12325-2172538.5
Unknown prontype! han Blog_12325-2172538.8
Unknown prontype! han Blog_12325-2172538.9
Unknown prontype! han Blog_12325-2172538.9
Unknown prontype! mycken Blog_12325-2172538.10
Unknown prontype! vilken Blog_12325-1621221.1
Unknown prontype! jag Blog_12325-1621221.1
Unknown prontype! denna Blog_12325-1621221.1a
Unknown prontype! en Blog_12325-1621221.1a
Unknown prontype! jag Blog_12325-1621221.1a
Unknown prontype! denna Blog_12325-1621221.1b
Unknown prontype! jag Blog_12325-1621221.1b
Unknown prontype! jag Blog_12325-1621221.1b
Unknown prontype! mycken Blog_12325-1621221.1b
Unknown prontype! jag Blog_12325-1621221.1b
Unknown prontype! jag Blog_12325-1621221.1c
Unknown prontype! en Blog_12325-1621221.3
Unknown prontype! en Blog_12325-1621221.3a
Unknown prontype! jag Blog_12325-1621221.3a
Unknown prontype! vilken Blog_12325-1621221.3a
Unknown prontype! jag Blog_12325-1621221.3a
Unknown prontype! all Blog_12325-1621221.4
Unknown prontype! all Blog_12325-1621221.4
Unknown prontype! en Blog_12325-1621221.4
Unknown prontype! all Blog_12325-1621221.4
Unknown prontype! en Blog_12325-1621221.4b
Unknown prontype! man Blog_12325-1621221.4b
Unknown prontype! man Blog_12325-1621221.4b
Unknown prontype! denna Blog_12325-1621221.5
Unknown prontype! en Blog_12325-1621221.5
Unknown prontype! du Blog_12325-1621221.6
Unknown prontype! jag Blog_12325-2413172.3
Unknown prontype! jag Blog_12325-2413172.3
Unknown prontype! jag Blog_12325-2413172.4
Unknown prontype! all Blog_12325-2413172.4
Unknown prontype! en Blog_12325-2413172.4
Unknown prontype! vi Blog_12325-2413172.4
Unknown prontype! en Blog_12325-2413172.4
Unknown prontype! jag Blog_12325-2413172.7
Unknown prontype! all Blog_12325-2413172.7
Unknown prontype! sig Blog_12325-2413172.8
Unknown prontype! sig Blog_12325-2413172.9
Unknown prontype! jag Blog_12325-2413172.11
Unknown prontype! en Blog_12325-2413172.11
Unknown prontype! litet Blog_12325-2413172.12
Unknown prontype! jag Blog_12325-2413172.13
Unknown prontype! en Blog_12325-2413172.13
Unknown prontype! en Blog_12325-2413172.13
Unknown prontype! en Blog_12325-2413172.13
Unknown prontype! jag Blog_12325-2413172.13
Unknown prontype! en Blog_12325-2413172.13
Unknown prontype! en Blog_12325-2413172.18
Unknown prontype! du Blog_12325-2413172.19
Unknown prontype! du Blog_12325-2413172.20
Unknown prontype! någon Blog_12325-2413172.20
Unknown prontype! vi Blog_12325-2413172.21
Unknown prontype! jag Blog_12325-2413172.22
Unknown prontype! en Blog_12325-2413172.23
Unknown prontype! jag Blog_12325-2413172.24
Unknown prontype! ni Blog_12325-2413172.25
Unknown prontype! jag Blog_12325-1884438.1
Unknown prontype! vi Blog_12325-1884438.2
Unknown prontype! all Blog_12325-1884438.2
Unknown prontype! jag Blog_12325-1884438.3
Unknown prontype! jag Blog_12325-1884438.4
Unknown prontype! er Blog_12325-1884438.8
Unknown prontype! vi Blog_12325-1884438.8
Unknown prontype! vi Blog_12325-1884438.10
Unknown prontype! en Blog_12325-1884438.10
Unknown prontype! vi Blog_12325-1884438.13
Unknown prontype! denna Blog_12325-1884438.15
Unknown prontype! en Blog_12325-1884438.15
Unknown prontype! en Blog_12325-1884438.15
Unknown prontype! er Blog_12325-1884438.16
Unknown prontype! en Blog_12325-1884438.16
Unknown prontype! någon Blog_12325-1189192.1
Unknown prontype! någon Blog_12325-1189192.1a
Unknown prontype! vi Blog_12325-1189192.3
Unknown prontype! en Blog_12325-1189192.3
Unknown prontype! en Blog_12325-1189192.3
Unknown prontype! en Blog_12325-1189192.5
Unknown prontype! en Blog_12325-1189192.5
Unknown prontype! han Blog_12325-1189192.5
Unknown prontype! en Blog_12325-1189192.5
Unknown prontype! en Blog_12325-1189192.5a
Unknown prontype! någon Blog_12325-1189192.10
Unknown prontype! vi Blog_12325-1189192.11
Unknown prontype! en Blog_12325-1189192.12
Unknown prontype! en Blog_12325-1189192.13
Unknown prontype! en Blog_12325-1189192.13
Unknown prontype! en Blog_12325-1189192.13
Unknown prontype! en Blog_12325-1189192.13
Unknown prontype! jag Blog_12325-1189192.14
Unknown prontype! jag Blog_12325-1189192.15
Unknown prontype! jag Blog_26224-3199392.2
Unknown prontype! en Blog_26224-3199392.3
Unknown prontype! en Blog_26224-3199392.4
Unknown prontype! ingen Blog_26224-3199392.5
Unknown prontype! vi Blog_26224-3199392.6
Unknown prontype! en Blog_26224-3199392.6
Unknown prontype! en Blog_26224-3679819.2
Unknown prontype! denna Blog_26224-3679819.2
Unknown prontype! jag Blog_26224-3394076.2
Unknown prontype! ingen Blog_26224-3394076.2
Unknown prontype! en Blog_26224-3394076.4
Unknown prontype! vi Blog_26224-3394076.5
Unknown prontype! en Blog_26224-3394076.5
Unknown prontype! jag Blog_26224-2222211.1
Unknown prontype! jag Blog_26224-2222211.2
Unknown prontype! jag Blog_26224-2222211.3
Unknown prontype! jag Blog_26224-2222211.4
Unknown prontype! en Blog_26224-2222211.4
Unknown prontype! jag Blog_26224-2222211.6
Unknown prontype! ni Blog_26224-2222211.7
Unknown prontype! jag Blog_26224-2222211.16
Unknown prontype! jag Blog_26224-1714803.1
Unknown prontype! ni Blog_26224-1714803.5
Unknown prontype! hon Blog_26224-1042486.1
Unknown prontype! jag Blog_26224-1042486.2
Unknown prontype! jag Blog_26224-1042486.4
Unknown prontype! jag Blog_265827-14454547.1
Unknown prontype! jag Blog_265827-14454547.1
Unknown prontype! du Blog_265827-14454547.4
Unknown prontype! någon Blog_265827-14454547.4
Unknown prontype! jag Blog_265827-14454547.5
Unknown prontype! någon Blog_265827-14454547.5
Unknown prontype! jag Blog_265827-14454547.6
Unknown prontype! en Blog_265827-14454547.6
Unknown prontype! jag Blog_265827-14454547.6
Unknown prontype! jag Blog_265827-14454547.6
Unknown prontype! vi Blog_265827-14454547.7
Unknown prontype! en Blog_265827-14454547.8
Unknown prontype! en Blog_265827-14454547.8
Unknown prontype! han Blog_265827-14454547.8
Unknown prontype! jag Blog_265827-14454547.8
Unknown prontype! han Blog_265827-14454547.8
Unknown prontype! jag Blog_265827-14454547.9
Unknown prontype! jag Blog_265827-14454547.10
Unknown prontype! någon Blog_265827-14454547.11
Unknown prontype! du Blog_265827-14454547.11
Unknown prontype! jag Blog_265827-14454547.12
Unknown prontype! jag Blog_265827-14454547.13
Unknown prontype! jag Blog_265827-14454547.15
Unknown prontype! jag Blog_265827-14454547.15
Unknown prontype! jag Blog_265827-14454547.16
Unknown prontype! jag Blog_265827-14454547.17
Unknown prontype! jag Blog_265827-14454547.18
Unknown prontype! jag Blog_265827-14701535.1
Unknown prontype! vad Blog_265827-14701533.2
Unknown prontype! ni Blog_265827-14701533.2
Unknown prontype! jag Blog_265827-14701533.3
Unknown prontype! en Blog_265827-14701533.5
Unknown prontype! sig Blog_265827-14701533.5
Unknown prontype! jag Blog_265827-14701533.5
Unknown prontype! vi Blog_265827-14701533.6
Unknown prontype! varandra Blog_265827-14701533.6
Unknown prontype! vilken Blog_265827-14701533.7
Unknown prontype! någon Blog_265827-14701533.8
Unknown prontype! jag Blog_265827-14701533.9
Unknown prontype! jag Blog_265827-14955360.3
Unknown prontype! mycket Blog_265827-14955360.3
Unknown prontype! jag Blog_265827-14955360.3
Unknown prontype! jag Blog_265827-14955360.4
Unknown prontype! en Blog_265827-14955360.4
Unknown prontype! jag Blog_265827-14955360.4
Unknown prontype! vi Blog_265827-14955360.4
Unknown prontype! jag Blog_265827-14955360.5
Unknown prontype! jag Blog_265827-14955360.5
Unknown prontype! jag Blog_265827-14955360.5
Unknown prontype! jag Blog_265827-14844247.1
Unknown prontype! jag Blog_265827-14844249.2
Unknown prontype! jag Blog_265827-14844249.7
Unknown prontype! hon Blog_265827-14844249.8
Unknown prontype! jag Blog_265827-15028529.1
Unknown prontype! sig Blog_265827-15028529.1
Unknown prontype! jag Blog_265827-15028529.2
Unknown prontype! en Blog_265827-15028529.2
Unknown prontype! jag Blog_265827-15028529.2
Unknown prontype! jag Blog_265827-15028529.2
Unknown prontype! en Blog_265827-15028529.2
Unknown prontype! jag Blog_265827-15028529.3
Unknown prontype! sig Blog_265827-15028529.3
Unknown prontype! han Blog_265827-15028529.3
Unknown prontype! sig Blog_265827-15028529.3
Unknown prontype! jag Blog_265827-15028529.4
Unknown prontype! vi Blog_265827-15028529.4
Unknown prontype! vi Blog_265827-14454929.1
Unknown prontype! jag Blog_265827-14454929.4
Unknown prontype! all Blog_265827-14454929.5
Unknown prontype! ni Blog_265827-14454929.6
Unknown prontype! ni Blog_265827-14454929.7
Unknown prontype! vad Blog_265827-14454929.7
Unknown prontype! ni Blog_265827-14454929.7
Unknown prontype! vi Blog_265827-15106309.2
Unknown prontype! en Blog_265827-15106309.2
Unknown prontype! jag Blog_265827-15106309.3
Unknown prontype! en Blog_265827-15106309.3
Unknown prontype! all Blog_265827-15106309.5
Unknown prontype! jag Blog_265827-15106309.6
Unknown prontype! jag Blog_265827-14455644.2
Unknown prontype! jag Blog_265827-14455644.4
Unknown prontype! jag Blog_265827-14455644.4
Unknown prontype! jag Blog_265827-14455644.5
Unknown prontype! jag Blog_265827-14455644.7
Unknown prontype! en Blog_265827-14455644.7
Unknown prontype! er Blog_265827-14653745.1
Unknown prontype! all Blog_265827-14653745.1
Unknown prontype! ni Blog_265827-14653745.1
Unknown prontype! ni Blog_265827-14454798.5
Unknown prontype! jag Blog_265827-14454798.5
Unknown prontype! jag Blog_265827-14454798.6
Unknown prontype! er Blog_265827-14781982.1
Unknown prontype! jag Blog_265827-14781982.3
Unknown prontype! ni Blog_265827-14989915.1
Unknown prontype! jag Blog_265827-14989915.2
Unknown prontype! en Blog_265827-14989915.2
Unknown prontype! jag Blog_265827-14989915.3
Unknown prontype! jag Blog_265827-14989915.4
Unknown prontype! jag Blog_265827-14989915.5
Unknown prontype! jag Blog_265827-15165011.1
Unknown prontype! jag Blog_265827-15165011.1
Unknown prontype! någon Blog_265827-15165011.1
Unknown prontype! en Blog_265827-15165011.2
Unknown prontype! jag Blog_265827-14454566.1
Unknown prontype! jag Blog_265827-14454566.1
Unknown prontype! en Blog_265827-14454566.1
Unknown prontype! jag Blog_265827-14454566.2
Unknown prontype! jag Blog_265827-14454566.2
Unknown prontype! all Blog_265827-14454566.3
Unknown prontype! jag Blog_265827-14454566.3
Unknown prontype! du Blog_265827-14454566.5
Unknown prontype! jag Blog_265827-14749671.1
Unknown prontype! vilken Blog_265827-14749671.1
Unknown prontype! ni Blog_265827-14749671.2
Unknown prontype! jag Blog_265827-14749671.2
Unknown prontype! någon Blog_265827-14749671.2
Unknown prontype! jag Blog_265827-14749671.2
Unknown prontype! jag Blog_265827-14749671.8
Unknown prontype! all Blog_265827-15106305.1
Unknown prontype! ni Blog_265827-15106305.1
Unknown prontype! jag Blog_265827-15106305.2
Unknown prontype! en Blog_265827-15106305.2
Unknown prontype! vi Blog_265827-15106305.3
Unknown prontype! en Blog_265827-15106305.5
Unknown prontype! jag Blog_265827-14701534.3
Unknown prontype! all Blog_265827-14701534.3
Unknown prontype! jag Blog_265827-14701534.3
Unknown prontype! någon Blog_265827-14701534.3
Unknown prontype! jag Blog_265827-14701534.4
Unknown prontype! jag Blog_265827-14701534.5
Unknown prontype! jag Blog_265827-14781979.1
Unknown prontype! man Blog_265827-14749670.1
Unknown prontype! en Blog_265827-14749670.2
Unknown prontype! sig Blog_265827-14749670.2
Unknown prontype! vilken Blog_265827-14454531.2
Unknown prontype! jag Blog_265827-14454531.2
Unknown prontype! en Blog_265827-14454531.2
Unknown prontype! all Blog_265827-14454531.3
Unknown prontype! vi Blog_265827-14454531.5
Unknown prontype! jag Blog_265827-14454531.6
Unknown prontype! vi Blog_265827-14454531.7
Unknown prontype! vi Blog_265827-14454531.7
Unknown prontype! ingen Blog_265827-14454531.7
Unknown prontype! en Blog_265827-14454804.2
Unknown prontype! någon Blog_265827-14454804.3
Unknown prontype! ni Blog_265827-14454804.4
Unknown prontype! en Blog_265827-14454804.4
Unknown prontype! en Blog_265827-14454804.4
Unknown prontype! en Blog_265827-14454804.4
Unknown prontype! en Blog_265827-14454804.4
Unknown prontype! man Blog_265827-14454804.5
Unknown prontype! mycken Blog_265827-14454804.5
Unknown prontype! man Blog_265827-14454804.5
Unknown prontype! man Blog_265827-14454804.6
Unknown prontype! man Blog_265827-14454804.6
Unknown prontype! sig Blog_265827-14454804.6
Unknown prontype! en Blog_265827-14454804.6
Unknown prontype! jag Blog_265827-14454804.7
Unknown prontype! jag Blog_265827-14454804.7
Unknown prontype! en Blog_265827-14454804.8
Unknown prontype! jag Blog_265827-14889091.1
Unknown prontype! en Blog_265827-14889091.1
Unknown prontype! jag Blog_265827-14922303.2
Unknown prontype! jag Blog_265827-8186120.1
Unknown prontype! vi Blog_265827-8186120.1
Unknown prontype! vi Blog_265827-8186120.1
Unknown prontype! någon Blog_265827-8186120.1
Unknown prontype! vad Blog_265827-8186120.3
Unknown prontype! ni Blog_265827-8186120.5
Unknown prontype! jag Blog_265827-15106303.1
Unknown prontype! en Blog_265827-15106303.1
Unknown prontype! ni Blog_265827-15106303.2
Unknown prontype! all Blog_265827-15106303.2
Unknown prontype! jag Blog_265827-15106303.4
Unknown prontype! jag Blog_265827-14455160.1
Unknown prontype! jag Blog_265827-14455160.5
Unknown prontype! jag Blog_265827-14455160.5
Unknown prontype! jag Blog_265827-14455160.6
Unknown prontype! ni Blog_265827-14989916.2
Unknown prontype! vad Blog_265827-14989916.4
Unknown prontype! jag Blog_265827-15106302.2
Unknown prontype! en Blog_265827-15106302.2
Unknown prontype! ingen Blog_265827-15106302.4
Unknown prontype! en Blog_265827-15106302.4
Unknown prontype! jag Blog_265827-15106302.5
Unknown prontype! man Blog_265827-15106302.5
Unknown prontype! sig Blog_265827-15106302.5
Unknown prontype! jag Blog_265827-15106302.5
Unknown prontype! sig Blog_265827-15106302.8
Unknown prontype! jag Blog_265827-15106302.9
Unknown prontype! jag Blog_265827-15106302.10
Unknown prontype! en Blog_265827-15106302.10
Unknown prontype! en Blog_265827-15106302.10
Unknown prontype! någon Blog_265827-15106302.10
Unknown prontype! jag Blog_265827-15106302.11
Unknown prontype! någon Blog_265827-15106302.11
Unknown prontype! man Blog_265827-15106302.12
Unknown prontype! jag Blog_265827-14844246.1
Unknown prontype! jag Blog_265827-14844246.1
Unknown prontype! en Blog_265827-14844246.1
Unknown prontype! jag Blog_265827-14844246.2
Unknown prontype! jag Blog_265827-14844246.2
Unknown prontype! en Blog_265827-14844246.2
Unknown prontype! vi Blog_265827-14844246.3
Unknown prontype! vi Blog_265827-14844246.3
Unknown prontype! sig Blog_265827-14844246.5
Unknown prontype! en Blog_265827-14844246.5
Unknown prontype! en Blog_265827-14844246.5
Unknown prontype! jag Blog_265827-14844246.6
Unknown prontype! vi Blog_265827-14844246.6
Unknown prontype! vi Blog_265827-14844246.7
Unknown prontype! någon Blog_265827-14844246.7
Unknown prontype! jag Blog_265827-14844246.8
Unknown prontype! någon Blog_265827-14844246.8
Unknown prontype! jag Blog_265827-14844246.9
Unknown prontype! en Blog_265827-14844246.9
Unknown prontype! en Blog_265827-14844246.11
Unknown prontype! vad Blog_265827-15246480.1
Unknown prontype! jag Blog_265827-15246480.1
Unknown prontype! ingen Blog_265827-15246480.4
Unknown prontype! jag Blog_265827-15246480.4
Unknown prontype! jag Blog_265827-14454655.1
Unknown prontype! en Blog_265827-14454655.3
Unknown prontype! en Blog_265827-14454655.3
Unknown prontype! jag Blog_265827-14454655.4
Unknown prontype! jag Blog_265827-14454655.4
Unknown prontype! jag Blog_265827-14454655.6
Unknown prontype! jag Blog_265827-14454655.6
Unknown prontype! en Blog_265827-14454655.7
Unknown prontype! jag Blog_265827-14653742.1
Unknown prontype! jag Blog_265827-14455131.1
Unknown prontype! jag Blog_265827-14455131.3
Unknown prontype! jag Blog_265827-15106306.1
Unknown prontype! någon Blog_265827-15106306.1
Unknown prontype! jag Blog_265827-15106306.1
Unknown prontype! jag Blog_265827-15106306.1
Unknown prontype! någon Blog_265827-15106306.3
Unknown prontype! jag Blog_265827-15106306.3
Unknown prontype! jag Blog_265827-15106306.3
Unknown prontype! jag Blog_265827-15106306.4
Unknown prontype! all Blog_265827-15106306.4
Unknown prontype! jag Blog_265827-15106306.6
Unknown prontype! jag Blog_265827-15106306.6
Unknown prontype! jag Blog_265827-15106306.6
Unknown prontype! jag Blog_265827-15106306.7
Unknown prontype! all Blog_265827-15106306.7
Unknown prontype! jag Blog_265827-15106306.7
Unknown prontype! jag Blog_265827-15106306.7
Unknown prontype! jag Blog_265827-15106306.9
Unknown prontype! en Blog_265827-15106306.9
Unknown prontype! jag Blog_265827-15106306.9
Unknown prontype! en Blog_265827-15106306.12
Unknown prontype! allihopa Blog_265827-14749673.1
Unknown prontype! jag Blog_265827-14749673.2
Unknown prontype! vilken Blog_265827-14749673.2
Unknown prontype! jag Blog_265827-14749673.3
Unknown prontype! jag Blog_265827-14749673.3
Unknown prontype! en Blog_265827-14749673.3
Unknown prontype! jag Blog_265827-14749673.3
Unknown prontype! jag Blog_265827-14749673.4
Unknown prontype! jag Blog_265827-14749673.4
Unknown prontype! jag Blog_265827-14749673.7
Unknown prontype! jag Blog_265827-14749673.7
Unknown prontype! mycket Blog_265827-14749673.8
Unknown prontype! en Blog_265827-14749673.9
Unknown prontype! en Blog_265827-14749673.9
Unknown prontype! du Blog_265827-14749673.10
Unknown prontype! jag Blog_265827-14749673.11
Unknown prontype! hon Blog_265827-14749673.11
Unknown prontype! en Blog_265827-14749673.11
Unknown prontype! jag Blog_265827-14749673.11
Unknown prontype! vi Blog_265827-14749673.11
Unknown prontype! vi Blog_265827-14749673.12
Unknown prontype! vi Blog_265827-14749673.12
Unknown prontype! båda Blog_265827-14749673.12
Unknown prontype! _ Blog_265827-14749673.12
Unknown prontype! jag Blog_265827-15028532.1
Unknown prontype! någon Blog_265827-15028532.1
Unknown prontype! en Blog_265827-15028532.1
Unknown prontype! man Blog_265827-15028532.2
Unknown prontype! någon Blog_265827-15028532.2
Unknown prontype! jag Blog_265827-15028532.3
Unknown prontype! en Blog_265827-15028532.3
Unknown prontype! du Blog_265827-15028532.4
Unknown prontype! en Blog_265827-15028532.4
Unknown prontype! du Blog_265827-15028532.4
Unknown prontype! jag Blog_265827-15028532.4
Unknown prontype! jag Blog_265827-15106304.1
Unknown prontype! jag Blog_265827-15106304.1
Unknown prontype! jag Blog_265827-15106304.2
Unknown prontype! jag Blog_265827-15106304.2
Unknown prontype! jag Blog_265827-15106304.2
Unknown prontype! han Blog_265827-15106304.2
Unknown prontype! en Blog_265827-15106304.4
Unknown prontype! en Blog_265827-15106304.7
Unknown prontype! en Blog_265827-15106304.7
Unknown prontype! jag Blog_265827-15246470.1
Unknown prontype! jag Blog_6843-4101497.1
Unknown prontype! jag Blog_6843-4101497.1
Unknown prontype! en Blog_6843-4101497.1
Unknown prontype! jag Blog_6843-4101497.3
Unknown prontype! en Blog_6843-4101497.3
Unknown prontype! jag Blog_6843-4101497.3
Unknown prontype! någon Blog_6843-4101497.5
Unknown prontype! du Blog_6843-4101497.5
Unknown prontype! någon Blog_6843-4101497.5
Unknown prontype! en Blog_6843-4101497.5
Unknown prontype! någon Blog_6843-4101497.5
Unknown prontype! du Blog_6843-4101497.5
Unknown prontype! en Blog_6843-4868011.1
Unknown prontype! jag Blog_6843-4868011.1
Unknown prontype! hon Blog_6843-4868011.3
Unknown prontype! en Blog_6843-4868011.3
Unknown prontype! någon Blog_6843-4868011.3
Unknown prontype! jag Blog_6843-4868011.4
Unknown prontype! vi Blog_6843-4868011.6
Unknown prontype! vi Blog_6843-4868011.6
Unknown prontype! vi Blog_6843-4868011.6
Unknown prontype! en Blog_6843-4868011.6
Unknown prontype! en Blog_6843-5164672.1
Unknown prontype! jag Blog_6843-5164672.3
Unknown prontype! en Blog_6843-5164672.4
Unknown prontype! vilken Blog_6843-5164672.6
Unknown prontype! en Blog_6843-5164672.6
Unknown prontype! jag Blog_6843-5164672.7
Unknown prontype! en Blog_6843-5164672.7
Unknown prontype! jag Blog_6843-5164672.8
Unknown prontype! en Blog_6843-5164672.8
Unknown prontype! jag Blog_6843-5164672.9
Unknown prontype! någon Blog_6843-5164672.9
Unknown prontype! jag Blog_6843-5164672.9
Unknown prontype! jag Blog_6843-5164672.10
Unknown prontype! vilken Blog_6843-5164672.10
Unknown prontype! jag Blog_6843-5164672.10
Unknown prontype! han Blog_6843-5164672.10
Unknown prontype! en Blog_6843-5164672.10
Unknown prontype! en Blog_6843-5164672.10
Unknown prontype! någon Blog_6843-5164672.10
Unknown prontype! jag Blog_6843-5164672.11
Unknown prontype! en Blog_6843-5164672.12
Unknown prontype! man Blog_6843-5164672.12
Unknown prontype! jag Blog_6843-5164672.13
Unknown prontype! en Blog_6843-5164672.13
Unknown prontype! jag Blog_6843-5164672.13
Unknown prontype! sig Blog_6843-5164672.13
Unknown prontype! man Blog_6843-5164672.13
Unknown prontype! sig Blog_6843-5164672.13
Unknown prontype! jag Blog_6843-5164672.15
Unknown prontype! jag Blog_6843-5164672.15
Unknown prontype! ingen Blog_6843-5164672.15
Unknown prontype! en Blog_6843-5164672.16
Unknown prontype! jag Blog_6843-4328736.1
Unknown prontype! vad Blog_6843-4328736.1
Unknown prontype! jag Blog_6843-4328736.1
Unknown prontype! jag Blog_6843-4328736.2
Unknown prontype! jag Blog_6843-4328736.2
Unknown prontype! jag Blog_6843-4328736.2
Unknown prontype! ingenting Blog_6843-4328736.2
Unknown prontype! jag Blog_6843-4328736.3
Unknown prontype! jag Blog_6843-4328736.3
Unknown prontype! man Blog_6843-4328736.5
Unknown prontype! jag Blog_6843-4328736.5
Unknown prontype! vad Blog_6843-4328736.5
Unknown prontype! en Blog_6843-4328736.6
Unknown prontype! en Blog_6843-4328736.6
Unknown prontype! en Blog_6843-4328736.7
Unknown prontype! en Blog_6843-4328736.7
Unknown prontype! hon Blog_6843-4328736.7
Unknown prontype! hon Blog_6843-4328736.7
Unknown prontype! mycken Blog_6843-4328736.8
Unknown prontype! mycken Blog_6843-4328736.9
Unknown prontype! mycken Blog_6843-4328736.10
Unknown prontype! sig Blog_6843-4328736.11
Unknown prontype! vad Blog_6843-4328736.11
Unknown prontype! jag Blog_6843-4328736.11
Unknown prontype! jag Blog_6843-4328736.12
Unknown prontype! man Blog_6843-4255016.1
Unknown prontype! denna Blog_6843-4255016.2
Unknown prontype! jag Blog_6843-4255016.2
Unknown prontype! en Blog_6843-4255016.3
Unknown prontype! hon Blog_6843-4255016.5
Unknown prontype! en Blog_6843-4255016.5
Unknown prontype! sig Blog_6843-4255016.6
Unknown prontype! mycket Blog_6843-4255016.6
Unknown prontype! denna Blog_6843-4255016.6
Unknown prontype! hon Blog_6843-4255016.8
Unknown prontype! hon Blog_6843-4255016.8
Unknown prontype! en Blog_6843-4255016.8
Unknown prontype! sig Blog_6843-4255016.8
Unknown prontype! hon Blog_6843-4255016.9
Unknown prontype! han Blog_6843-4255016.9
Unknown prontype! han Blog_6843-4255016.9
Unknown prontype! mycket Blog_6843-4255016.10
Unknown prontype! varandra Blog_6843-4255016.11
Unknown prontype! någon Blog_6843-4255016.13
Unknown prontype! man Blog_6843-4255016.13
Unknown prontype! man Blog_6843-4255016.13
Unknown prontype! all Blog_6843-4255016.14
Unknown prontype! en Blog_6843-4255016.15
Unknown prontype! jag Blog_6843-4255016.16
Unknown prontype! litet Blog_6843-3465275.1
Unknown prontype! en Blog_6843-3465275.1
Unknown prontype! sig Blog_6843-3465275.2
Unknown prontype! vi Blog_6843-3465275.2
Unknown prontype! vilken Blog_6843-3465275.2
Unknown prontype! vi Blog_6843-3465275.2
Unknown prontype! vi Blog_6843-3465275.2
Unknown prontype! en Blog_6843-3465275.3
Unknown prontype! en Blog_6843-3465275.3
Unknown prontype! en Blog_6843-3465275.3
Unknown prontype! en Blog_6843-3465275.3
Unknown prontype! en Blog_6843-3465275.5
Unknown prontype! all Blog_6843-3465275.5
Unknown prontype! en Blog_6843-3465275.6
Unknown prontype! sig Blog_6843-3465275.6
Unknown prontype! en Blog_6843-3465275.7
Unknown prontype! all Blog_6843-3465275.8
Unknown prontype! man Blog_6843-3465275.8
Unknown prontype! jag Blog_6843-3465275.9
Unknown prontype! en Blog_6843-4575758.2
Unknown prontype! jag Blog_6843-4575758.2
Unknown prontype! sig Blog_6843-4575758.4
Unknown prontype! hon Blog_6843-4575758.4
Unknown prontype! hon Blog_6843-4575758.4
Unknown prontype! jag Blog_6843-4575758.5
Unknown prontype! vi Blog_6843-4575758.5
Unknown prontype! en Blog_6843-4575758.6
Unknown prontype! vad Blog_6843-4575758.9
Unknown prontype! jag Blog_6843-2767923.1
Unknown prontype! jag Blog_6843-2767923.2
Unknown prontype! jag Blog_6843-2767923.2
Unknown prontype! en Blog_6843-2767923.2
Unknown prontype! jag Blog_6843-2767923.2
Unknown prontype! jag Blog_6843-2767923.3
Unknown prontype! jag Blog_6843-2767923.4
Unknown prontype! någon Blog_6843-2767923.4
Unknown prontype! jag Blog_6843-2767923.6
Unknown prontype! man Blog_6843-2767923.6
Unknown prontype! man Blog_6843-2767923.6
Unknown prontype! man Blog_6843-2767923.6
Unknown prontype! vad Blog_6843-2767923.7
Unknown prontype! du Blog_6843-2767923.7
Unknown prontype! jag Blog_6843-2767923.8
Unknown prontype! en Blog_6843-2767923.9
Unknown prontype! jag Blog_6843-2767923.11
Unknown prontype! någon Blog_6843-2767923.12
Unknown prontype! all Blog_6843-2767923.12
Unknown prontype! man Blog_6843-2767923.12
Unknown prontype! man Blog_6843-2767923.12
Unknown prontype! man Blog_6843-2767923.12
Unknown prontype! jag Blog_6843-2767923.13
Unknown prontype! jag Blog_6843-2767923.15
Unknown prontype! en Blog_6843-2767923.15
Unknown prontype! jag Blog_6843-2767923.16
Unknown prontype! jag Blog_6843-2767923.16
Unknown prontype! jag Blog_6843-2767923.16
Unknown prontype! en Blog_6843-2767923.16
Unknown prontype! jag Blog_6843-2767923.16
Unknown prontype! en Blog_6843-2767923.17
Unknown prontype! vilken Blog_6843-2767923.17
Unknown prontype! jag Blog_6843-2767923.17
Unknown prontype! jag Blog_6843-2767923.17
Unknown prontype! jag Blog_6843-2767923.17
Unknown prontype! en Blog_6843-2767923.18
Unknown prontype! jag Blog_6843-2767923.18
Unknown prontype! jag Blog_6843-2767923.20
Unknown prontype! jag Blog_6843-2767923.21
Unknown prontype! jag Blog_5089-9048317.2
Unknown prontype! vi Blog_5089-9048317.3
Unknown prontype! jag Blog_5089-9048317.3
Unknown prontype! jag Blog_5089-9048317.3
Unknown prontype! jag Blog_5089-9048317.4
Unknown prontype! någon Blog_5089-9048317.4
Unknown prontype! jag Blog_5089-9048317.6
Unknown prontype! jag Blog_5089-9048317.7
Unknown prontype! all Blog_5089-9048317.7
Unknown prontype! jag Blog_5089-9048317.9
Unknown prontype! vad Blog_5089-9048317.9
Unknown prontype! jag Blog_5089-9048317.9
Unknown prontype! jag Blog_5089-9048317.10
Unknown prontype! jag Blog_5089-9048317.10
Unknown prontype! jag Blog_5089-9048317.11
Unknown prontype! jag Blog_5089-9048317.11
Unknown prontype! han Blog_5089-9048317.13
Unknown prontype! jag Blog_5089-9048317.14
Unknown prontype! jag Blog_5089-9048317.14
Unknown prontype! han Blog_5089-9048317.14
Unknown prontype! man Blog_5089-9048317.15
Unknown prontype! sig Blog_5089-9048317.15
Unknown prontype! all Blog_5089-9048317.16
Unknown prontype! ingen Blog_5089-9048317.17
Unknown prontype! jag Blog_5089-9048317.17
Unknown prontype! en Blog_5089-9048317.17
Unknown prontype! jag Blog_5089-9048317.18
Unknown prontype! en Blog_5089-9048317.21
Unknown prontype! all Blog_5089-9048317.21
Unknown prontype! denna Blog_5089-9048317.21
Unknown prontype! jag Blog_5089-9048317.22
Unknown prontype! jag Blog_5089-9048317.22
Unknown prontype! vi Blog_5089-9048317.22
Unknown prontype! en Blog_5089-9048317.23
Unknown prontype! vad Blog_5089-9048317.23
Unknown prontype! vi Blog_5089-9048317.25
Unknown prontype! jag Blog_5089-9048317.25
Unknown prontype! ingen Blog_5089-9048317.25
Unknown prontype! jag Blog_5089-9048317.26
Unknown prontype! han Blog_5089-9048317.26
Unknown prontype! vi Blog_5089-9048317.27
Unknown prontype! sig Blog_5089-9048317.29
Unknown prontype! vi Blog_5089-9048317.29
Unknown prontype! vi Blog_5089-9048317.30
Unknown prontype! jag Blog_5089-9048317.30
Unknown prontype! ingen Blog_5089-9048317.30
Unknown prontype! jag Blog_5089-9048317.30
Unknown prontype! jag Blog_5089-9048317.32
Unknown prontype! en Blog_5089-9048317.33
Unknown prontype! vi Blog_5089-9048317.33
Unknown prontype! han Blog_5089-9048317.34
Unknown prontype! han Blog_5089-9048317.34
Unknown prontype! jag Blog_5089-9048317.36
Unknown prontype! någon Blog_5089-9048317.36
Unknown prontype! mycken Blog_5089-9048317.36
Unknown prontype! ingen Blog_5089-9048317.37
Unknown prontype! jag Blog_5089-9048317.37
Unknown prontype! vi Blog_5089-9048317.39
Unknown prontype! jag Blog_5089-9048317.39
Unknown prontype! vad Blog_5089-9048317.42
Unknown prontype! er Blog_5089-9048317.42
Unknown prontype! jag Blog_5089-12282516.2
Unknown prontype! en Blog_5089-12282516.3
Unknown prontype! en Blog_5089-12282516.4
Unknown prontype! en Blog_5089-12282516.4
Unknown prontype! jag Blog_5089-12282516.5
Unknown prontype! vi Blog_5089-12282516.6
Unknown prontype! jag Blog_5089-12282516.7
Unknown prontype! jag Blog_5089-12282516.7
Unknown prontype! en Blog_5089-12282516.10
Unknown prontype! sig Blog_5089-12282516.10
Unknown prontype! en Blog_5089-12282516.10
Unknown prontype! jag Blog_5089-12282516.12
Unknown prontype! jag Blog_5089-12282516.12
Unknown prontype! jag Blog_5089-12282516.12
Unknown prontype! mycken Blog_5089-12282516.13
Unknown prontype! jag Blog_5089-12282516.13
Unknown prontype! jag Blog_5089-12282516.13
Unknown prontype! vilken Blog_5089-12282516.14
Unknown prontype! vi Blog_5089-12282516.14
Unknown prontype! all Blog_5089-12282516.14
Unknown prontype! sig Blog_5089-12282516.14
Unknown prontype! vilken Blog_5089-12282516.15
Unknown prontype! vi Blog_5089-12282516.15
Unknown prontype! vilken Blog_5089-12282516.16
Unknown prontype! vi Blog_5089-12282516.16
Unknown prontype! allihopa Blog_5089-12282516.16
Unknown prontype! en Blog_5089-12282516.17
Unknown prontype! jag Blog_5089-12282516.17
Unknown prontype! en Blog_5089-12282516.17
Unknown prontype! han Blog_5089-12282516.18
Unknown prontype! sig Blog_5089-12282516.18
Unknown prontype! en Blog_5089-12282516.18
Unknown prontype! jag Blog_5089-12282516.18
Unknown prontype! en Blog_5089-12282516.18
Unknown prontype! en Blog_5089-12282516.18
Unknown prontype! han Blog_5089-12282516.18
Unknown prontype! någon Blog_5089-12282516.19
Unknown prontype! jag Blog_5089-12282516.20
Unknown prontype! jag Blog_5089-12282516.20
Unknown prontype! jag Blog_5089-12282516.21
Unknown prontype! vi Blog_5089-12282516.21
Unknown prontype! jag Blog_5089-12282516.22
Unknown prontype! jag Blog_5089-12282516.22
Unknown prontype! någon Blog_5089-12282516.22
Unknown prontype! jag Blog_5089-12282516.24
Unknown prontype! någon Blog_5089-12282516.24
Unknown prontype! någon Blog_5089-12282516.25
Unknown prontype! jag Blog_5089-12282516.25
Unknown prontype! jag Blog_5089-12282516.25
Unknown prontype! jag Blog_5089-12282516.25
Unknown prontype! jag Blog_5089-12282516.25
Unknown prontype! jag Blog_5089-12282516.26
Unknown prontype! vi Blog_5089-12282516.26
Unknown prontype! all Blog_5089-12282516.26
Unknown prontype! vi Blog_5089-12282516.27
Unknown prontype! jag Blog_5089-12282516.28
Unknown prontype! vi Blog_5089-12282516.28
Unknown prontype! vi Blog_5089-12282516.28
Unknown prontype! jag Blog_5089-12282516.28
Unknown prontype! jag Blog_5089-12282516.30
Unknown prontype! en Blog_5089-12282516.30
Unknown prontype! ingen Blog_5089-12282516.31
Unknown prontype! man Blog_5089-12282516.31
Unknown prontype! vem Blog_5089-12282516.31
Unknown prontype! man Blog_5089-12282516.31
Unknown prontype! jag Blog_5089-12282516.32
Unknown prontype! jag Blog_5089-12282516.32
Unknown prontype! vad Blog_5089-12282516.33
Unknown prontype! jag Blog_5089-12282516.33
Unknown prontype! en Blog_5089-12282516.34
Unknown prontype! en Blog_5089-12282516.35
Unknown prontype! jag Blog_5089-12282516.35
Unknown prontype! jag Blog_5089-12282516.36
Unknown prontype! alltihopa Blog_5089-12282516.36
Unknown prontype! jag Blog_5089-3694482.2
Unknown prontype! han Blog_5089-3694482.3
Unknown prontype! han Blog_5089-3694482.4
Unknown prontype! någon Blog_5089-3694482.4
Unknown prontype! han Blog_5089-3694482.4
Unknown prontype! jag Blog_5089-3694482.5
Unknown prontype! denna Blog_5089-3694482.5
Unknown prontype! en Blog_5089-3694482.5
Unknown prontype! han Blog_5089-3694482.7
Unknown prontype! han Blog_5089-3694482.8
Unknown prontype! han Blog_5089-3694482.11
Unknown prontype! en Blog_5089-3694482.11
Unknown prontype! jag Blog_5089-3694482.12
Unknown prontype! en Blog_5089-3694482.12
Unknown prontype! en Blog_5089-3694482.13
Unknown prontype! jag Blog_5089-3694482.15
Unknown prontype! en Blog_5089-3694482.15
Unknown prontype! vi Blog_5089-3694482.15
Unknown prontype! vi Blog_5089-3694482.15
Unknown prontype! all Blog_5089-3694482.16
Unknown prontype! jag Blog_5089-3694482.16
Unknown prontype! jag Blog_5089-3694482.17
Unknown prontype! en Blog_5089-3694482.18
Unknown prontype! han Blog_5089-3694482.19
Unknown prontype! en Blog_5089-3694482.21
Unknown prontype! en Blog_5089-3694482.21
Unknown prontype! en Blog_5089-9240616.3
Unknown prontype! en Blog_5089-9240616.3
Unknown prontype! sig Blog_5089-9240616.4
Unknown prontype! en Blog_5089-9240616.4
Unknown prontype! en Blog_5089-9240616.4
Unknown prontype! vi Blog_5089-9240616.4
Unknown prontype! en Blog_5089-9240616.5
Unknown prontype! bägge Blog_5089-9240616.5
Unknown prontype! vi Blog_5089-9240616.5
Unknown prontype! en Blog_5089-9240616.6
Unknown prontype! man Blog_5089-9240616.7
Unknown prontype! jag Blog_5089-9240616.7
Unknown prontype! vi Blog_5089-9240616.8
Unknown prontype! en Blog_5089-9240616.8
Unknown prontype! vi Blog_5089-9240616.9
Unknown prontype! jag Blog_5089-9240616.10
Unknown prontype! han Blog_5089-9240616.10
Unknown prontype! sig Blog_5089-9240616.10
Unknown prontype! han Blog_5089-9240616.11
Unknown prontype! sig Blog_5089-9240616.11
Unknown prontype! jag Blog_5089-9240616.11
Unknown prontype! han Blog_5089-9240616.11
Unknown prontype! en Blog_5089-9240616.11
Unknown prontype! jag Blog_5089-9240616.12
Unknown prontype! jag Blog_5089-9240616.12
Unknown prontype! en Blog_5089-9240616.12
Unknown prontype! vi Blog_5089-9240616.12
Unknown prontype! vi Blog_5089-9240616.13
Unknown prontype! vi Blog_5089-9240616.15
Unknown prontype! jag Blog_5089-9240616.18
Unknown prontype! någon Blog_5089-9240616.19
Unknown prontype! jag Blog_5089-9240616.19
Unknown prontype! jag Blog_5089-9240616.19
Unknown prontype! jag Blog_5089-9240616.20
Unknown prontype! en Blog_5089-9240616.20
Unknown prontype! jag Blog_5089-9240616.21
Unknown prontype! jag Blog_5089-9240616.21
Unknown prontype! jag Blog_5089-9240616.22
Unknown prontype! vi Blog_5089-9240616.22
Unknown prontype! jag Blog_5089-9240616.22
Unknown prontype! jag Blog_5089-9240616.22
Unknown prontype! han Blog_5089-9240616.22
Unknown prontype! jag Blog_5089-9240616.23
Unknown prontype! jag Blog_5089-9240616.23
Unknown prontype! sig Blog_5089-9240616.23
Unknown prontype! han Blog_5089-9240616.23
Unknown prontype! jag Blog_5089-9240616.23
Unknown prontype! vi Blog_5089-9240616.24
Unknown prontype! sig Blog_5089-9240616.25
Unknown prontype! vi Blog_5089-9240616.26
Unknown prontype! vi Blog_5089-9240616.26
Unknown prontype! hon Blog_5089-9240616.26
Unknown prontype! min Blog_5089-9240616.27
Unknown prontype! en Blog_5089-9240616.27
Unknown prontype! en Blog_5089-9240616.28
Unknown prontype! all Blog_5089-9240616.28
Unknown prontype! jag Blog_5089-9240616.28
Unknown prontype! han Blog_5089-9240616.28
Unknown prontype! sig Blog_5089-9240616.28
Unknown prontype! en Blog_5089-9240616.28
Unknown prontype! en Blog_5089-9240616.30
Unknown prontype! vi Blog_5089-9240616.30
Unknown prontype! mycken Blog_5089-9240616.31
Unknown prontype! vi Blog_5089-9240616.32
Unknown prontype! en Blog_5089-9240616.32
Unknown prontype! vi Blog_5089-9240616.33
Unknown prontype! vi Blog_5089-9240616.33
Unknown prontype! vi Blog_5089-9240616.37
Unknown prontype! vi Blog_5089-9240616.37
Unknown prontype! han Blog_5089-9240616.37
Unknown prontype! mycket Blog_5089-9240616.38
Unknown prontype! vi Blog_5089-9240616.38
Unknown prontype! en Blog_5089-9240616.40
Unknown prontype! vi Blog_5089-62681.2
Unknown prontype! jag Blog_5089-62681.4
Unknown prontype! en Blog_5089-62681.4
Unknown prontype! han Blog_5089-62681.4
Unknown prontype! vi Blog_5089-62681.4
Unknown prontype! all Blog_5089-62681.5
Unknown prontype! vi Blog_5089-62681.6
Unknown prontype! jag Blog_5089-62681.6
Unknown prontype! en Blog_5089-62681.6
Unknown prontype! en Blog_5089-62681.8
Unknown prontype! sig Blog_5089-62681.8
Unknown prontype! en Blog_5089-62681.8
Unknown prontype! en Blog_5089-62681.8
Unknown prontype! denna Blog_5089-62681.9
Unknown prontype! vad Blog_5089-62681.9
Unknown prontype! denna Blog_5089-62681.10
Unknown prontype! jag Blog_5089-62681.11
Unknown prontype! denna Blog_5089-62681.12
Unknown prontype! vi Blog_5089-62681.14
Unknown prontype! all Blog_5089-62681.14
Unknown prontype! en Blog_5089-62681.14
Unknown prontype! jag Blog_5089-62681.14
Unknown prontype! en Blog_5089-62681.14
Unknown prontype! en Blog_5089-62681.14
Unknown prontype! litet Blog_5089-62681.15
Unknown prontype! en Blog_5089-62681.16
Unknown prontype! en Blog_5089-62681.16
Unknown prontype! jag Blog_5089-62681.17
Unknown prontype! denna Blog_5089-62681.17
Unknown prontype! all Blog_5089-62681.18
Unknown prontype! jag Blog_5089-62681.19
Unknown prontype! jag Blog_5089-62681.20
Unknown prontype! jag Blog_5089-62681.22
Unknown prontype! jag Blog_5089-62681.22
Unknown prontype! mycket Blog_5089-62681.23
Unknown prontype! man Blog_5089-62681.24
Unknown prontype! han Blog_5089-62681.24
Unknown prontype! han Blog_5089-62681.25
Unknown prontype! vi Blog_5089-62681.26
Unknown prontype! vi Blog_5089-62681.26
Unknown prontype! all Blog_5089-62681.28
Unknown prontype! man Blog_5089-62681.28
Unknown prontype! jag Blog_5089-62681.28
Unknown prontype! vi Blog_5089-62681.29
Unknown prontype! jag Blog_5089-62681.32
Unknown prontype! jag Blog_5089-62681.32
Unknown prontype! jag Blog_5089-62681.32
Unknown prontype! jag Blog_5089-62681.33
Unknown prontype! denna Blog_5089-62681.33
Unknown prontype! jag Blog_5089-62681.34
Unknown prontype! jag Blog_9154-5334916.2
Unknown prontype! en Blog_9154-5334916.2
Unknown prontype! denna Blog_9154-5334916.2
Unknown prontype! sig Blog_9154-5334916.2
Unknown prontype! mycket Blog_9154-5334916.3
Unknown prontype! jag Blog_9154-5334916.4
Unknown prontype! jag Blog_9154-5334916.4
Unknown prontype! all Blog_9154-5334916.5
Unknown prontype! jag Blog_9154-5334916.5
Unknown prontype! denna Blog_9154-5334916.5
Unknown prontype! jag Blog_9154-5334916.6
Unknown prontype! en Blog_9154-5334916.6
Unknown prontype! jag Blog_9154-5334916.6
Unknown prontype! denna Blog_9154-5334916.6
Unknown prontype! en Blog_9154-5334916.6
Unknown prontype! jag Blog_9154-5334916.7
Unknown prontype! jag Blog_9154-5334916.7
Unknown prontype! en Blog_9154-5334916.8
Unknown prontype! jag Blog_9154-5334916.8
Unknown prontype! en Blog_9154-5334916.9
Unknown prontype! jag Blog_9154-5334916.9
Unknown prontype! en Blog_9154-5334916.9
Unknown prontype! jag Blog_9154-5334916.10
Unknown prontype! en Blog_9154-5334916.10
Unknown prontype! en Blog_9154-5334916.10
Unknown prontype! en Blog_9154-5334916.10
Unknown prontype! ingen Blog_9154-5334916.11
Unknown prontype! jag Blog_9154-5334916.11
Unknown prontype! en Blog_9154-6030495.1
Unknown prontype! en Blog_9154-6030495.1
Unknown prontype! en Blog_9154-6030495.1
Unknown prontype! en Blog_9154-6030495.1
Unknown prontype! en Blog_9154-6030495.2
Unknown prontype! vi Blog_9154-6030495.2
Unknown prontype! vilken Blog_9154-6030495.3
Unknown prontype! vi Blog_9154-6030495.3
Unknown prontype! en Blog_9154-6030495.4
Unknown prontype! vi Blog_9154-6030495.5
Unknown prontype! någon Blog_9154-6030495.5
Unknown prontype! en Blog_9154-6030495.5
Unknown prontype! denna Blog_9154-6030495.6
Unknown prontype! en Blog_9154-6030495.6
Unknown prontype! någon Blog_9154-6030495.7
Unknown prontype! en Blog_9154-6030495.7
Unknown prontype! sig Blog_9154-6030495.8
Unknown prontype! all Blog_9154-6030495.8
Unknown prontype! vi Blog_9154-6030495.8
Unknown prontype! en Blog_9154-6030495.9
Unknown prontype! jag Blog_9154-6030495.10
Unknown prontype! en Blog_9154-6030495.10
Unknown prontype! jag Blog_9154-6030495.10
Unknown prontype! jag Blog_9154-6030495.10
Unknown prontype! jag Blog_9154-6030495.11
Unknown prontype! jag Blog_9154-6030495.12
Unknown prontype! jag Blog_9154-6030495.12
Unknown prontype! all Blog_9154-6030495.12
Unknown prontype! denna Blog_9154-6030495.12
Unknown prontype! jag Blog_9154-6336623.1
Unknown prontype! jag Blog_9154-6336623.1
Unknown prontype! mycket Blog_9154-6336623.2
Unknown prontype! jag Blog_9154-6336623.3
Unknown prontype! en Blog_9154-6336623.4
Unknown prontype! vi Blog_9154-6336623.5
Unknown prontype! jag Blog_9154-6336623.8
Unknown prontype! denna Blog_9154-6336623.8
Unknown prontype! sig Blog_9154-6336623.9
Unknown prontype! jag Blog_9154-6336623.9
Unknown prontype! en Blog_9154-6336623.9
Unknown prontype! jag Blog_9154-6336623.10
Unknown prontype! sig Blog_9154-6336623.11
Unknown prontype! jag Blog_9154-501423.1
Unknown prontype! en Blog_9154-501423.1
Unknown prontype! vi Blog_9154-501423.1
Unknown prontype! vi Blog_9154-501423.2
Unknown prontype! vi Blog_9154-501423.2
Unknown prontype! jag Blog_9154-501423.2
Unknown prontype! man Blog_9154-501423.2
Unknown prontype! vi Blog_9154-501423.2
Unknown prontype! en Blog_9154-501423.2
Unknown prontype! vi Blog_9154-4554171.2
Unknown prontype! en Blog_9154-4949551.1
Unknown prontype! en Blog_9154-4949551.1
Unknown prontype! en Blog_9154-4949551.1
Unknown prontype! jag Blog_9154-4949551.2
Unknown prontype! jag Blog_9154-4949551.2
Unknown prontype! en Blog_9154-4949551.2
Unknown prontype! denna Blog_9154-4949551.3
Unknown prontype! denna Blog_9154-4949551.4
Unknown prontype! jag Blog_9154-4949551.4
Unknown prontype! jag Blog_9154-4949551.4
Unknown prontype! jag Blog_9154-4949551.4
Unknown prontype! jag Blog_9154-4949551.6
Unknown prontype! jag Blog_9154-4949551.7
Unknown prontype! jag Blog_9154-4949551.7
Unknown prontype! jag Blog_9154-4949551.7
Unknown prontype! någon Blog_9154-4949551.7
Unknown prontype! en Blog_9154-4949551.7
Unknown prontype! en Blog_9154-4949551.7
Unknown prontype! jag Blog_54523-7856343.1
Unknown prontype! en Blog_54523-7856343.1
Unknown prontype! jag Blog_54523-7856343.2
Unknown prontype! jag Blog_54523-7856343.2
Unknown prontype! vad Blog_54523-7856343.3
Unknown prontype! en Blog_54523-7856343.5
Unknown prontype! vad Blog_54523-7856343.5
Unknown prontype! vi Blog_54523-7856343.5
Unknown prontype! vi Blog_54523-7856343.6
Unknown prontype! man Blog_54523-7856343.6
Unknown prontype! man Blog_54523-7856343.6
Unknown prontype! jag Blog_54523-7856343.6
Unknown prontype! jag Blog_54523-7856343.6
Unknown prontype! jag Blog_54523-7856343.6
Unknown prontype! vi Blog_54523-7856343.7
Unknown prontype! vi Blog_54523-7856343.8
Unknown prontype! sig Blog_54523-7856343.8
Unknown prontype! jag Blog_54523-7856343.8
Unknown prontype! jag Blog_54523-7856343.8
Unknown prontype! en Blog_54523-7856343.8
Unknown prontype! jag Blog_54523-7856343.8
Unknown prontype! jag Blog_54523-7856343.8
Unknown prontype! jag Blog_54523-7856343.8
Unknown prontype! vilken Blog_54523-7856343.8
Unknown prontype! jag Blog_54523-7856343.8
Unknown prontype! jag Blog_54523-7856343.11
Unknown prontype! jag Blog_54523-7856343.12
Unknown prontype! jag Blog_54523-7856343.13
Unknown prontype! jag Blog_54523-7856343.14
Unknown prontype! jag Blog_54523-7856343.14
Unknown prontype! någon Blog_54523-7856343.14
Unknown prontype! hon Blog_54523-7856343.14
Unknown prontype! en Blog_54523-7856343.14
Unknown prontype! sig Blog_54523-7856343.14
Unknown prontype! en Blog_54523-7856343.14
Unknown prontype! jag Blog_54523-7856343.14
Unknown prontype! jag Blog_54523-7856343.14
Unknown prontype! en Blog_54523-7856343.14
Unknown prontype! jag Blog_54523-7856343.15
Unknown prontype! jag Blog_54523-7856343.15
Unknown prontype! jag Blog_54523-7856343.15
Unknown prontype! en Blog_54523-7856343.15
Unknown prontype! jag Blog_54523-7856343.15
Unknown prontype! jag Blog_54523-7856343.16
Unknown prontype! ni Blog_54523-7856343.18
Unknown prontype! denna Blog_54523-7856343.19
Unknown prontype! jag Blog_54523-7856343.19
Unknown prontype! vad Blog_54523-7856343.19
Unknown prontype! jag Blog_54523-7856343.19
Unknown prontype! jag Blog_54523-7856343.21
Unknown prontype! jag Blog_54523-8202951.2
Unknown prontype! han Blog_54523-8202951.3
Unknown prontype! jag Blog_54523-8202951.3
Unknown prontype! sig Blog_54523-8202951.3
Unknown prontype! vad Blog_54523-8202951.3
Unknown prontype! jag Blog_54523-8202951.3
Unknown prontype! vi Blog_54523-8202951.4
Unknown prontype! jag Blog_54523-8202951.4
Unknown prontype! vi Blog_54523-8202951.4
Unknown prontype! jag Blog_54523-8202951.4
Unknown prontype! sig Blog_54523-8202951.5
Unknown prontype! jag Blog_54523-8202951.6
Unknown prontype! jag Blog_54523-8202951.6
Unknown prontype! en Blog_54523-8202951.6
Unknown prontype! jag Blog_54523-8202951.6
Unknown prontype! vi Blog_54523-8202951.7
Unknown prontype! jag Blog_54523-8202951.7
Unknown prontype! jag Blog_54523-8202951.7
Unknown prontype! jag Blog_54523-8202951.7
Unknown prontype! han Blog_54523-8202951.7
Unknown prontype! jag Blog_54523-8202951.7
Unknown prontype! han Blog_54523-8202951.7
Unknown prontype! hon Blog_54523-8202951.9
Unknown prontype! jag Blog_54523-8202951.9
Unknown prontype! vi Blog_54523-8202951.10
Unknown prontype! vi Blog_54523-8202951.10
Unknown prontype! vi Blog_54523-8202951.11
Unknown prontype! hon Blog_54523-8202951.11
Unknown prontype! jag Blog_54523-8202951.11
Unknown prontype! vad Blog_54523-8202951.13
Unknown prontype! jag Blog_54523-8202951.13
Unknown prontype! jag Blog_54523-9913239.1
Unknown prontype! denna Blog_54523-9913239.1
Unknown prontype! vad Blog_54523-9913239.2
Unknown prontype! du Blog_54523-9913239.2
Unknown prontype! jag Blog_54523-9913239.3
Unknown prontype! jag Blog_54523-9913239.5
Unknown prontype! jag Blog_54523-9913239.5
Unknown prontype! jag Blog_54523-9913239.5
Unknown prontype! jag Blog_54523-9913239.6
Unknown prontype! jag Blog_54523-9913239.6
Unknown prontype! man Blog_54523-9913239.7
Unknown prontype! jag Blog_54523-9913239.8
Unknown prontype! jag Blog_54523-9913239.8
Unknown prontype! jag Blog_54523-9913239.8
Unknown prontype! jag Blog_54523-9913239.9
Unknown prontype! jag Blog_54523-9913239.9
Unknown prontype! en Blog_54523-9913239.9
Unknown prontype! vi Blog_54523-9913239.9
Unknown prontype! hon Blog_54523-9913239.10
Unknown prontype! jag Blog_54523-9913239.11
Unknown prontype! en Blog_54523-9913239.11
Unknown prontype! jag Blog_54523-9913239.11
Unknown prontype! mycken Blog_54523-9913239.11
Unknown prontype! jag Blog_54523-9913239.11
Unknown prontype! jag Blog_54523-9913239.11
Unknown prontype! jag Blog_54523-9913239.11
Unknown prontype! jag Blog_54523-9913239.11
Unknown prontype! jag Blog_54523-9913239.11
Unknown prontype! jag Blog_54523-9913239.11
Unknown prontype! jag Blog_54523-9913239.12
Unknown prontype! jag Blog_54523-9913239.12
Unknown prontype! jag Blog_54523-9913239.12
Unknown prontype! jag Blog_54523-9913239.12
Unknown prontype! vilken Blog_54523-9913239.12
Unknown prontype! jag Blog_54523-9913239.12
Unknown prontype! vad Blog_54523-9913239.12
Unknown prontype! man Blog_54523-9913239.12
Unknown prontype! jag Blog_54523-6490319.1
Unknown prontype! jag Blog_54523-6490319.1
Unknown prontype! vi Blog_54523-6490319.1
Unknown prontype! någon Blog_54523-6490319.1
Unknown prontype! jag Blog_54523-6490319.1
Unknown prontype! jag Blog_54523-6490319.2
Unknown prontype! vi Blog_54523-6490319.2
Unknown prontype! vi Blog_54523-6490319.2
Unknown prontype! vi Blog_54523-6490319.2
Unknown prontype! någon Blog_54523-6490319.2
Unknown prontype! vi Blog_54523-6490319.2
Unknown prontype! hon Blog_54523-6490319.2
Unknown prontype! vi Blog_54523-6490319.2
Unknown prontype! all Blog_54523-6490319.2
Unknown prontype! jag Blog_54523-6490319.2
Unknown prontype! vi Blog_54523-6490319.2
Unknown prontype! en Blog_54523-6490319.2
Unknown prontype! jag Blog_54523-6490319.3
Unknown prontype! en Blog_54523-6490319.3
Unknown prontype! man Blog_54523-6490319.3
Unknown prontype! man Blog_54523-6490319.3
Unknown prontype! jag Blog_54523-6490319.3
Unknown prontype! jag Blog_54523-6490319.4
Unknown prontype! jag Blog_54523-6490319.4
Unknown prontype! all Blog_54523-6490319.4
Unknown prontype! jag Blog_54523-6490319.4
Unknown prontype! han Blog_54523-6490319.4
Unknown prontype! han Blog_54523-6490319.4
Unknown prontype! han Blog_54523-6490319.4
Unknown prontype! jag Blog_54523-6490319.4
Unknown prontype! jag Blog_54523-6490319.4
Unknown prontype! jag Blog_54523-6490319.4
Unknown prontype! en Blog_54523-6490319.4
Unknown prontype! jag Blog_54523-6490319.4
Unknown prontype! jag Blog_54523-6490319.4
Unknown prontype! en Blog_54523-6490319.4
Unknown prontype! vad Blog_54523-6490319.4
Unknown prontype! jag Blog_54523-6490319.4
Unknown prontype! vad Blog_54523-6490319.5
Unknown prontype! jag Blog_54523-6490319.5
Unknown prontype! all Blog_54523-6490319.5
Unknown prontype! han Blog_54523-9491151.1
Unknown prontype! en Blog_54523-9491151.1
Unknown prontype! jag Blog_54523-9491151.4
Unknown prontype! jag Blog_54523-9491151.5
Unknown prontype! jag Blog_54523-9491151.6
Unknown prontype! vi Blog_54523-9491151.6
Unknown prontype! vi Blog_54523-9491151.7
Unknown prontype! en Blog_54523-9491151.7
Unknown prontype! jag Blog_54523-9491151.8
Unknown prontype! jag Blog_54523-9491151.8
Unknown prontype! en Blog_54523-9491151.8
Unknown prontype! jag Blog_54523-9491151.9
Unknown prontype! vi Blog_54523-9491151.9
Unknown prontype! någon Blog_54523-9491151.9
Unknown prontype! vi Blog_54523-9491151.9
Unknown prontype! jag Blog_54523-9491151.9
Unknown prontype! jag Blog_54523-9491151.9
Unknown prontype! en Blog_54523-9491151.9
Unknown prontype! en Blog_54523-9491151.9
Unknown prontype! jag Blog_54523-9491151.10
Unknown prontype! jag Blog_54523-9491151.10
Unknown prontype! jag Blog_54523-9491151.10
Unknown prontype! jag Blog_54523-9491151.10
Unknown prontype! jag Blog_54523-9491151.11
Unknown prontype! vi Blog_54523-9491151.11
Unknown prontype! vi Blog_54523-9491151.11
Unknown prontype! en Blog_54523-9491151.11
Unknown prontype! vi Blog_54523-9491151.12
Unknown prontype! jag Blog_54523-9491151.12
Unknown prontype! vi Blog_54523-9491151.12
Unknown prontype! jag Blog_54523-4665614.1
Unknown prontype! jag Blog_54523-4665614.2
Unknown prontype! jag Blog_54523-4665614.3
Unknown prontype! all Blog_54523-4665614.4
Unknown prontype! jag Blog_54523-4665614.4
Unknown prontype! vad Blog_54523-4665614.5
Unknown prontype! en Blog_54523-4665614.5
Unknown prontype! jag Blog_54523-4665614.5
Unknown prontype! jag Blog_54523-4665614.6
Unknown prontype! en Blog_54523-4665614.6
Unknown prontype! jag Blog_54523-4665614.6
Unknown prontype! någon Blog_54523-4665614.6
Unknown prontype! denna Blog_54523-4665614.6
Unknown prontype! jag Blog_54523-4665614.6
Unknown prontype! en Blog_54523-4665614.6
Unknown prontype! jag Blog_54523-4665614.6
Unknown prontype! jag Blog_54523-4665614.6
Unknown prontype! jag Blog_54523-14269154.1
Unknown prontype! denna Blog_54523-14269154.1
Unknown prontype! all Blog_54523-14269154.1
Unknown prontype! jag Blog_54523-14269154.1
Unknown prontype! jag Blog_54523-14269154.1
Unknown prontype! en Blog_54523-14269154.1
Unknown prontype! en Blog_54523-14269154.1
Unknown prontype! jag Blog_54523-14269154.1
Unknown prontype! någon Blog_54523-14269154.1
Unknown prontype! jag Blog_54523-14269154.1
Unknown prontype! jag Blog_54523-14269154.1
Unknown prontype! jag Blog_54523-14269154.1
Unknown prontype! jag Blog_54523-14269154.1
Unknown prontype! jag Blog_54523-14269154.1
Unknown prontype! jag Blog_54523-14269154.2
Unknown prontype! jag Blog_54523-14269154.2
Unknown prontype! vilken Blog_54523-14269154.3
Unknown prontype! en Blog_54523-14269154.3
Unknown prontype! vi Blog_54523-14269154.4
Unknown prontype! vi Blog_54523-14269154.4
Unknown prontype! ingen Blog_54523-14269154.4
Unknown prontype! hon Blog_54523-14269154.5
Unknown prontype! jag Blog_54523-14269154.5
Unknown prontype! han Blog_54523-14269154.6
Unknown prontype! han Blog_54523-14269154.6
Unknown prontype! en Blog_54523-14269154.6
Unknown prontype! han Blog_54523-14269154.6
Unknown prontype! jag Blog_54523-14269154.6
Unknown prontype! du Blog_54523-14269154.6
Unknown prontype! du Blog_54523-14269154.6
Unknown prontype! du Blog_54523-14269154.6
Unknown prontype! en Blog_54523-14269154.6
Unknown prontype! han Blog_54523-14269154.7
Unknown prontype! sig Blog_54523-14269154.7
Unknown prontype! en Blog_54523-14269154.7
Unknown prontype! en Blog_54523-14269154.7
Unknown prontype! han Blog_54523-14269154.7
Unknown prontype! jag Blog_54523-14269154.8
Unknown prontype! jag Blog_54523-14269154.8
Unknown prontype! denna Blog_54523-14269154.10
Unknown prontype! jag Blog_54523-14269154.10
Unknown prontype! jag Blog_54523-14269154.10
Unknown prontype! jag Blog_54523-14269154.11
Unknown prontype! hon Blog_54523-14269154.11
Unknown prontype! jag Blog_54523-14269154.11
Unknown prontype! jag Blog_54523-14269154.11
Unknown prontype! vi Blog_54523-14269154.11
Unknown prontype! vi Blog_54523-14269154.11
Unknown prontype! denna Blog_54523-14269154.11
Unknown prontype! jag Blog_54523-14269154.11
Unknown prontype! jag Blog_54523-14269154.11
Unknown prontype! vi Blog_54523-14269154.12
Unknown prontype! en Blog_54523-14269154.12
Unknown prontype! denna Blog_54523-14269154.12
Unknown prontype! jag Blog_54523-14269154.12
Unknown prontype! jag Blog_54523-14269154.12
Unknown prontype! en Blog_54523-14269154.12
Unknown prontype! jag Blog_54523-14269154.12
Unknown prontype! jag Blog_54523-14269154.12
Unknown prontype! jag Blog_54523-14269154.12
Unknown prontype! jag Blog_54523-14269154.12
Unknown prontype! denna Blog_54523-14269154.12
Unknown prontype! jag Blog_54523-14269154.13
Unknown prontype! jag Blog_54523-14269154.13
Unknown prontype! jag Eupa_00-01-17.2
Unknown prontype! jag Eupa_00-01-17.3
Unknown prontype! er Eupa_00-01-17.3
Unknown prontype! en Eupa_00-01-17.3
Unknown prontype! jag Eupa_00-01-17.3
Unknown prontype! ni Eupa_00-01-17.3
Unknown prontype! en Eupa_00-01-17.3
Unknown prontype! ni Eupa_00-01-17.4
Unknown prontype! en Eupa_00-01-17.5
Unknown prontype! ni Eupa_00-01-17.6
Unknown prontype! en Eupa_00-01-17.6
Unknown prontype! jag Eupa_00-01-17.7
Unknown prontype! vi Eupa_00-01-17.7
Unknown prontype! en Eupa_00-01-17.7
Unknown prontype! en Eupa_00-01-17.7
Unknown prontype! jag Eupa_00-01-17.8
Unknown prontype! er Eupa_00-01-17.8
Unknown prontype! er Eupa_00-01-17.8
Unknown prontype! en Eupa_00-01-17.8
Unknown prontype! en Eupa_00-01-17.9
Unknown prontype! en Eupa_00-01-17.11
Unknown prontype! ni Eupa_00-01-17.12
Unknown prontype! en Eupa_00-01-17.12
Unknown prontype! en Eupa_00-01-17.13
Unknown prontype! någon Eupa_00-01-17.13
Unknown prontype! er Eupa_00-01-17.14
Unknown prontype! en Eupa_00-01-17.14
Unknown prontype! vilken Eupa_00-01-17.14
Unknown prontype! han Eupa_00-01-17.14
Unknown prontype! hon Eupa_00-01-17.14
Unknown prontype! all Eupa_00-01-17.14
Unknown prontype! en Eupa_00-01-17.14
Unknown prontype! en Eupa_00-01-17.14
Unknown prontype! jag Eupa_00-01-17.15
Unknown prontype! en Eupa_00-01-17.15
Unknown prontype! ni Eupa_00-01-17.15
Unknown prontype! jag Eupa_00-01-17.16
Unknown prontype! en Eupa_00-01-17.18
Unknown prontype! jag Eupa_00-01-17.19
Unknown prontype! er Eupa_00-01-17.19
Unknown prontype! vad Eupa_00-01-17.19
Unknown prontype! en Eupa_00-01-17.19
Unknown prontype! någon Eupa_00-01-17.20
Unknown prontype! jag Eupa_00-01-17.20
Unknown prontype! en Eupa_00-01-17.21
Unknown prontype! någon Eupa_00-01-17.21
Unknown prontype! denna Eupa_00-01-17.22
Unknown prontype! jag Eupa_00-01-17.23
Unknown prontype! en Eupa_00-01-17.23
Unknown prontype! en Eupa_00-01-17.23
Unknown prontype! jag Eupa_00-01-17.24
Unknown prontype! jag Eupa_00-01-17.24
Unknown prontype! en Eupa_00-01-17.24
Unknown prontype! en Eupa_00-01-17.24
Unknown prontype! en Eupa_00-01-17.24
Unknown prontype! någon Eupa_00-01-17.24
Unknown prontype! jag Eupa_00-01-17.24
Unknown prontype! ni Eupa_00-01-17.25
Unknown prontype! ni Eupa_00-01-17.25
Unknown prontype! denna Eupa_00-01-17.25
Unknown prontype! man Eupa_00-01-17.27
Unknown prontype! en Eupa_00-01-17.27
Unknown prontype! en Eupa_00-01-17.27
Unknown prontype! vi Eupa_00-01-17.27
Unknown prontype! en Eupa_00-01-17.28
Unknown prontype! en Eupa_00-01-17.28
Unknown prontype! jag Eupa_00-01-17.28
Unknown prontype! jag Eupa_00-01-17.28
Unknown prontype! er Eupa_00-01-17.28
Unknown prontype! all Eupa_00-01-17.28
Unknown prontype! ni Eupa_00-01-17.28
Unknown prontype! ni Eupa_00-01-17.28
Unknown prontype! denna Eupa_00-01-17.29
Unknown prontype! vi Eupa_00-01-17.29
Unknown prontype! jag Eupa_00-01-17.30
Unknown prontype! jag Eupa_00-01-17.33
Unknown prontype! en Eupa_00-01-17.33
Unknown prontype! sig Eupa_00-01-17.33
Unknown prontype! all Eupa_00-01-17.35
Unknown prontype! vi Eupa_00-01-17.35
Unknown prontype! vi Eupa_00-01-17.35
Unknown prontype! han Eupa_00-01-17.35
Unknown prontype! en Eupa_00-01-17.35
Unknown prontype! han Eupa_00-01-17.36
Unknown prontype! vi Eupa_00-01-17.37
Unknown prontype! vilken Eupa_00-01-17.37
Unknown prontype! vi Eupa_00-01-17.37
Unknown prontype! en Eupa_00-01-17.37
Unknown prontype! denna Eupa_00-01-17.37
Unknown prontype! en Eupa_00-01-17.37
Unknown prontype! vi Eupa_00-01-17.37
Unknown prontype! han Eupa_00-01-17.37
Unknown prontype! jag Eupa_00-01-17.38
Unknown prontype! er Eupa_00-01-17.38
Unknown prontype! en Eupa_00-01-17.38
Unknown prontype! en Eupa_00-01-17.38
Unknown prontype! denna Eupa_00-01-17.38
Unknown prontype! jag Eupa_00-01-17.39
Unknown prontype! denna Eupa_00-01-17.39
Unknown prontype! jag Eupa_00-01-17.39
Unknown prontype! jag Eupa_00-01-17.41
Unknown prontype! er Eupa_00-01-17.41
Unknown prontype! en Eupa_00-01-17.41
Unknown prontype! ni Eupa_00-01-17.41
Unknown prontype! en Eupa_00-01-17.41
Unknown prontype! jag Eupa_00-01-17.42
Unknown prontype! en Eupa_00-01-17.43
Unknown prontype! ingen Eupa_00-01-17.43
Unknown prontype! jag Eupa_00-01-17.44
Unknown prontype! er Eupa_00-01-17.44
Unknown prontype! en Eupa_00-01-17.44
Unknown prontype! vi Eupa_00-01-17.44
Unknown prontype! jag Eupa_00-01-17.45
Unknown prontype! er Eupa_00-01-17.45
Unknown prontype! vi Eupa_00-01-17.45
Unknown prontype! en Eupa_00-01-17.45
Unknown prontype! jag Eupa_00-01-17.47
Unknown prontype! er Eupa_00-01-17.47
Unknown prontype! jag Eupa_00-01-17.48
Unknown prontype! en Eupa_00-01-17.48
Unknown prontype! ni Eupa_00-01-17.50
Unknown prontype! jag Eupa_00-01-17.50
Unknown prontype! denna Eupa_00-01-17.50
Unknown prontype! någon Eupa_00-01-17.51
Unknown prontype! denna Eupa_00-01-17.51
Unknown prontype! denna Eupa_00-01-17.51
Unknown prontype! någon Eupa_00-01-17.52
Unknown prontype! någon Eupa_00-01-17.53
Unknown prontype! ingen Eupa_00-01-17.54
Unknown prontype! man Eupa_00-01-17.54
Unknown prontype! sig Eupa_00-01-17.54
Unknown prontype! jag Eupa_00-01-17.55
Unknown prontype! man Eupa_00-01-17.56
Unknown prontype! jag Eupa_00-01-17.57
Unknown prontype! vi Eupa_00-01-17.57
Unknown prontype! vi Eupa_00-01-17.57
Unknown prontype! ni Eupa_00-01-17.60
Unknown prontype! jag Eupa_00-01-17.60
Unknown prontype! all Eupa_00-01-17.60
Unknown prontype! denna Eupa_00-01-17.60
Unknown prontype! jag Eupa_00-01-17.61
Unknown prontype! jag Eupa_00-01-17.61
Unknown prontype! vi Eupa_00-01-17.61
Unknown prontype! vi Eupa_00-01-17.61
Unknown prontype! jag Eupa_00-01-17.63
Unknown prontype! någon Eupa_00-01-17.63
Unknown prontype! en viss Eupa_00-01-17.63
Unknown prontype! en Eupa_00-01-17.63
Unknown prontype! denna Eupa_00-01-17.64
Unknown prontype! man Eupa_00-01-17.64
Unknown prontype! denna Eupa_00-01-17.64
Unknown prontype! en Eupa_00-01-17.64
Unknown prontype! jag Eupa_00-01-17.65
Unknown prontype! man Eupa_00-01-17.65
Unknown prontype! en Eupa_00-01-17.66
Unknown prontype! vi Eupa_00-01-17.68
Unknown prontype! all Eupa_00-01-17.68
Unknown prontype! denna Eupa_00-01-17.68
Unknown prontype! jag Eupa_00-01-17.69
Unknown prontype! vi Eupa_00-01-17.70
Unknown prontype! denna Eupa_00-01-17.70
Unknown prontype! all Eupa_00-01-17.70
Unknown prontype! jag Eupa_00-01-17.72
Unknown prontype! en Eupa_00-01-17.72
Unknown prontype! en Eupa_00-01-17.72
Unknown prontype! denna Eupa_00-01-17.72
Unknown prontype! en Eupa_00-01-17.74
Unknown prontype! denna Eupa_00-01-17.74
Unknown prontype! vad Eupa_00-01-17.74
Unknown prontype! en Eupa_00-01-17.77
Unknown prontype! en Eupa_00-01-17.77
Unknown prontype! vi Eupa_00-01-17.78
Unknown prontype! vad Eupa_00-01-17.78
Unknown prontype! vilken Eupa_00-01-17.81
Unknown prontype! någon Eupa_00-01-17.81
Unknown prontype! ingen Eupa_00-01-17.85
Unknown prontype! en Eupa_00-01-17.87
Unknown prontype! jag Eupa_00-01-17.88
Unknown prontype! sig Eupa_00-01-17.88
Unknown prontype! han Eupa_00-01-17.88
Unknown prontype! vi Eupa_00-01-17.89
Unknown prontype! vi Eupa_00-01-17.89
Unknown prontype! vi Eupa_00-01-17.89
Unknown prontype! en Eupa_00-01-17.89
Unknown prontype! en Eupa_00-01-17.89
Unknown prontype! en Eupa_00-01-17.91
Unknown prontype! en Eupa_00-01-17.91
Unknown prontype! denna Eupa_00-01-17.91
Unknown prontype! denna Eupa_00-01-17.92
Unknown prontype! jag Eupa_00-01-17.93
Unknown prontype! man Eupa_00-01-17.93
Unknown prontype! denna Eupa_00-01-17.93
Unknown prontype! denna Eupa_00-01-17.93
Unknown prontype! man Eupa_00-01-17.93
Unknown prontype! en Eupa_00-01-17.93
Unknown prontype! mycket Eupa_00-01-17.94
Unknown prontype! vi Eupa_00-01-17.94
Unknown prontype! denna Eupa_00-01-17.94
Unknown prontype! denna Eupa_00-01-17.94
Unknown prontype! jag Eupa_00-01-17.95
Unknown prontype! man Eupa_00-01-17.95
Unknown prontype! någon Eupa_00-01-17.96
Unknown prontype! en Eupa_00-01-17.96
Unknown prontype! denna Eupa_00-01-17.96
Unknown prontype! en Eupa_00-01-17.96
Unknown prontype! denna Eupa_00-01-17.96
Unknown prontype! man Eupa_00-01-17.97
Unknown prontype! jag Eupa_00-01-17.98
Unknown prontype! vi Eupa_00-01-17.98
Unknown prontype! man Eupa_00-01-17.98
Unknown prontype! en viss Eupa_00-01-17.98
Unknown prontype! vi Eupa_00-01-17.99
Unknown prontype! man Eupa_00-01-17.99
Unknown prontype! en Eupa_00-01-17.99
Unknown prontype! en Eupa_00-01-17.99
Unknown prontype! en Eupa_00-01-17.99
Unknown prontype! en Eupa_00-01-17.99
Unknown prontype! man Eupa_00-01-17.99
Unknown prontype! man Eupa_00-01-17.100
Unknown prontype! vi Eupa_00-01-17.100
Unknown prontype! all Eupa_00-01-17.100
Unknown prontype! någon Eupa_00-01-17.100
Unknown prontype! sig Eupa_00-01-17.100
Unknown prontype! vi Eupa_00-01-17.101
Unknown prontype! någon Eupa_00-01-17.101
Unknown prontype! en Eupa_00-01-17.101
Unknown prontype! vi Eupa_00-01-17.101
Unknown prontype! en Eupa_00-01-17.101
Unknown prontype! man Eupa_00-01-17.102
Unknown prontype! en Eupa_00-01-17.102
Unknown prontype! en Eupa_00-01-17.102
Unknown prontype! någon Eupa_00-01-17.102
Unknown prontype! en Eupa_00-01-17.102
Unknown prontype! jag Eupa_00-01-17.103
Unknown prontype! ni Eupa_00-01-17.103
Unknown prontype! sig Eupa_00-01-17.103
Unknown prontype! vi Eupa_00-01-17.103
Unknown prontype! jag Eupa_00-01-17.106
Unknown prontype! jag Eupa_00-01-17.106
Unknown prontype! någon Eupa_00-01-17.106
Unknown prontype! han Eupa_00-01-17.106
Unknown prontype! denna Eupa_00-01-17.106
Unknown prontype! ni Eupa_00-01-17.108
Unknown prontype! jag Eupa_00-01-17.109
Unknown prontype! man Eupa_00-01-17.109
Unknown prontype! en Eupa_00-01-17.109
Unknown prontype! er Eupa_00-01-17.110
Unknown prontype! vi Eupa_00-01-17.111
Unknown prontype! en Eupa_00-01-17.111
Unknown prontype! ni Eupa_00-01-17.112
Unknown prontype! vi Eupa_00-01-17.113
Unknown prontype! han Eupa_00-01-17.114
Unknown prontype! hon Eupa_00-01-17.114
Unknown prontype! denna Eupa_00-01-17.115
Unknown prontype! vad Eupa_00-01-17.116
Unknown prontype! jag Eupa_00-01-17.116
Unknown prontype! någon Eupa_00-01-17.116
Unknown prontype! denna Eupa_00-01-17.117
Unknown prontype! all Eupa_00-01-17.117
Unknown prontype! ingen Eupa_00-01-17.117
Unknown prontype! man Eupa_00-01-17.117
Unknown prontype! ni Eupa_00-01-17.117
Unknown prontype! all Eupa_00-01-17.118
Unknown prontype! en Eupa_00-01-17.118
Unknown prontype! jag Eupa_00-01-17.120
Unknown prontype! någon Eupa_00-01-17.120
Unknown prontype! vi Eupa_00-01-17.121
Unknown prontype! en Eupa_00-01-17.121
Unknown prontype! en Eupa_00-01-17.121
Unknown prontype! all Eupa_00-01-17.121
Unknown prontype! vi Eupa_00-01-17.122
Unknown prontype! vi Eupa_00-01-17.122
Unknown prontype! en Eupa_00-01-17.122
Unknown prontype! en Eupa_00-01-17.122
Unknown prontype! en Eupa_00-01-17.122
Unknown prontype! någon Eupa_00-01-17.123
Unknown prontype! vi Eupa_00-01-17.126
Unknown prontype! denna Eupa_00-01-17.126
Unknown prontype! sig Eupa_00-01-17.126
Unknown prontype! vi Eupa_00-01-17.126
Unknown prontype! vi Eupa_00-01-17.127
Unknown prontype! vi Eupa_00-01-17.128
Unknown prontype! vi Eupa_00-01-17.129
Unknown prontype! all Eupa_00-01-17.130
Unknown prontype! jag Eupa_00-01-17.131
Unknown prontype! vi Eupa_00-01-17.131
Unknown prontype! vi Eupa_00-01-17.131
Unknown prontype! en Eupa_00-01-17.131
Unknown prontype! en Eupa_00-01-17.131
Unknown prontype! man Eupa_00-01-17.132
Unknown prontype! sig Eupa_00-01-17.132
Unknown prontype! en Eupa_00-01-17.132
Unknown prontype! vad Eupa_00-01-17.132
Unknown prontype! en Eupa_00-01-17.132
Unknown prontype! vi Eupa_00-01-17.133
Unknown prontype! jag Eupa_00-01-17.133
Unknown prontype! jag Eupa_00-01-17.133
Unknown prontype! en Eupa_00-01-17.133
Unknown prontype! vi Eupa_00-01-17.133
Unknown prontype! vi Eupa_00-01-17.134
Unknown prontype! jag Eupa_00-01-17.138
Unknown prontype! vi Eupa_00-01-17.139
Unknown prontype! jag Eupa_00-01-17.140
Unknown prontype! en Eupa_00-01-17.140
Unknown prontype! en Eupa_00-01-17.140
Unknown prontype! denna Eupa_00-01-17.140
Unknown prontype! jag Eupa_00-01-17.141
Unknown prontype! man Eupa_00-01-17.141
Unknown prontype! en Eupa_00-01-17.141
Unknown prontype! jag Eupa_00-01-17.142
Unknown prontype! vi Eupa_00-01-17.142
Unknown prontype! denna Eupa_00-01-17.142
Unknown prontype! vi Eupa_00-01-17.142
Unknown prontype! denna Eupa_00-01-17.142
Unknown prontype! man Eupa_00-01-17.142
Unknown prontype! en Eupa_00-01-17.142
Unknown prontype! jag Eupa_00-01-17.143
Unknown prontype! en Eupa_00-01-17.143
Unknown prontype! vi Eupa_00-01-17.143
Unknown prontype! vi Eupa_00-01-17.143
Unknown prontype! man Eupa_00-01-17.143
Unknown prontype! sig Eupa_00-01-17.143
Unknown prontype! jag Eupa_00-01-17.144
Unknown prontype! vi Eupa_00-01-17.144
Unknown prontype! jag Eupa_00-01-17.147
Unknown prontype! en Eupa_00-01-17.147
Unknown prontype! denna Eupa_00-01-17.148
Unknown prontype! någon Eupa_00-01-17.149
Unknown prontype! denna Eupa_00-01-17.149
Unknown prontype! jag Eupa_00-01-17.151
Unknown prontype! man Eupa_00-01-17.151
Unknown prontype! jag Eupa_00-01-17.151
Unknown prontype! jag Eupa_00-01-17.152
Unknown prontype! denna Eupa_00-01-17.152
Unknown prontype! vi Eupa_00-01-17.152
Unknown prontype! all Eupa_00-01-17.152
Unknown prontype! sig Eupa_00-01-17.152
Unknown prontype! en Eupa_00-01-17.153
Unknown prontype! vi Eupa_00-01-17.156
Unknown prontype! sig Eupa_00-01-17.156
Unknown prontype! denna Eupa_00-01-17.156
Unknown prontype! jag Eupa_00-01-17.158
Unknown prontype! han Eupa_00-01-17.159
Unknown prontype! sig Eupa_00-01-17.159
Unknown prontype! en Eupa_00-01-17.159
Unknown prontype! han Eupa_00-01-17.160
Unknown prontype! vi Eupa_00-01-17.161
Unknown prontype! jag Eupa_00-01-17.161
Unknown prontype! ni Eupa_00-01-17.161
Unknown prontype! ni Eupa_00-01-17.161
Unknown prontype! ni Eupa_00-01-17.161
Unknown prontype! vad Eupa_00-01-17.161
Unknown prontype! jag Eupa_00-01-17.163
Unknown prontype! denna Eupa_00-01-17.163
Unknown prontype! en Eupa_00-01-17.163
Unknown prontype! all Eupa_00-01-17.163
Unknown prontype! vilken Eupa_00-01-17.163
Unknown prontype! denna Eupa_00-01-17.163
Unknown prontype! denna Eupa_00-01-17.163
Unknown prontype! en Eupa_00-01-17.163
Unknown prontype! vi Eupa_00-01-17.164
Unknown prontype! jag Eupa_00-01-17.168
Unknown prontype! han Eupa_00-01-17.168
Unknown prontype! denna Eupa_00-01-17.168
Unknown prontype! jag Eupa_00-01-17.171
Unknown prontype! jag Eupa_00-01-17.171
Unknown prontype! någon Eupa_00-01-17.171
Unknown prontype! jag Eupa_00-01-17.172
Unknown prontype! man Eupa_00-01-17.173
Unknown prontype! sig Eupa_00-01-17.173
Unknown prontype! ingen Eupa_00-01-17.176
Unknown prontype! någon Eupa_00-01-17.176
Unknown prontype! en Eupa_00-01-17.179
Unknown prontype! jag Eupa_00-01-17.179
Unknown prontype! all Eupa_00-01-17.179
Unknown prontype! vi Eupa_00-01-17.180
Unknown prontype! en Eupa_00-01-17.180
Unknown prontype! jag Eupa_00-01-17.181
Unknown prontype! en Eupa_00-01-17.181
Unknown prontype! jag Eupa_00-01-17.182
Unknown prontype! jag Eupa_00-01-17.182
Unknown prontype! jag Eupa_00-01-17.183
Unknown prontype! vi Eupa_00-01-17.184
Unknown prontype! ni Eupa_00-01-17.184
Unknown prontype! jag Eupa_00-01-17.185
Unknown prontype! all Eupa_00-01-17.185
Unknown prontype! vi Eupa_00-01-17.185
Unknown prontype! all Eupa_00-01-17.185
Unknown prontype! hon Eupa_00-01-17.187
Unknown prontype! vi Eupa_00-01-17.188
Unknown prontype! jag Eupa_00-01-17.190
Unknown prontype! denna Eupa_00-01-17.190
Unknown prontype! jag Eupa_00-01-17.190
Unknown prontype! jag Eupa_00-01-17.190
Unknown prontype! jag Eupa_00-01-17.190
Unknown prontype! jag Eupa_00-01-17.192
Unknown prontype! jag Eupa_00-01-17.192
Unknown prontype! denna Eupa_00-01-17.192
Unknown prontype! en Eupa_00-01-17.192
Unknown prontype! denna Eupa_00-01-17.193
Unknown prontype! en Eupa_00-01-17.193
Unknown prontype! vad Eupa_00-01-17.194
Unknown prontype! vi Eupa_00-01-17.194
Unknown prontype! jag Eupa_00-01-17.196
Unknown prontype! jag Eupa_00-01-17.196
Unknown prontype! ni Eupa_00-01-17.197
Unknown prontype! jag Eupa_00-01-17.197
Unknown prontype! jag Eupa_00-01-17.198
Unknown prontype! jag Eupa_00-01-17.199
Unknown prontype! jag Eupa_00-01-17.199
Unknown prontype! ni Eupa_00-01-17.199
Unknown prontype! jag Eupa_00-01-17.200
Unknown prontype! vi Eupa_00-01-17.201
Unknown prontype! jag Eupa_00-01-17.202
Unknown prontype! en Eupa_00-01-17.202
Unknown prontype! man Eupa_00-01-17.203
Unknown prontype! all Eupa_00-01-17.203
Unknown prontype! jag Eupa_00-01-17.204
Unknown prontype! vad Eupa_00-01-17.205
Unknown prontype! ni Eupa_00-01-17.205
Unknown prontype! en Eupa_00-01-17.207
Unknown prontype! jag Eupa_00-01-17.207
Unknown prontype! jag Eupa_00-01-17.207
Unknown prontype! denna Eupa_00-01-17.207
Unknown prontype! jag Eupa_00-01-17.208
Unknown prontype! en Eupa_00-01-17.208
Unknown prontype! jag Eupa_00-01-17.208
Unknown prontype! denna Eupa_00-01-17.208
Unknown prontype! vi Eupa_00-01-17.209
Unknown prontype! vi Eupa_00-01-17.210
Unknown prontype! vi Eupa_00-01-17.211
Unknown prontype! denna Eupa_00-01-17.212
Unknown prontype! jag Eupa_00-01-17.217
Unknown prontype! en Eupa_00-01-17.217
Unknown prontype! vi Eupa_00-01-17.218
Unknown prontype! vilken Eupa_00-01-17.218
Unknown prontype! denna Eupa_00-01-17.218
Unknown prontype! denna Eupa_00-01-17.218
Unknown prontype! vi Eupa_00-01-17.219
Unknown prontype! vi Eupa_00-01-17.220
Unknown prontype! en Eupa_00-01-17.220
Unknown prontype! vi Eupa_00-01-17.220
Unknown prontype! all Eupa_00-01-17.221
Unknown prontype! denna Eupa_00-01-17.221
Unknown prontype! vi Eupa_00-01-17.221
Unknown prontype! jag Eupa_00-01-17.222
Unknown prontype! en Eupa_00-01-17.223
Unknown prontype! en Eupa_00-01-17.223
Unknown prontype! jag Eupa_00-01-17.224
Unknown prontype! vilken Eupa_00-01-17.224
Unknown prontype! vi Eupa_00-01-17.225
Unknown prontype! någon Eupa_00-01-17.225
Unknown prontype! en Eupa_00-01-17.225
Unknown prontype! vi Eupa_00-01-17.225
Unknown prontype! en Eupa_00-01-17.225
Unknown prontype! en Eupa_00-01-17.225
Unknown prontype! jag Eupa_00-01-17.226
Unknown prontype! vi Eupa_00-01-17.228
Unknown prontype! vi Eupa_00-01-17.228
Unknown prontype! all Eupa_00-01-17.228
Unknown prontype! en Eupa_00-01-17.228
Unknown prontype! en Eupa_00-01-17.228
Unknown prontype! jag Eupa_00-01-17.229
Unknown prontype! jag Eupa_00-01-17.229
Unknown prontype! vi Eupa_00-01-17.229
Unknown prontype! all Eupa_00-01-17.229
Unknown prontype! en Eupa_00-01-17.229
Unknown prontype! vad Eupa_00-01-17.229
Unknown prontype! denna Eupa_00-01-17.230
Unknown prontype! denna Eupa_00-01-17.231
Unknown prontype! en Eupa_00-01-17.231
Unknown prontype! en Eupa_00-01-17.232
Unknown prontype! vi Eupa_00-01-17.233
Unknown prontype! en Eupa_00-01-17.233
Unknown prontype! vi Eupa_00-01-17.234
Unknown prontype! vi Eupa_00-01-17.234
Unknown prontype! en Eupa_00-01-17.234
Unknown prontype! vi Eupa_00-01-17.235
Unknown prontype! vi Eupa_00-01-17.235
Unknown prontype! en Eupa_00-01-17.236
Unknown prontype! vi Eupa_00-01-17.236
Unknown prontype! jag Eupa_00-01-17.237
Unknown prontype! en Eupa_00-01-17.237
Unknown prontype! vi Eupa_00-01-17.237
Unknown prontype! vi Eupa_00-01-17.237
Unknown prontype! en Eupa_00-01-17.237
Unknown prontype! mycken Eupa_00-01-17.237
Unknown prontype! jag Eupa_00-01-17.238
Unknown prontype! en Eupa_00-01-17.238
Unknown prontype! vi Eupa_00-01-17.238
Unknown prontype! denna Eupa_00-01-17.238
Unknown prontype! jag Eupa_00-01-17.240
Unknown prontype! vilken Eupa_00-01-17.240
Unknown prontype! han Eupa_00-01-17.240
Unknown prontype! en Eupa_00-01-17.240
Unknown prontype! han Eupa_00-01-17.241
Unknown prontype! jag Eupa_00-01-17.242
Unknown prontype! han Eupa_00-01-17.242
Unknown prontype! all Eupa_00-01-17.243
Unknown prontype! vi Eupa_00-01-17.243
Unknown prontype! vilken Eupa_00-01-17.245
Unknown prontype! vi Eupa_00-01-17.245
Unknown prontype! en Eupa_00-01-17.245
Unknown prontype! vi Eupa_00-01-17.247
Unknown prontype! denna Eupa_00-01-17.247
Unknown prontype! denna Eupa_00-01-17.249
Unknown prontype! denna Eupa_00-01-17.251
Unknown prontype! denna Eupa_00-01-17.252
Unknown prontype! en Eupa_00-01-17.252
Unknown prontype! en Eupa_00-01-17.252
Unknown prontype! jag Eupa_00-01-17.253
Unknown prontype! vi Eupa_00-01-17.253
Unknown prontype! jag Eupa_00-01-17.253
Unknown prontype! sig Eupa_00-01-17.254
Unknown prontype! denna Eupa_00-01-17.254
Unknown prontype! mycken Eupa_00-01-17.255
Unknown prontype! jag Eupa_00-01-17.255
Unknown prontype! denna Eupa_00-01-17.255
Unknown prontype! jag Eupa_00-01-17.257
Unknown prontype! jag Eupa_00-01-17.258
Unknown prontype! någon Eupa_00-01-17.258
Unknown prontype! jag Eupa_00-01-17.259
Unknown prontype! jag Eupa_00-01-17.259
Unknown prontype! sig Eupa_00-01-17.259
Unknown prontype! jag Eupa_00-01-17.260
Unknown prontype! vi Eupa_00-01-17.260
Unknown prontype! jag Eupa_00-01-17.260
Unknown prontype! någon Eupa_00-01-17.260
Unknown prontype! denna Eupa_00-01-17.261
Unknown prontype! jag Eupa_00-01-17.261
Unknown prontype! vi Eupa_00-01-17.261
Unknown prontype! en Eupa_00-01-17.261
Unknown prontype! jag Eupa_00-01-17.263
Unknown prontype! vi Eupa_00-01-17.263
Unknown prontype! jag Eupa_00-01-17.264
Unknown prontype! någon Eupa_00-01-17.264
Unknown prontype! vi Eupa_00-01-17.264
Unknown prontype! sig Eupa_00-01-17.264
Unknown prontype! jag Eupa_00-01-17.265
Unknown prontype! denna Eupa_00-01-17.265
Unknown prontype! jag Eupa_00-01-17.265
Unknown prontype! vi Eupa_00-01-17.266
Unknown prontype! jag Eupa_00-01-17.268
Unknown prontype! en Eupa_00-01-17.268
Unknown prontype! denna Eupa_00-01-17.268
Unknown prontype! en Eupa_00-01-17.268
Unknown prontype! vi Eupa_00-01-17.269
Unknown prontype! en viss Eupa_00-01-17.269
Unknown prontype! jag Eupa_00-01-17.270
Unknown prontype! vi Eupa_00-01-17.270
Unknown prontype! all Eupa_00-01-17.270
Unknown prontype! all Eupa_00-01-17.270
Unknown prontype! jag Eupa_00-01-17.272
Unknown prontype! denna Eupa_00-01-17.272
Unknown prontype! en Eupa_00-01-17.272
Unknown prontype! vi Eupa_00-01-17.273
Unknown prontype! all Eupa_00-01-17.274
Unknown prontype! vi Eupa_00-01-17.274
Unknown prontype! en Eupa_00-01-17.274
Unknown prontype! vi Eupa_00-01-17.274
Unknown prontype! jag Eupa_00-01-17.275
Unknown prontype! er Eupa_00-01-17.275
Unknown prontype! han Eupa_00-01-17.276
Unknown prontype! man Eupa_00-01-17.276
Unknown prontype! en Eupa_00-01-17.277
Unknown prontype! en Eupa_00-01-17.277
Unknown prontype! jag Eupa_00-01-17.278
Unknown prontype! en Eupa_00-01-17.278
Unknown prontype! vi Eupa_00-01-17.278
Unknown prontype! vi Eupa_00-01-17.278
Unknown prontype! en Eupa_00-01-17.279
Unknown prontype! sig Eupa_00-01-17.279
Unknown prontype! någon Eupa_00-01-17.280
Unknown prontype! någon Eupa_00-01-17.280
Unknown prontype! en Eupa_00-01-17.280
Unknown prontype! man Eupa_00-01-17.281
Unknown prontype! man Eupa_00-01-17.281
Unknown prontype! en Eupa_00-01-17.281
Unknown prontype! jag Eupa_00-01-17.282
Unknown prontype! all Eupa_00-01-17.282
Unknown prontype! vi Eupa_00-01-17.283
Unknown prontype! en Eupa_00-01-17.283
Unknown prontype! vi Eupa_00-01-17.283
Unknown prontype! vi Eupa_00-01-17.283
Unknown prontype! jag Eupa_00-01-17.284
Unknown prontype! en Eupa_00-01-17.284
Unknown prontype! jag Eupa_00-01-17.285
Unknown prontype! vi Eupa_00-01-17.285
Unknown prontype! en Eupa_00-01-17.285
Unknown prontype! vi Eupa_00-01-17.285
Unknown prontype! vi Eupa_00-01-17.286
Unknown prontype! vi Eupa_00-01-17.286
Unknown prontype! en Eupa_00-01-17.286
Unknown prontype! en Eupa_00-01-17.286
Unknown prontype! denna Eupa_00-01-17.286
Unknown prontype! jag Eupa_00-01-17.287
Unknown prontype! en Eupa_00-01-17.287
Unknown prontype! en Eupa_00-01-17.287
Unknown prontype! all Eupa_00-01-17.287
Unknown prontype! jag Eupa_00-01-17.288
Unknown prontype! en Eupa_00-01-17.294
Unknown prontype! all Eupa_00-01-17.296
Unknown prontype! jag Eupa_00-01-17.297
Unknown prontype! denna Eupa_00-01-17.297
Unknown prontype! vi Eupa_00-01-17.297
Unknown prontype! jag Eupa_00-01-17.298
Unknown prontype! vilken Eupa_00-01-17.298
Unknown prontype! denna Eupa_00-01-17.299
Unknown prontype! en Eupa_00-01-17.299
Unknown prontype! vilken Eupa_00-01-17.299
Unknown prontype! sig Eupa_00-01-17.299
Unknown prontype! ingen Eupa_00-01-17.300
Unknown prontype! denna Eupa_00-01-17.301
Unknown prontype! vad Eupa_00-01-17.301
Unknown prontype! en Eupa_00-01-17.304
Unknown prontype! denna Eupa_00-01-17.305
Unknown prontype! denna Eupa_00-01-17.307
Unknown prontype! vi Eupa_00-01-17.308
Unknown prontype! denna Eupa_00-01-17.308
Unknown prontype! vilken Eupa_00-01-17.308
Unknown prontype! en Eupa_00-01-17.310
Unknown prontype! all Eupa_00-01-17.310
Unknown prontype! denna Eupa_00-01-17.310b
Unknown prontype! en Eupa_00-01-17.311
Unknown prontype! denna Eupa_00-01-17.311
Unknown prontype! jag Eupa_00-01-17.312
Unknown prontype! denna Eupa_00-01-17.312
Unknown prontype! en Eupa_00-01-17.312
Unknown prontype! jag Eupa_00-01-17.312
Unknown prontype! er Eupa_00-01-17.312
Unknown prontype! jag Eupa_00-01-17.315
Unknown prontype! denna Eupa_00-01-17.315
Unknown prontype! jag Eupa_00-01-17.316
Unknown prontype! denna Eupa_00-01-17.317
Unknown prontype! en Eupa_00-01-17.317
Unknown prontype! en Eupa_00-01-17.317
Unknown prontype! vilken Eupa_00-01-17.317
Unknown prontype! en Eupa_00-01-17.317
Unknown prontype! man Eupa_00-01-17.318
Unknown prontype! all Eupa_00-01-17.318
Unknown prontype! jag Eupa_00-01-17.319
Unknown prontype! någon Eupa_00-01-17.319
Unknown prontype! sig Eupa_00-01-17.319
Unknown prontype! denna Eupa_00-01-17.320
Unknown prontype! man Eupa_00-01-17.321
Unknown prontype! sig Eupa_00-01-17.321
Unknown prontype! man Eupa_00-01-17.322
Unknown prontype! vi Eupa_00-01-17.322
Unknown prontype! jag Eupa_00-01-17.323
Unknown prontype! denna Eupa_00-01-17.324
Unknown prontype! jag Eupa_00-01-17.325
Unknown prontype! ni Eupa_00-01-17.327
Unknown prontype! jag Eupa_00-01-17.327
Unknown prontype! all Eupa_00-01-17.327
Unknown prontype! en Eupa_00-01-17.327
Unknown prontype! jag Eupa_00-01-17.329
Unknown prontype! en Eupa_00-01-17.330
Unknown prontype! denna Eupa_00-01-17.330
Unknown prontype! vad Eupa_00-01-17.331
Unknown prontype! vi Eupa_00-01-17.331
Unknown prontype! en Eupa_00-01-17.331
Unknown prontype! vi Eupa_00-01-17.332
Unknown prontype! han Eupa_00-01-17.332
Unknown prontype! all Eupa_00-01-17.332
Unknown prontype! vi Eupa_00-01-17.333
Unknown prontype! denna Eupa_00-01-17.333
Unknown prontype! vi Eupa_00-01-17.333
Unknown prontype! en Eupa_00-01-17.333
Unknown prontype! vi Eupa_00-01-17.333
Unknown prontype! en Eupa_00-01-17.333
Unknown prontype! en Eupa_00-01-17.333
Unknown prontype! jag Eupa_00-01-17.335
Unknown prontype! jag Eupa_00-01-17.335
Unknown prontype! jag Eupa_00-01-17.336
Unknown prontype! jag Eupa_00-01-17.336
Unknown prontype! vi Eupa_00-01-17.337
Unknown prontype! en Eupa_00-01-17.337
Unknown prontype! vi Eupa_00-01-17.338
Unknown prontype! all Eupa_00-01-17.338
Unknown prontype! jag Eupa_00-01-17.339
Unknown prontype! jag Eupa_00-01-17.342
Unknown prontype! en Eupa_00-01-17.342
Unknown prontype! denna Eupa_00-01-17.342
Unknown prontype! vi Eupa_00-01-17.343
Unknown prontype! jag Eupa_00-01-17.344
Unknown prontype! någon Eupa_00-01-17.344
Unknown prontype! sig Eupa_00-01-17.344
Unknown prontype! vi Eupa_00-01-17.344
Unknown prontype! all Eupa_00-01-17.344
Unknown prontype! vi Eupa_00-01-17.344
Unknown prontype! vi Eupa_00-01-17.346
Unknown prontype! sig Eupa_00-01-17.346
Unknown prontype! ingen Eupa_00-01-17.346
Unknown prontype! vi Eupa_00-01-17.348
Unknown prontype! denna Eupa_00-01-17.348
Unknown prontype! en Eupa_00-01-17.348
Unknown prontype! denna Eupa_00-01-17.350
Unknown prontype! vi Eupa_00-01-17.351
Unknown prontype! han Eupa_00-01-17.352
Unknown prontype! denna Eupa_00-01-17.352
Unknown prontype! denna Eupa_00-01-17.353
Unknown prontype! vi Eupa_00-01-17.354
Unknown prontype! en Eupa_00-01-17.354
Unknown prontype! vi Eupa_00-01-17.354
Unknown prontype! denna Eupa_00-01-17.354
Unknown prontype! jag Eupa_00-01-17.355
Unknown prontype! en Eupa_00-01-17.355
Unknown prontype! en Eupa_00-01-17.355
Unknown prontype! sig Eupa_00-01-17.356
Unknown prontype! en Eupa_00-01-17.356
Unknown prontype! en Eupa_00-01-17.356
Unknown prontype! denna Eupa_00-01-17.357
Unknown prontype! vi Eupa_00-01-17.357
Unknown prontype! en Eupa_00-01-17.358
Unknown prontype! vi Eupa_00-01-17.359
Unknown prontype! denna Eupa_00-01-17.359
Unknown prontype! denna Eupa_00-01-17.360
Unknown prontype! jag Eupa_00-01-17.362
Unknown prontype! en Eupa_00-01-17.363
Unknown prontype! mycket Eupa_00-01-17.363
Unknown prontype! jag Eupa_00-01-17.364
Unknown prontype! hon Eupa_00-01-17.364
Unknown prontype! vi Eupa_00-01-17.364
Unknown prontype! denna Eupa_00-01-17.364
Unknown prontype! båda Eupa_00-01-17.364
Unknown prontype! vi Eupa_00-01-17.365
Unknown prontype! denna Eupa_00-01-17.365
Unknown prontype! denna Eupa_00-01-17.367
Unknown prontype! en Eupa_00-01-17.367
Unknown prontype! jag Eupa_00-01-17.369
Unknown prontype! en Eupa_00-01-17.369
Unknown prontype! vi Eupa_00-01-17.369
Unknown prontype! all Eupa_00-01-17.370
Unknown prontype! vi Eupa_00-01-17.370
Unknown prontype! en Eupa_00-01-17.370
Unknown prontype! vi Eupa_00-01-17.371
Unknown prontype! en Eupa_00-01-17.372
Unknown prontype! vi Eupa_00-01-17.373
Unknown prontype! han Eupa_00-01-17.373
Unknown prontype! jag Eupa_00-01-17.373
Unknown prontype! man Eupa_00-01-17.373
Unknown prontype! en viss Eupa_00-01-17.373
Unknown prontype! man Eupa_00-01-17.373
Unknown prontype! vad Eupa_00-01-17.374
Unknown prontype! jag Eupa_00-01-17.374
Unknown prontype! vi Eupa_00-01-17.374
Unknown prontype! vi Eupa_00-01-17.374
Unknown prontype! en Eupa_00-01-17.374
Unknown prontype! vi Eupa_00-01-17.375
Unknown prontype! en Eupa_00-01-17.375
Unknown prontype! vi Eupa_00-01-17.375
Unknown prontype! en viss Eupa_00-01-17.375
Unknown prontype! en Eupa_00-01-17.375
Unknown prontype! all Eupa_00-01-17.376
Unknown prontype! vi Eupa_00-01-17.377
Unknown prontype! vi Eupa_00-01-17.377
Unknown prontype! jag Eupa_00-01-17.378
Unknown prontype! jag Eupa_00-01-17.385
Unknown prontype! ni Eupa_00-01-17.385
Unknown prontype! vi Eupa_00-01-17.388
Unknown prontype! all Eupa_00-01-17.388
Unknown prontype! vi Eupa_00-01-17.389
Unknown prontype! en Eupa_00-01-17.389
Unknown prontype! en Eupa_00-01-17.390
Unknown prontype! ingen Eupa_00-01-17.391
Unknown prontype! en Eupa_00-01-17.391
Unknown prontype! någon Eupa_00-01-17.391
Unknown prontype! all Eupa_00-01-17.392
Unknown prontype! denna Eupa_00-01-17.393
Unknown prontype! denna Eupa_00-01-17.393
Unknown prontype! sig Eupa_00-01-17.394
Unknown prontype! denna Eupa_00-01-17.396
Unknown prontype! jag Eupa_00-01-17.397
Unknown prontype! denna Eupa_00-01-17.397
Unknown prontype! en Eupa_00-01-17.397
Unknown prontype! man Eupa_00-01-17.398
Unknown prontype! ingen Eupa_00-01-17.399
Unknown prontype! man Eupa_00-01-17.399
Unknown prontype! alltihop Eupa_00-01-17.400
Unknown prontype! jag Eupa_00-01-17.401
Unknown prontype! jag Eupa_00-01-17.401
Unknown prontype! sig Eupa_00-01-17.402
Unknown prontype! man Eupa_00-01-17.405
Unknown prontype! denna Eupa_00-01-17.406
Unknown prontype! sig Eupa_00-01-17.408
Unknown prontype! en Eupa_00-01-17.408
Unknown prontype! jag Eupa_00-01-17.409
Unknown prontype! jag Eupa_00-01-17.409
Unknown prontype! en Eupa_00-01-17.409
Unknown prontype! vilken Eupa_00-01-17.409
Unknown prontype! man Eupa_00-01-17.409
Unknown prontype! jag Eupa_00-01-17.410
Unknown prontype! jag Eupa_00-01-17.411
Unknown prontype! ni Eupa_00-01-17.411
Unknown prontype! vi Eupa_00-01-17.412
Unknown prontype! var Eupa_00-01-17.412
Unknown prontype! en Eupa_00-01-17.412
Unknown prontype! vad Eupa_00-01-17.412
Unknown prontype! hon Eupa_00-01-17.412
Unknown prontype! han Eupa_00-01-17.412
Unknown prontype! en Eupa_00-01-17.413
Unknown prontype! man Eupa_00-01-17.413
Unknown prontype! sig Eupa_00-01-17.413
Unknown prontype! jag Eupa_00-01-17.413
Unknown prontype! jag Eupa_00-01-17.414
Unknown prontype! en Eupa_00-01-17.415
Unknown prontype! jag Eupa_00-01-17.416
Unknown prontype! jag Eupa_00-01-17.416
Unknown prontype! vi Eupa_00-01-17.417
Unknown prontype! vilken Eupa_00-01-17.418
Unknown prontype! en Eupa_00-01-17.418
Unknown prontype! jag Eupa_00-01-17.419
Unknown prontype! jag Eupa_00-01-17.419
Unknown prontype! denna Eupa_00-01-17.419
Unknown prontype! ni Eupa_00-01-17.419
Unknown prontype! vi Eupa_00-01-17.420
Unknown prontype! vi Eupa_00-01-17.420
Unknown prontype! vi Eupa_00-01-17.420
Unknown prontype! vi Eupa_00-01-17.420
Unknown prontype! vi Eupa_00-01-17.421
Unknown prontype! vi Eupa_00-01-17.422
Unknown prontype! vi Eupa_00-01-17.423
Unknown prontype! jag Eupa_00-01-17.425
Unknown prontype! jag Eupa_00-01-17.425
Unknown prontype! en Eupa_00-01-17.425
Unknown prontype! jag Eupa_00-01-17.427
Unknown prontype! vad Eupa_00-01-17.427
Unknown prontype! jag Eupa_00-01-17.427
Unknown prontype! denna Eupa_00-01-17.427
Unknown prontype! ni Eupa_00-01-17.429
Unknown prontype! sig Eupa_00-01-17.430
Unknown prontype! en Eupa_00-01-17.430
Unknown prontype! vi Eupa_00-01-17.430
Unknown prontype! vi Eupa_00-01-17.431
Unknown prontype! vi Eupa_00-01-17.432
Unknown prontype! vi Eupa_00-01-17.433
Unknown prontype! vi Eupa_00-01-17.433
Unknown prontype! en Eupa_00-01-17.433
Unknown prontype! en Eupa_00-01-17.433
Unknown prontype! vad Eupa_00-01-17.434
Unknown prontype! vi Eupa_00-01-17.434
Unknown prontype! någon Eupa_00-01-17.434
Unknown prontype! en Eupa_00-01-17.434
Unknown prontype! en Eupa_00-01-17.435
Unknown prontype! denna Eupa_00-01-17.436
Unknown prontype! jag Eupa_00-01-17.436
Unknown prontype! en viss Eupa_00-01-17.436
Unknown prontype! jag Eupa_00-01-17.436
Unknown prontype! vi Eupa_00-01-17.437
Unknown prontype! vi Eupa_00-01-17.437
Unknown prontype! vi Eupa_00-01-17.438
Unknown prontype! denna Eupa_00-01-17.438
Unknown prontype! någon Eupa_00-01-17.438
Unknown prontype! vi Eupa_00-01-17.439
Unknown prontype! vi Eupa_00-01-17.439
Unknown prontype! vi Eupa_00-01-17.440
Unknown prontype! vi Eupa_00-01-17.440
Unknown prontype! vi Eupa_00-01-17.441
Unknown prontype! en Eupa_00-01-17.441
Unknown prontype! mycket Eupa_00-01-17.442
Unknown prontype! vad Eupa_00-01-17.442
Unknown prontype! denna Eupa_00-01-17.442
Unknown prontype! denna Eupa_00-01-17.443
Unknown prontype! en Eupa_00-01-17.443
Unknown prontype! vilken Eupa_00-01-17.443
Unknown prontype! en Eupa_00-01-17.443
Unknown prontype! denna Eupa_00-01-17.445
Unknown prontype! jag Eupa_00-01-17.445
Unknown prontype! vi Eupa_00-01-17.446
Unknown prontype! man Eupa_00-01-17.446
Unknown prontype! denna Eupa_00-01-17.447
Unknown prontype! en Eupa_00-01-17.447
Unknown prontype! en Eupa_00-01-17.448
Unknown prontype! vi Eupa_00-01-17.448
Unknown prontype! en Eupa_00-01-17.448
Unknown prontype! vi Eupa_00-01-17.448
Unknown prontype! en Eupa_00-01-17.449
Unknown prontype! denna Eupa_00-01-17.450
Unknown prontype! en Eupa_00-01-17.450
Unknown prontype! vilken Eupa_00-01-17.450
Unknown prontype! man Eupa_00-01-17.450
Unknown prontype! denna Eupa_00-01-17.450
Unknown prontype! denna Eupa_00-01-17.451
Unknown prontype! jag Eupa_00-01-17.451
Unknown prontype! denna Eupa_00-01-17.451
Unknown prontype! vi Eupa_00-01-17.452
Unknown prontype! man Eupa_00-01-17.452
Unknown prontype! man Eupa_00-01-17.452
Unknown prontype! denna Eupa_00-01-17.452
Unknown prontype! jag Eupa_00-01-17.455
Unknown prontype! hon Eupa_00-01-17.455
Unknown prontype! denna Eupa_00-01-17.455
Unknown prontype! jag Eupa_00-01-17.455
Unknown prontype! denna Eupa_00-01-17.455
Unknown prontype! jag Eupa_00-01-17.456
Unknown prontype! vilken Eupa_00-01-17.456
Unknown prontype! denna Eupa_00-01-17.457
Unknown prontype! en Eupa_00-01-17.458
Unknown prontype! denna Eupa_00-01-17.459
Unknown prontype! en Eupa_00-01-17.459
Unknown prontype! vi Eupa_00-01-17.460
Unknown prontype! denna Eupa_00-01-17.460
Unknown prontype! en Eupa_00-01-17.461
Unknown prontype! vilken Eupa_00-01-17.461
Unknown prontype! denna Eupa_00-01-17.461
Unknown prontype! man Eupa_00-01-17.462
Unknown prontype! man Eupa_00-01-17.464
Unknown prontype! denna Eupa_00-01-17.464
Unknown prontype! någon Eupa_00-01-17.464
Unknown prontype! vilken Eupa_00-01-17.464
Unknown prontype! en Eupa_00-01-17.464
Unknown prontype! vi Eupa_00-01-17.465
Unknown prontype! vi Eupa_00-01-17.465
Unknown prontype! denna Eupa_00-01-17.465
Unknown prontype! en Eupa_00-01-17.465
Unknown prontype! man Eupa_00-01-17.465
Unknown prontype! en Eupa_00-01-17.465
Unknown prontype! en Eupa_00-01-17.467
Unknown prontype! jag Eupa_00-01-17.468
Unknown prontype! denna Eupa_00-01-17.468
Unknown prontype! vilken Eupa_00-01-17.468
Unknown prontype! vi Eupa_00-01-17.468
Unknown prontype! all Eupa_00-01-17.468
Unknown prontype! all Eupa_00-01-17.468
Unknown prontype! denna Eupa_00-01-17.469
Unknown prontype! sig Eupa_00-01-17.470
Unknown prontype! sig Eupa_00-01-17.471
Unknown prontype! någon Eupa_00-01-17.471
Unknown prontype! en Eupa_00-01-17.471
Unknown prontype! denna Eupa_00-01-17.472
Unknown prontype! en Eupa_00-01-17.472
Unknown prontype! man Eupa_00-01-17.473
Unknown prontype! all Eupa_00-01-17.474
Unknown prontype! all Eupa_00-01-17.475
Unknown prontype! en Eupa_00-01-17.475
Unknown prontype! en Eupa_00-01-17.475
Unknown prontype! en Eupa_00-01-17.476
Unknown prontype! vi Eupa_00-01-17.476
Unknown prontype! vi Eupa_00-01-17.476
Unknown prontype! en Eupa_00-01-17.477
Unknown prontype! en Eupa_00-01-17.477
Unknown prontype! vi Eupa_00-01-17.478
Unknown prontype! man Eupa_00-01-17.478
Unknown prontype! en Eupa_00-01-17.478
Unknown prontype! vi Eupa_00-01-17.478
Unknown prontype! en Eupa_00-01-17.478
Unknown prontype! en Eupa_00-01-17.479
Unknown prontype! jag Eupa_00-01-17.480
Unknown prontype! denna Eupa_00-01-17.480
Unknown prontype! jag Eupa_00-01-17.480
Unknown prontype! en Eupa_00-01-17.480
Unknown prontype! jag Eupa_00-01-17.482
Unknown prontype! jag Eupa_00-01-17.483
Unknown prontype! en Eupa_00-01-17.483
Unknown prontype! jag Eupa_00-01-17.484
Unknown prontype! hon Eupa_00-01-17.484
Unknown prontype! en Eupa_00-01-17.484
Unknown prontype! denna Eupa_00-01-17.484
Unknown prontype! man Eupa_00-01-17.484
Unknown prontype! denna Eupa_00-01-17.484
Unknown prontype! vi Eupa_00-01-17.484
Unknown prontype! vi Eupa_00-01-17.485
Unknown prontype! denna Eupa_00-01-17.485
Unknown prontype! vi Eupa_00-01-17.485
Unknown prontype! vi Eupa_00-01-17.485
Unknown prontype! en Eupa_00-01-17.485
Unknown prontype! vi Eupa_00-01-17.486
Unknown prontype! denna Eupa_00-01-17.486
Unknown prontype! vi Eupa_00-01-17.487
Unknown prontype! man Eupa_00-01-17.487
Unknown prontype! denna Eupa_00-01-17.487
Unknown prontype! sig Eupa_00-01-17.487
Unknown prontype! en Eupa_00-01-17.487
Unknown prontype! vi Eupa_00-01-17.487
Unknown prontype! en Eupa_00-01-17.488
Unknown prontype! en Eupa_00-01-17.488
Unknown prontype! denna Eupa_00-01-17.488
Unknown prontype! vi Eupa_00-01-17.488
Unknown prontype! denna Eupa_00-01-17.488
Unknown prontype! denna Eupa_00-01-17.489
Unknown prontype! sig Eupa_00-01-17.490
Unknown prontype! jag Eupa_00-01-17.490
Unknown prontype! denna Eupa_00-01-17.490
Unknown prontype! vi Eupa_00-01-17.490
Unknown prontype! en Eupa_00-01-17.490
Unknown prontype! vi Eupa_00-01-17.491
Unknown prontype! denna Eupa_00-01-17.491
Unknown prontype! denna Eupa_00-01-17.492
Unknown prontype! jag Eupa_00-01-17.492
Unknown prontype! en Eupa_00-01-17.492
Unknown prontype! denna Eupa_00-01-17.492
Unknown prontype! en Eupa_00-01-17.492
Unknown prontype! jag Eupa_00-01-17.494
Unknown prontype! jag Eupa_00-01-17.496
Unknown prontype! han Eupa_00-01-17.496
Unknown prontype! han Eupa_00-01-17.496
Unknown prontype! varenda Eupa_00-01-17.496
Unknown prontype! vilken Eupa_00-01-17.496
Unknown prontype! en Eupa_00-01-17.496
Unknown prontype! jag Eupa_00-01-17.497
Unknown prontype! er Eupa_00-01-17.497
Unknown prontype! jag Eupa_00-01-17.498
Unknown prontype! jag Eupa_00-01-17.500
Unknown prontype! vi Eupa_00-01-17.500
Unknown prontype! vi Eupa_00-01-17.500
Unknown prontype! en Eupa_00-01-17.501
Unknown prontype! en Eupa_00-01-17.501
Unknown prontype! en Eupa_00-01-17.501
Unknown prontype! denna Eupa_00-01-17.501
Unknown prontype! sig Eupa_00-01-17.501
Unknown prontype! en Eupa_00-01-17.501
Unknown prontype! en Eupa_00-01-17.504
Unknown prontype! vad Eupa_00-01-17.504
Unknown prontype! man Eupa_00-01-17.506
Unknown prontype! vilken Eupa_00-01-17.506
Unknown prontype! någon Eupa_00-01-17.507
Unknown prontype! en Eupa_00-01-17.508
Unknown prontype! man Eupa_00-01-17.508
Unknown prontype! vi Eupa_00-01-17.509
Unknown prontype! vi Eupa_00-01-17.510
Unknown prontype! en Eupa_00-01-17.510
Unknown prontype! vi Eupa_00-01-17.510
Unknown prontype! vi Eupa_00-01-17.510
Unknown prontype! sig Eupa_00-01-17.510
Unknown prontype! vi Eupa_00-01-17.511
Unknown prontype! denna Eupa_00-01-17.511
Unknown prontype! vi Eupa_00-01-17.511
Unknown prontype! jag Eupa_00-01-17.513
Unknown prontype! en Eupa_00-01-17.513
Unknown prontype! hon Eupa_00-01-17.514
Unknown prontype! sig Eupa_00-01-17.514
Unknown prontype! en Eupa_00-01-17.514
Unknown prontype! denna Eupa_00-01-17.514
Unknown prontype! man Eupa_00-01-17.516
Unknown prontype! man Eupa_00-01-17.519
Unknown prontype! denna Eupa_00-01-17.520
Unknown prontype! sig Eupa_00-01-17.520
Unknown prontype! vilken Eupa_00-01-17.520
Unknown prontype! man Eupa_00-01-17.520
Unknown prontype! vi Eupa_00-01-17.523
Unknown prontype! vi Eupa_00-01-17.524
Unknown prontype! vi Eupa_00-01-17.524
Unknown prontype! en Eupa_00-01-17.524
Unknown prontype! man Eupa_00-01-17.526
Unknown prontype! någon Eupa_00-01-17.526
Unknown prontype! en Eupa_00-01-17.528
Unknown prontype! vi Eupa_00-01-17.529
Unknown prontype! denna Eupa_00-01-17.529
Unknown prontype! en Eupa_00-01-17.529
Unknown prontype! denna Eupa_00-01-17.530
Unknown prontype! en Eupa_00-01-17.530
Unknown prontype! sig Eupa_00-01-17.530
Unknown prontype! en Eupa_00-01-17.532
Unknown prontype! denna Eupa_00-01-17.532
Unknown prontype! denna Eupa_00-01-17.533
Unknown prontype! denna Eupa_00-01-17.533
Unknown prontype! denna Eupa_00-01-17.533
Unknown prontype! vi Eupa_00-01-17.533
Unknown prontype! vi Eupa_00-01-17.533
Unknown prontype! vi Eupa_00-01-17.533
Unknown prontype! en Eupa_00-01-17.533
Unknown prontype! vi Eupa_00-01-17.535
Unknown prontype! denna Eupa_00-01-17.535
Unknown prontype! en Eupa_00-01-17.535
Unknown prontype! vi Eupa_00-01-17.536
Unknown prontype! denna Eupa_00-01-17.537
Unknown prontype! vi Eupa_00-01-17.537
Unknown prontype! en Eupa_00-01-17.537
Unknown prontype! vi Eupa_00-01-17.538
Unknown prontype! en Eupa_00-01-17.538
Unknown prontype! vi Eupa_00-01-17.539
Unknown prontype! vi Eupa_00-01-17.539
Unknown prontype! vi Eupa_00-01-17.539
Unknown prontype! vi Eupa_00-01-17.539
Unknown prontype! någon Eupa_00-01-17.540
Unknown prontype! vi Eupa_00-01-17.541
Unknown prontype! en Eupa_00-01-17.541
Unknown prontype! vi Eupa_00-01-17.541
Unknown prontype! en viss Eupa_00-01-17.542
Unknown prontype! en Eupa_00-01-17.543
Unknown prontype! jag Eupa_00-01-17.544
Unknown prontype! någon Eupa_00-01-17.544
Unknown prontype! någon Eupa_00-01-17.544
Unknown prontype! denna Eupa_00-01-17.544
Unknown prontype! jag Eupa_00-01-17.545
Unknown prontype! vi Eupa_00-01-17.546
Unknown prontype! en Eupa_00-01-17.546
Unknown prontype! en Eupa_00-01-17.546
Unknown prontype! en Eupa_00-01-17.547
Unknown prontype! vi Eupa_00-01-17.548
Unknown prontype! all Eupa_00-01-17.548
Unknown prontype! en Eupa_00-01-17.548
Unknown prontype! vi Eupa_00-01-17.548
Unknown prontype! en Eupa_00-01-17.549
Unknown prontype! sig Eupa_00-01-17.550
Unknown prontype! man Eupa_00-01-17.550
Unknown prontype! en Eupa_00-01-17.550
Unknown prontype! vi Eupa_00-01-17.551
Unknown prontype! jag Eupa_00-01-17.552
Unknown prontype! han Eupa_00-01-17.552
Unknown prontype! en Eupa_00-01-17.552
Unknown prontype! jag Eupa_00-01-17.554
Unknown prontype! vilken Eupa_00-01-17.554
Unknown prontype! en Eupa_00-01-17.554
Unknown prontype! denna Eupa_00-01-17.555
Unknown prontype! en Eupa_00-01-17.555
Unknown prontype! denna Eupa_00-01-17.555
Unknown prontype! en Eupa_00-01-17.556
Unknown prontype! denna Eupa_00-01-17.557
Unknown prontype! vi Eupa_00-01-17.558
Unknown prontype! en Eupa_00-01-17.558
Unknown prontype! vi Eupa_00-01-17.559
Unknown prontype! en Eupa_00-01-17.559
Unknown prontype! en Eupa_00-01-17.560
Unknown prontype! denna Eupa_00-01-17.560
Unknown prontype! denna Eupa_00-01-17.561
Unknown prontype! vilken Eupa_00-01-17.561
Unknown prontype! vilken Eupa_00-01-17.561
Unknown prontype! denna Eupa_00-01-17.564
Unknown prontype! en Eupa_00-01-17.564
Unknown prontype! vi Eupa_00-01-17.565
Unknown prontype! en Eupa_00-01-17.565
Unknown prontype! vad Eupa_00-01-17.565
Unknown prontype! en Eupa_00-01-17.566
Unknown prontype! en Eupa_00-01-17.566
Unknown prontype! vad Eupa_00-01-17.566
Unknown prontype! jag Eupa_00-01-17.568
Unknown prontype! denna Eupa_00-01-17.568
Unknown prontype! jag Eupa_00-01-17.568
Unknown prontype! jag Eupa_00-01-17.569
Unknown prontype! denna Eupa_00-01-17.569
Unknown prontype! hon Eupa_00-01-17.569
Unknown prontype! vilken Eupa_00-01-17.569
Unknown prontype! jag Eupa_00-01-17.569
Unknown prontype! jag Eupa_00-01-17.570
Unknown prontype! jag Eupa_00-01-17.570
Unknown prontype! jag Eupa_00-01-17.571
Unknown prontype! denna Eupa_00-01-17.572
Unknown prontype! denna Eupa_00-01-17.572
Unknown prontype! jag Eupa_00-01-17.573
Unknown prontype! denna Eupa_00-01-17.573
Unknown prontype! jag Eupa_00-01-17.574
Unknown prontype! jag Eupa_00-01-17.574
Unknown prontype! vi Eupa_00-01-17.574
Unknown prontype! jag Eupa_00-01-17.575
Unknown prontype! denna Eupa_00-01-17.576
Unknown prontype! jag Eupa_00-01-17.576
Unknown prontype! jag Eupa_00-01-17.577
Unknown prontype! man Eupa_00-01-17.577
Unknown prontype! man Eupa_00-01-17.578
Unknown prontype! denna Eupa_00-01-17.578
Unknown prontype! jag Eupa_00-01-17.579
Unknown prontype! denna Eupa_00-01-17.579
Unknown prontype! jag Eupa_00-01-17.580
Unknown prontype! denna Eupa_00-01-17.580
Unknown prontype! en Eupa_00-01-17.580
Unknown prontype! en Eupa_00-01-17.580
Unknown prontype! en Eupa_00-01-17.582
Unknown prontype! vi Eupa_00-01-17.583
Unknown prontype! jag Eupa_00-01-17.583
Unknown prontype! en Eupa_00-01-17.583
Unknown prontype! jag Eupa_00-01-17.584
Unknown prontype! denna Eupa_00-01-17.584
Unknown prontype! en Eupa_00-01-17.586
Unknown prontype! en Eupa_00-01-17.586
Unknown prontype! jag Eupa_00-01-17.586
Unknown prontype! jag Eupa_00-01-17.586
Unknown prontype! jag Eupa_00-01-17.587
Unknown prontype! jag Eupa_00-01-17.587
Unknown prontype! hon Eupa_00-01-17.587
Unknown prontype! hon Eupa_00-01-17.587
Unknown prontype! jag Eupa_00-01-17.587
Unknown prontype! jag Eupa_00-01-17.588
Unknown prontype! denna Eupa_00-01-17.588
Unknown prontype! någon Eupa_00-01-17.588
Unknown prontype! vilken Eupa_00-01-17.588
Unknown prontype! jag Eupa_00-01-17.588
Unknown prontype! man Eupa_00-01-17.589
Unknown prontype! jag Eupa_00-01-17.590
Unknown prontype! vi Eupa_00-01-17.590
Unknown prontype! en Eupa_00-01-17.590
Unknown prontype! en Eupa_00-01-17.590
Unknown prontype! vi Eupa_00-01-17.590
Unknown prontype! en Eupa_00-01-17.593
Unknown prontype! vi Eupa_00-01-17.593
Unknown prontype! vi Eupa_00-01-17.593
Unknown prontype! vi Eupa_00-01-17.593
Unknown prontype! denna Eupa_00-01-17.595
Unknown prontype! jag Eupa_00-01-17.595
Unknown prontype! jag Eupa_00-01-17.595
Unknown prontype! han Eupa_00-01-17.595
Unknown prontype! vi Eupa_00-01-17.595
Unknown prontype! denna Eupa_00-01-17.596
Unknown prontype! jag Eupa_00-01-17.596
Unknown prontype! vi Eupa_00-01-17.597
Unknown prontype! en Eupa_00-01-17.597
Unknown prontype! en Eupa_00-01-17.598
Unknown prontype! vi Eupa_00-01-17.599
Unknown prontype! vi Eupa_00-01-17.599
Unknown prontype! en Eupa_00-01-17.599
Unknown prontype! jag Eupa_00-01-17.600
Unknown prontype! vi Eupa_00-01-17.600
Unknown prontype! jag Eupa_00-01-17.601
Unknown prontype! vi Eupa_00-01-17.601
Unknown prontype! all Eupa_00-01-17.603
Unknown prontype! denna Eupa_00-01-17.605
Unknown prontype! en Eupa_00-01-17.606
Unknown prontype! vi Eupa_00-01-17.608
Unknown prontype! all Eupa_00-01-17.608
Unknown prontype! en Eupa_00-01-17.608
Unknown prontype! en Eupa_00-01-17.608
Unknown prontype! en Eupa_00-01-17.609
Unknown prontype! en Eupa_00-01-17.609
Unknown prontype! en Eupa_00-01-17.610
Unknown prontype! en Eupa_00-01-17.611
Unknown prontype! en Eupa_00-01-17.611
Unknown prontype! vi Eupa_00-01-17.612
Unknown prontype! jag Eupa_00-01-17.614
Unknown prontype! en Eupa_00-01-17.614
Unknown prontype! all Eupa_00-01-17.616
Unknown prontype! en Eupa_00-01-17.617
Unknown prontype! sig Eupa_00-01-17.617
Unknown prontype! denna Eupa_00-01-17.617
Unknown prontype! all Eupa_00-01-17.618
Unknown prontype! en Eupa_00-01-17.618
Unknown prontype! en Eupa_00-01-17.618
Unknown prontype! jag Eupa_00-01-17.619
Unknown prontype! en Eupa_00-01-17.619
Unknown prontype! någon Eupa_00-01-17.620
Unknown prontype! all Eupa_00-01-17.620
Unknown prontype! jag Eupa_00-01-17.622
Unknown prontype! all Eupa_00-01-17.622
Unknown prontype! vad Eupa_00-01-17.622
Unknown prontype! jag Eupa_00-01-17.624
Unknown prontype! denna Eupa_00-01-17.624
Unknown prontype! denna Eupa_00-01-17.624
Unknown prontype! jag Eupa_00-01-17.624
Unknown prontype! en Eupa_00-01-17.624
Unknown prontype! en Eupa_00-01-17.625
Unknown prontype! vi Eupa_00-01-17.625
Unknown prontype! vi Eupa_00-01-17.625
Unknown prontype! sig Eupa_00-01-17.626
Unknown prontype! en Eupa_00-01-17.626
Unknown prontype! vi Eupa_00-01-17.626
Unknown prontype! denna Eupa_00-01-17.626
Unknown prontype! en Eupa_00-01-17.626
Unknown prontype! en Eupa_00-01-17.626
Unknown prontype! denna Eupa_00-01-17.627
Unknown prontype! jag Eupa_00-01-17.627
Unknown prontype! någon Eupa_00-01-17.627
Unknown prontype! jag Eupa_00-01-17.628
Unknown prontype! vi Eupa_00-01-17.628
Unknown prontype! vi Eupa_00-01-17.629
Unknown prontype! en Eupa_00-01-17.629
Unknown prontype! vi Eupa_00-01-17.630
Unknown prontype! vi Eupa_00-01-17.630
Unknown prontype! denna Eupa_00-01-17.630
Unknown prontype! vad Eupa_00-01-17.631
Unknown prontype! vi Eupa_00-01-17.632
Unknown prontype! man Eupa_00-01-17.632
Unknown prontype! denna Eupa_00-01-17.633
Unknown prontype! ingen Eupa_00-01-17.633
Unknown prontype! sig Eupa_00-01-17.633
Unknown prontype! vi Eupa_00-01-17.634
Unknown prontype! man Eupa_00-01-17.634
Unknown prontype! en Eupa_00-01-17.634
Unknown prontype! vi Eupa_00-01-17.634
Unknown prontype! vi Eupa_00-01-17.634
Unknown prontype! vi Eupa_00-01-17.634
Unknown prontype! en Eupa_00-01-17.634
Unknown prontype! vi Eupa_00-01-17.635
Unknown prontype! en Eupa_00-01-17.635
Unknown prontype! vad Eupa_00-01-17.635
Unknown prontype! en Eupa_00-01-17.636
Unknown prontype! vilken Eupa_00-01-17.636
Unknown prontype! vilken Eupa_00-01-17.637
Unknown prontype! denna Eupa_00-01-17.638
Unknown prontype! en Eupa_00-01-17.638
Unknown prontype! sig Eupa_00-01-17.638
Unknown prontype! man Eupa_00-01-17.639
Unknown prontype! denna Eupa_00-01-17.640
Unknown prontype! jag Eupa_00-01-17.640
Unknown prontype! denna Eupa_00-01-17.640
Unknown prontype! vi Eupa_00-01-17.640
Unknown prontype! vi Eupa_00-01-17.640
Unknown prontype! en Eupa_00-01-17.640
Unknown prontype! en Eupa_00-01-17.640
Unknown prontype! jag Eupa_00-01-17.641
Unknown prontype! denna Eupa_00-01-17.641
Unknown prontype! jag Eupa_00-01-17.643
Unknown prontype! hon Eupa_00-01-17.643
Unknown prontype! ingen Eupa_00-01-17.644
Unknown prontype! denna Eupa_00-01-17.645
Unknown prontype! man Eupa_00-01-17.645
Unknown prontype! denna Eupa_00-01-17.646
Unknown prontype! jag Eupa_00-01-17.646
Unknown prontype! vi Eupa_00-01-17.647
Unknown prontype! denna Eupa_00-01-17.647
Unknown prontype! en Eupa_00-01-17.647
Unknown prontype! vi Eupa_00-01-17.648
Unknown prontype! man Eupa_00-01-17.648
Unknown prontype! jag Eupa_00-01-17.649
Unknown prontype! vi Eupa_00-01-17.649
Unknown prontype! en Eupa_00-01-17.649
Unknown prontype! vi Eupa_00-01-17.649
Unknown prontype! all Eupa_00-01-17.649
Unknown prontype! jag Eupa_00-01-17.651
Unknown prontype! hon Eupa_00-01-17.651
Unknown prontype! jag Eupa_00-01-17.652
Unknown prontype! vi Eupa_00-01-17.652
Unknown prontype! man Eupa_00-01-17.653
Unknown prontype! all Eupa_00-01-17.654
Unknown prontype! vi Eupa_00-01-17.656
Unknown prontype! vi Eupa_00-01-17.656
Unknown prontype! man Eupa_00-01-17.657
Unknown prontype! en Eupa_00-01-17.657
Unknown prontype! denna Eupa_00-01-17.658
Unknown prontype! denna Eupa_00-01-17.659
Unknown prontype! ingenting Eupa_00-01-17.660
Unknown prontype! man Eupa_00-01-17.660
Unknown prontype! denna Eupa_00-01-17.660
Unknown prontype! jag Eupa_00-01-17.662
Unknown prontype! någon Eupa_00-01-17.662
Unknown prontype! denna Eupa_00-01-17.662
Unknown prontype! vi Eupa_00-01-17.662
Unknown prontype! en Eupa_00-01-17.662
Unknown prontype! vi Eupa_00-01-17.662
Unknown prontype! vi Eupa_00-01-17.663
Unknown prontype! vi Eupa_00-01-17.664
Unknown prontype! vi Eupa_00-01-17.664
Unknown prontype! denna Eupa_00-01-17.664
Unknown prontype! vi Eupa_00-01-17.665
Unknown prontype! jag Eupa_00-01-17.666
Unknown prontype! vi Eupa_00-01-17.666
Unknown prontype! en Eupa_00-01-17.666
Unknown prontype! jag Eupa_00-01-17.666
Unknown prontype! vi Eupa_00-01-17.667
Unknown prontype! jag Eupa_00-01-17.668
Unknown prontype! denna Eupa_00-01-17.668
Unknown prontype! jag Eupa_00-01-17.670
Unknown prontype! en Eupa_00-01-17.672
Unknown prontype! en Eupa_00-01-17.673
Unknown prontype! en Eupa_00-01-17.673
Unknown prontype! vad Eupa_00-01-17.674
Unknown prontype! jag Eupa_00-01-17.675
Unknown prontype! jag Eupa_00-01-17.675
Unknown prontype! en Eupa_00-01-17.675
Unknown prontype! en Eupa_00-01-17.675
Unknown prontype! jag Eupa_00-01-17.676
Unknown prontype! en Eupa_00-01-17.676
Unknown prontype! vilken Eupa_00-01-17.676
Unknown prontype! jag Eupa_00-01-17.677
Unknown prontype! ni Eupa_00-01-17.677
Unknown prontype! denna Eupa_00-01-17.677
Unknown prontype! vi Eupa_00-01-17.679
Unknown prontype! en Eupa_00-01-17.679
Unknown prontype! någon Eupa_00-01-17.680
Unknown prontype! vi Eupa_00-01-17.680
Unknown prontype! denna Eupa_00-01-17.680
Unknown prontype! en Eupa_00-01-17.680
Unknown prontype! denna Eupa_00-01-17.681
Unknown prontype! vad Eupa_00-01-17.681
Unknown prontype! all Eupa_00-01-17.682
Unknown prontype! denna Eupa_00-01-17.683
Unknown prontype! någon Eupa_00-01-17.684
Unknown prontype! en Eupa_00-01-17.686
Unknown prontype! man Eupa_00-01-17.686
Unknown prontype! man Eupa_00-01-17.686
Unknown prontype! all Eupa_00-01-17.687
Unknown prontype! en Eupa_00-01-17.688
Unknown prontype! sig Eupa_00-01-17.688
Unknown prontype! all Eupa_00-01-17.693
Unknown prontype! jag Eupa_00-01-17.693
Unknown prontype! vilken Eupa_00-01-17.693
Unknown prontype! denna Eupa_00-01-17.693
Unknown prontype! vi Eupa_00-01-17.693
Unknown prontype! denna Eupa_00-01-17.693
Unknown prontype! jag Eupa_00-01-17.693
Unknown prontype! vi Eupa_00-01-17.693
Unknown prontype! ni Eupa_00-01-17.695
Unknown prontype! man Eupa_00-01-17.695
Unknown prontype! denna Eupa_00-01-17.695
Unknown prontype! er Eupa_00-01-17.695
Unknown prontype! jag Eupa_00-01-17.697
Unknown prontype! en Eupa_00-01-17.697
Unknown prontype! jag Eupa_00-01-17.697
Unknown prontype! ni Eupa_00-01-17.697
Unknown prontype! ni Eupa_00-01-17.697
Unknown prontype! denna Eupa_00-01-17.698
Unknown prontype! var Eupa_00-01-17.698
Unknown prontype! en Eupa_00-01-17.698
Unknown prontype! denna Eupa_00-01-17.700
Unknown prontype! en Eupa_00-01-17.700
Unknown prontype! en Eupa_00-01-17.700
Unknown prontype! en Eupa_00-01-17.700
Unknown prontype! jag Eupa_00-01-17.701
Unknown prontype! jag Eupa_00-01-17.701
Unknown prontype! jag Eupa_00-01-17.703
Unknown prontype! vi Eupa_00-01-17.703
Unknown prontype! denna Eupa_00-01-17.704
Unknown prontype! sig Eupa_00-01-17.705
Unknown prontype! ni Eupa_00-01-17.705
Unknown prontype! jag Eupa_00-01-17.705
Unknown prontype! all Eupa_00-01-17.706
Unknown prontype! all Eupa_00-01-17.707
Unknown prontype! er Eupa_00-01-17.708
Unknown prontype! någon Eupa_00-01-17.708
Unknown prontype! jag Eupa_00-01-17.708
Unknown prontype! sig Eupa_00-01-17.708
Unknown prontype! jag Eupa_00-01-17.709
Unknown prontype! jag Eupa_00-01-17.709
Unknown prontype! jag Eupa_00-01-17.709
Unknown prontype! var Eupa_00-01-17.709
Unknown prontype! en Eupa_00-01-17.709
Unknown prontype! denna Eupa_00-01-17.709
Unknown prontype! vi Eupa_00-01-17.710
Unknown prontype! en Eupa_00-01-17.710
Unknown prontype! en Eupa_00-01-17.710
Unknown prontype! vi Eupa_00-01-17.711
Unknown prontype! denna Eupa_00-01-17.711
Unknown prontype! denna Eupa_00-01-17.711
Unknown prontype! jag Eupa_00-01-17.712
Unknown prontype! en Eupa_00-01-17.712
Unknown prontype! vi Eupa_00-01-17.712
Unknown prontype! vi Eupa_00-01-17.712
Unknown prontype! någon Eupa_00-01-17.712
Unknown prontype! en Eupa_00-01-17.712
Unknown prontype! denna Eupa_00-01-17.712
Unknown prontype! jag Eupa_00-01-17.712
Unknown prontype! ni Eupa_00-01-17.712
Unknown prontype! denna Eupa_00-01-17.712
Unknown prontype! er Eupa_00-01-17.714
Unknown prontype! jag Eupa_00-01-17.714
Unknown prontype! ingen Eupa_00-01-17.714
Unknown prontype! en Eupa_00-01-17.714
Unknown prontype! en Eupa_00-01-17.716
Unknown prontype! vilken Eupa_00-01-17.716
Unknown prontype! man Eupa_00-01-17.716
Unknown prontype! ni Eupa_00-01-17.716
Unknown prontype! en Eupa_00-01-17.716
Unknown prontype! jag Eupa_00-01-17.717
Unknown prontype! all Eupa_00-01-17.717
Unknown prontype! jag Eupa_00-01-17.717
Unknown prontype! jag Eupa_00-01-17.717
Unknown prontype! en Eupa_00-01-17.717
Unknown prontype! jag Eupa_00-01-17.717
Unknown prontype! jag Eupa_00-01-17.717
Unknown prontype! jag Eupa_00-01-17.717
Unknown prontype! denna Eupa_00-01-17.717
Unknown prontype! vi Eupa_00-01-17.717
Unknown prontype! en Eupa_00-01-17.717
Unknown prontype! en Eupa_00-01-17.717
Unknown prontype! en Eupa_00-01-17.717
Unknown prontype! någon Eupa_00-01-17.717
Unknown prontype! jag Eupa_00-01-17.717
Unknown prontype! en Eupa_00-01-17.718
Unknown prontype! jag Eupa_00-01-17.719
Unknown prontype! jag Eupa_00-01-17.719
Unknown prontype! jag Eupa_00-01-17.719
Unknown prontype! all Eupa_00-01-17.719
Unknown prontype! ni Eupa_00-01-17.720
Unknown prontype! ni Eupa_00-01-17.720
Unknown prontype! denna Eupa_00-01-17.720
Unknown prontype! all Eupa_00-01-17.720
Unknown prontype! denna Eupa_00-01-17.720
Unknown prontype! en Eupa_00-01-17.720
Unknown prontype! ni Eupa_00-01-17.721
Unknown prontype! er Eupa_00-01-17.721
Unknown prontype! vad Eupa_00-01-17.721
Unknown prontype! denna Eupa_00-01-17.721
Unknown prontype! denna Eupa_00-01-17.721
Unknown prontype! jag Eupa_00-01-17.721
Unknown prontype! ni Eupa_00-01-17.721
Unknown prontype! jag Eupa_00-01-17.721
Unknown prontype! denna Eupa_00-01-17.721
Unknown prontype! jag Eupa_00-01-17.721
Unknown prontype! en Eupa_00-01-17.721
Unknown prontype! en Eupa_00-01-17.721
Unknown prontype! sig Eupa_00-01-17.721
Unknown prontype! en Eupa_00-01-17.722
Unknown prontype! jag Eupa_00-01-17.722
Unknown prontype! denna Eupa_00-01-17.722
Unknown prontype! en Eupa_00-01-17.722
Unknown prontype! denna Eupa_00-01-17.722
Unknown prontype! denna Eupa_00-01-17.723
Unknown prontype! jag Eupa_00-01-17.724
Unknown prontype! någon Eupa_00-01-17.724
Unknown prontype! jag Eupa_00-01-17.726
Unknown prontype! en Eupa_00-01-17.726
Unknown prontype! en Eupa_00-01-17.726
Unknown prontype! denna Eupa_00-01-17.727
Unknown prontype! jag Eupa_00-01-17.728
Unknown prontype! jag Eupa_00-01-17.728
Unknown prontype! er Eupa_00-01-17.728
Unknown prontype! jag Eupa_00-01-17.728
Unknown prontype! er Eupa_00-01-17.728
Unknown prontype! jag Eupa_00-01-17.728
Unknown prontype! jag Eupa_00-01-17.729
Unknown prontype! er Eupa_00-01-17.729
Unknown prontype! man Eupa_00-01-17.729
Unknown prontype! vilken Eupa_00-01-17.729
Unknown prontype! ni Eupa_00-01-17.730
Unknown prontype! denna Eupa_00-01-17.730
Unknown prontype! en Eupa_00-01-17.730
Unknown prontype! jag Eupa_00-01-17.731
Unknown prontype! någon Eupa_00-01-17.731
Unknown prontype! en Eupa_00-01-17.731
Unknown prontype! denna Eupa_00-01-17.732
Unknown prontype! denna Eupa_00-01-17.732
Unknown prontype! denna Eupa_00-01-17.732
Unknown prontype! jag Eupa_00-01-17.733
Unknown prontype! jag Eupa_00-01-17.733
Unknown prontype! en viss Eupa_00-01-17.733
Unknown prontype! ni Eupa_00-01-17.733
Unknown prontype! jag Eupa_00-01-17.734
Unknown prontype! denna Eupa_00-01-17.735
Unknown prontype! sig Eupa_00-01-17.736
Unknown prontype! denna Eupa_00-01-17.736
Unknown prontype! jag Eupa_00-01-17.737
Unknown prontype! denna Eupa_00-01-17.738
Unknown prontype! ni Eupa_00-01-17.740
Unknown prontype! jag Eupa_00-01-17.741
Unknown prontype! jag Eupa_00-01-17.742
Unknown prontype! jag Eupa_00-01-17.743
Unknown prontype! en Eupa_00-01-17.743
Unknown prontype! er Eupa_00-01-17.744
Unknown prontype! vi Eupa_00-01-17.746
Unknown prontype! denna Eupa_00-01-17.747
Unknown prontype! vi Eupa_00-01-17.747
Unknown prontype! en Eupa_00-01-17.747
Unknown prontype! en Eupa_00-01-17.747
Unknown prontype! jag Eupa_00-01-17.748
Unknown prontype! jag Eupa_00-01-17.748
Unknown prontype! jag Eupa_00-01-17.749
Unknown prontype! vilken Eupa_00-01-17.749
Unknown prontype! man Eupa_00-01-17.749
Unknown prontype! jag Eupa_00-01-17.750
Unknown prontype! jag Eupa_00-01-17.750
Unknown prontype! vi Eupa_00-01-17.750
Unknown prontype! en Eupa_00-01-17.750
Unknown prontype! all Eupa_00-01-17.750
Unknown prontype! vi Eupa_00-01-17.750
Unknown prontype! vi Eupa_00-01-17.750
Unknown prontype! jag Eupa_00-01-17.752
Unknown prontype! er Eupa_00-01-17.752
Unknown prontype! vad Eupa_00-01-17.752
Unknown prontype! vi Eupa_00-01-17.752
Unknown prontype! denna Eupa_00-01-17.752
Unknown prontype! jag Eupa_00-01-17.753
Unknown prontype! vi Eupa_00-01-17.754
Unknown prontype! en Eupa_00-01-17.754
Unknown prontype! en Eupa_00-01-17.754
Unknown prontype! jag Eupa_00-01-17.755
Unknown prontype! jag Eupa_00-01-17.756
Unknown prontype! jag Eupa_00-01-17.756
Unknown prontype! er Eupa_00-01-17.756
Unknown prontype! er Eupa_00-01-17.756
Unknown prontype! ni Eupa_00-01-17.756
Unknown prontype! jag Eupa_00-01-17.756
Unknown prontype! någon Eupa_00-01-17.756
Unknown prontype! vi Eupa_00-01-17.756
Unknown prontype! jag Eupa_00-01-17.756
Unknown prontype! jag Eupa_00-01-17.756
Unknown prontype! denna Eupa_00-01-17.756
Unknown prontype! en Eupa_00-01-17.757
Unknown prontype! jag Eupa_00-01-17.759
Unknown prontype! jag Eupa_00-01-17.759
Unknown prontype! jag Eupa_00-01-17.761
Unknown prontype! en Eupa_00-01-17.767
Unknown prontype! jag Eupa_00-01-17.767
Unknown prontype! en Eupa_00-01-17.767
Unknown prontype! en Eupa_00-01-17.768
Unknown prontype! denna Eupa_00-01-17.769
Unknown prontype! en Eupa_00-01-17.770
Unknown prontype! denna Eupa_00-01-17.773
Unknown prontype! en Eupa_00-01-17.773
Unknown prontype! vi Eupa_00-01-17.774
Unknown prontype! denna Eupa_00-01-17.776
Unknown prontype! denna Eupa_00-01-17.777
Unknown prontype! ingen Eupa_00-01-17.777
Unknown prontype! en Eupa_00-01-17.777
Unknown prontype! denna Eupa_00-01-17.782
Unknown prontype! vi Eupa_00-01-17.782
Unknown prontype! en Eupa_00-01-17.782
Unknown prontype! en Eupa_00-01-17.782
Unknown prontype! en Eupa_00-01-17.783
Unknown prontype! en Eupa_00-01-17.784
Unknown prontype! en Eupa_00-01-17.784
Unknown prontype! man Eupa_00-01-17.786
Unknown prontype! vilken Eupa_00-01-17.786
Unknown prontype! denna Eupa_00-01-17.786
Unknown prontype! man Eupa_00-01-17.787
Unknown prontype! en Eupa_00-01-17.788
Unknown prontype! en Eupa_00-01-17.788
Unknown prontype! en Eupa_00-01-17.788
Unknown prontype! en Eupa_00-01-17.789
Unknown prontype! vi Eupa_00-01-17.790
Unknown prontype! en Eupa_00-01-17.790
Unknown prontype! en Eupa_00-01-17.790
Unknown prontype! vi Eupa_00-01-17.791
Unknown prontype! en Eupa_00-01-17.791
Unknown prontype! denna Eupa_00-01-17.791
Unknown prontype! vi Eupa_00-01-17.791
Unknown prontype! all Eupa_00-01-17.791
Unknown prontype! denna Eupa_00-01-17.793
Unknown prontype! en Eupa_00-01-17.793
Unknown prontype! vad Eupa_00-01-17.793
Unknown prontype! jag Eupa_00-01-17.794
Unknown prontype! en Eupa_00-01-17.794
Unknown prontype! någon Eupa_00-01-17.794
Unknown prontype! vad Eupa_00-01-17.794
Unknown prontype! denna Eupa_00-01-17.795
Unknown prontype! jag Eupa_00-01-17.795
Unknown prontype! jag Eupa_00-01-17.795
Unknown prontype! jag Eupa_00-01-17.796
Unknown prontype! en Eupa_00-01-17.796
Unknown prontype! en Eupa_00-01-17.796
Unknown prontype! jag Eupa_00-01-17.797
Unknown prontype! en Eupa_00-01-17.797
Unknown prontype! vi Eupa_00-01-17.798
Unknown prontype! en Eupa_00-01-17.798
Unknown prontype! denna Eupa_00-01-17.800
Unknown prontype! sig Eupa_00-01-17.800
Unknown prontype! vi Eupa_00-01-17.800
Unknown prontype! vi Eupa_00-01-17.801
Unknown prontype! denna Eupa_00-01-17.801
Unknown prontype! denna Eupa_00-01-17.801
Unknown prontype! en Eupa_00-01-17.801
Unknown prontype! vi Eupa_00-01-17.801
Unknown prontype! en Eupa_00-01-17.801
Unknown prontype! jag Eupa_00-01-17.803
Unknown prontype! denna Eupa_00-01-17.803
Unknown prontype! en Eupa_00-01-17.803
Unknown prontype! en Eupa_00-01-17.803
Unknown prontype! vad Eupa_00-01-17.804
Unknown prontype! en Eupa_00-01-17.804
Unknown prontype! jag Eupa_00-01-17.808
Unknown prontype! denna Eupa_00-01-17.808
Unknown prontype! jag Eupa_00-01-17.808
Unknown prontype! en Wiki_Asterix.2
Unknown prontype! sig Wiki_Asterix.4
Unknown prontype! en Wiki_Asterix.4
Unknown prontype! en Wiki_Asterix.4
Unknown prontype! en Wiki_Asterix.6
Unknown prontype! en Wiki_Asterix.7
Unknown prontype! sig Wiki_Asterix.8
Unknown prontype! en Wiki_Asterix.9
Unknown prontype! en Wiki_Asterix.9
Unknown prontype! en Wiki_Asterix.10
Unknown prontype! sig Wiki_Asterix.16
Unknown prontype! all Wiki_Asterix.18
Unknown prontype! en Wiki_Asterix.18
Unknown prontype! vilken Wiki_Asterix.18
Unknown prontype! all Wiki_Asterix.19
Unknown prontype! sig Wiki_Asterix.20
Unknown prontype! en Wiki_Asterix.20
Unknown prontype! han Wiki_Asterix.20
Unknown prontype! han Wiki_Asterix.20
Unknown prontype! all Wiki_Asterix.21
Unknown prontype! vilken Wiki_Asterix.21
Unknown prontype! en Wiki_Asterix.22
Unknown prontype! en Wiki_Asterix.24
Unknown prontype! en Wiki_Asterix.25
Unknown prontype! denna Wiki_Asterix.25
Unknown prontype! vilken Wiki_Asterix.26
Unknown prontype! samtlig Wiki_Asterix.26
Unknown prontype! denna Wiki_Asterix.27
Unknown prontype! en Wiki_Asterix.28
Unknown prontype! ingen Wiki_Asterix.28
Unknown prontype! samtlig Wiki_Asterix.30
Unknown prontype! man Wiki_Asterix.32
Unknown prontype! sig Wiki_Asterix.33
Unknown prontype! vilken Wiki_Asterix.34
Unknown prontype! en Wiki_Asterix.35
Unknown prontype! vi Wiki_Asterix.35
Unknown prontype! han Wiki_Asterix.38
Unknown prontype! all Wiki_Asterix.39
Unknown prontype! en Wiki_Asterix.39
Unknown prontype! han Wiki_Asterix.40
Unknown prontype! en Wiki_Asterix.40
Unknown prontype! han Wiki_Asterix.40
Unknown prontype! han Wiki_Asterix.41
Unknown prontype! vilken Wiki_Asterix.41
Unknown prontype! han Wiki_Asterix.44
Unknown prontype! han Wiki_Asterix.45
Unknown prontype! han Wiki_Asterix.47
Unknown prontype! någon Wiki_Asterix.47
Unknown prontype! han Wiki_Asterix.47
Unknown prontype! han Wiki_Asterix.47
Unknown prontype! han Wiki_Asterix.48
Unknown prontype! han Wiki_Asterix.49
Unknown prontype! en Wiki_Asterix.49
Unknown prontype! en Wiki_Asterix.51
Unknown prontype! han Wiki_Asterix.52
Unknown prontype! en Wiki_Asterix.52
Unknown prontype! vilken Wiki_Asterix.52
Unknown prontype! vad Wiki_Asterix.53
Unknown prontype! han Wiki_Asterix.55
Unknown prontype! en Wiki_Asterix.56
Unknown prontype! en Wiki_Asterix.56
Unknown prontype! han Wiki_Asterix.57
Unknown prontype! en Wiki_Asterix.57
Unknown prontype! någon Wiki_Asterix.61
Unknown prontype! sig Wiki_Asterix.61
Unknown prontype! en Wiki_Asterix.64
Unknown prontype! en Wiki_Asterix.69
Unknown prontype! all Wiki_Asterix.72
Unknown prontype! en Wiki_Asterix.74
Unknown prontype! denna Wiki_Asterix.78
Unknown prontype! all Wiki_Asterix.78
Unknown prontype! en Wiki_Asterix.78
Unknown prontype! all Wiki_Asterix.79
Unknown prontype! denna Wiki_Asterix.80
Unknown prontype! en Wiki_Asterix.81
Unknown prontype! all Wiki_Asterix.82
Unknown prontype! en Wiki_Asterix.82
Unknown prontype! en Wiki_Asterix.83
Unknown prontype! all Wiki_Asterix.84
Unknown prontype! all Wiki_Asterix.92
Unknown prontype! denna Wiki_Asterix.93
Unknown prontype! en Wiki_Asterix.96
Unknown prontype! en Wiki_Asterix.97
Unknown prontype! en Wiki_Kvadrat.2
Unknown prontype! en Wiki_Kvadrat.2
Unknown prontype! en Wiki_Kvadrat.3
Unknown prontype! en Wiki_Kvadrat.3
Unknown prontype! all Wiki_Kvadrat.3
Unknown prontype! all Wiki_Kvadrat.3
Unknown prontype! en Wiki_Kvadrat.4
Unknown prontype! en Wiki_Kvadrat.5
Unknown prontype! en Wiki_Kvadrat.5
Unknown prontype! sig Wiki_Kvadrat.5
Unknown prontype! vilken Wiki_Kvadrat.5
Unknown prontype! en Wiki_Kvadrat.7
Unknown prontype! en Wiki_LillaMy.2
Unknown prontype! hon Wiki_LillaMy.3
Unknown prontype! all Wiki_LillaMy.3
Unknown prontype! hon Wiki_LillaMy.5
Unknown prontype! hon Wiki_LillaMy.8
Unknown prontype! hon Wiki_LillaMy.8
Unknown prontype! hon Wiki_LillaMy.10
Unknown prontype! litet Wiki_LillaMy.10
Unknown prontype! en Wiki_LillaMy.10
Unknown prontype! hon Wiki_LillaMy.10
Unknown prontype! sig Wiki_LillaMy.10
Unknown prontype! hon Wiki_LillaMy.11
Unknown prontype! hon Wiki_LillaMy.11
Unknown prontype! hon Wiki_LillaMy.11
Unknown prontype! någon Wiki_LillaMy.12
Unknown prontype! hon Wiki_LillaMy.12
Unknown prontype! en Wiki_LillaMy.12
Unknown prontype! någon Wiki_LillaMy.12
Unknown prontype! hon Wiki_LillaMy.13
Unknown prontype! sig Wiki_LillaMy.13
Unknown prontype! hon Wiki_LillaMy.13
Unknown prontype! en Wiki_LillaMy.14
Unknown prontype! hon Wiki_LillaMy.15
Unknown prontype! hon Wiki_LillaMy.16
Unknown prontype! någon Wiki_LillaMy.19
Unknown prontype! vem Wiki_LillaMy.20
Unknown prontype! hon Wiki_LillaMy.21
Unknown prontype! en Wiki_LillaMy.21
Unknown prontype! vilken Wiki_LillaMy.21
Unknown prontype! hon Wiki_LillaMy.21
Unknown prontype! hon Wiki_LillaMy.22
Unknown prontype! hon Wiki_LillaMy.22
Unknown prontype! en Wiki_Hastighetsmatare.2
Unknown prontype! en Wiki_Hastighetsmatare.4
Unknown prontype! en Wiki_Hastighetsmatare.7
Unknown prontype! en Wiki_Hastighetsmatare.7
Unknown prontype! en Wiki_Hastighetsmatare.7
Unknown prontype! en Wiki_Hastighetsmatare.8
Unknown prontype! sig Wiki_Hastighetsmatare.8
Unknown prontype! en Wiki_Hastighetsmatare.8
Unknown prontype! denna Wiki_Hastighetsmatare.9
Unknown prontype! sig Wiki_Hastighetsmatare.9
Unknown prontype! en Wiki_Hastighetsmatare.10
Unknown prontype! någon Wiki_Hastighetsmatare.16
Unknown prontype! en Wiki_Hastighetsmatare.19
Unknown prontype! en Wiki_Hastighetsmatare.19
Unknown prontype! en Wiki_Ior.2
Unknown prontype! en Wiki_Ior.4
Unknown prontype! han Wiki_Ior.5
Unknown prontype! en Wiki_Ior.5
Unknown prontype! en Wiki_Ior.5
Unknown prontype! han Wiki_Ior.6
Unknown prontype! han Wiki_Ior.6
Unknown prontype! en Wiki_Ior.6
Unknown prontype! en Wiki_Ior.6
Unknown prontype! denna Wiki_Ior.7
Unknown prontype! han Wiki_Ior.7
Unknown prontype! en Wiki_Ior.7
Unknown prontype! han Wiki_Ior.9
Unknown prontype! en Wiki_Ior.9
Unknown prontype! en Wiki_HarryPotter.2
Unknown prontype! en Wiki_HarryPotter.2
Unknown prontype! en viss Wiki_HarryPotter.8
Unknown prontype! mycket Wiki_HarryPotter.8
Unknown prontype! han Wiki_HarryPotter.17
Unknown prontype! han Wiki_HarryPotter.17
Unknown prontype! han Wiki_HarryPotter.17
Unknown prontype! han Wiki_HarryPotter.17
Unknown prontype! han Wiki_HarryPotter.18
Unknown prontype! han Wiki_HarryPotter.19
Unknown prontype! en Wiki_HarryPotter.19
Unknown prontype! en Wiki_HarryPotter.19
Unknown prontype! någon Wiki_HarryPotter.19
Unknown prontype! en Wiki_HarryPotter.20
Unknown prontype! han Wiki_HarryPotter.21
Unknown prontype! mycken Wiki_HarryPotter.21
Unknown prontype! mycken Wiki_HarryPotter.21
Unknown prontype! en Wiki_HarryPotter.22
Unknown prontype! han Wiki_HarryPotter.23
Unknown prontype! någonting Wiki_HarryPotter.23
Unknown prontype! en Wiki_HarryPotter.23
Unknown prontype! han Wiki_HarryPotter.23
Unknown prontype! han Wiki_HarryPotter.24
Unknown prontype! all Wiki_HarryPotter.24
Unknown prontype! han Wiki_HarryPotter.24
Unknown prontype! hon Wiki_HarryPotter.27
Unknown prontype! någon Wiki_HarryPotter.27
Unknown prontype! all Wiki_HarryPotter.27
Unknown prontype! sig Wiki_HarryPotter.27
Unknown prontype! man Wiki_HarryPotter.27
Unknown prontype! all Wiki_HarryPotter.28
Unknown prontype! en Wiki_HarryPotter.28
Unknown prontype! en Wiki_HarryPotter.28
Unknown prontype! en Wiki_HarryPotter.31
Unknown prontype! någon Wiki_HarryPotter.32
Unknown prontype! en Wiki_HarryPotter.33
Unknown prontype! han Wiki_HarryPotter.33
Unknown prontype! en Wiki_HarryPotter.34
Unknown prontype! en Wiki_HarryPotter.34
Unknown prontype! en Wiki_HarryPotter.34
Unknown prontype! en Wiki_HarryPotter.35
Unknown prontype! vad Wiki_HarryPotter.37
Unknown prontype! vad Wiki_HarryPotter.37
Unknown prontype! en Wiki_HarryPotter.37
Unknown prontype! en Wiki_HarryPotter.44
Unknown prontype! han Wiki_HarryPotter.44
Unknown prontype! en Wiki_HarryPotter.44
Unknown prontype! hon Wiki_HarryPotter.46
Unknown prontype! en Wiki_HarryPotter.46
Unknown prontype! en Wiki_HarryPotter.46
Unknown prontype! man Wiki_HarryPotter.46
Unknown prontype! en Wiki_HarryPotter.46
Unknown prontype! hon Wiki_HarryPotter.47
Unknown prontype! en Wiki_HarryPotter.47
Unknown prontype! en Wiki_HarryPotter.47
Unknown prontype! hon Wiki_HarryPotter.47
Unknown prontype! hon Wiki_HarryPotter.48
Unknown prontype! en viss Wiki_HarryPotter.48
Unknown prontype! en Wiki_HarryPotter.50
Unknown prontype! en Wiki_HarryPotter.51
Unknown prontype! en Wiki_HarryPotter.51
Unknown prontype! hon Wiki_HarryPotter.52
Unknown prontype! hon Wiki_HarryPotter.52
Unknown prontype! någon Wiki_HarryPotter.52
Unknown prontype! hon Wiki_HarryPotter.52
Unknown prontype! en Wiki_HarryPotter.54
Unknown prontype! vad Wiki_HarryPotter.56
Unknown prontype! en Wiki_HarryPotter.58
Unknown prontype! en Wiki_HarryPotter.60
Unknown prontype! sig Wiki_HarryPotter.61
Unknown prontype! hon Wiki_HarryPotter.63
Unknown prontype! en Wiki_HarryPotter.64
Unknown prontype! en Wiki_HarryPotter.64
Unknown prontype! en Wiki_HarryPotter.64
Unknown prontype! båda Wiki_HarryPotter.71
Unknown prontype! en Wiki_HarryPotter.72
Unknown prontype! denna Wiki_HarryPotter.73
Unknown prontype! en Wiki_HarryPotter.73
Unknown prontype! en Wiki_HarryPotter.75
Unknown prontype! en Wiki_HarryPotter.75
Unknown prontype! en Wiki_HarryPotter.75
Unknown prontype! en Wiki_HarryPotter.76
Unknown prontype! en Wiki_HarryPotter.79
Unknown prontype! en viss Wiki_HarryPotter.82
Unknown prontype! hon Wiki_HarryPotter.83
Unknown prontype! mycken Wiki_HarryPotter.83
Unknown prontype! vad Wiki_HarryPotter.83
Unknown prontype! han Wiki_HarryPotter.83
Unknown prontype! all Wiki_HarryPotter.87
Unknown prontype! en Wiki_HarryPotter.87
Unknown prontype! en Wiki_HarryPotter.91
Unknown prontype! en Wiki_HarryPotter.94
Unknown prontype! hon Wiki_HarryPotter.100
Unknown prontype! hon Wiki_HarryPotter.100
Unknown prontype! en Wiki_HarryPotter.100
Unknown prontype! hon Wiki_HarryPotter.100
Unknown prontype! all Wiki_HarryPotter.102
Unknown prontype! hon Wiki_HarryPotter.109
Unknown prontype! vad Wiki_HarryPotter.109
Unknown prontype! hon Wiki_HarryPotter.109
Unknown prontype! sig Wiki_HarryPotter.109
Unknown prontype! en Wiki_HarryPotter.109
Unknown prontype! denna Wiki_HarryPotter.112
Unknown prontype! hon Wiki_HarryPotter.113
Unknown prontype! en Wiki_HarryPotter.113
Unknown prontype! hon Wiki_HarryPotter.113
Unknown prontype! en Wiki_HarryPotter.113
Unknown prontype! hon Wiki_HarryPotter.113
Unknown prontype! en Wiki_HarryPotter.113
Unknown prontype! hon Wiki_HarryPotter.114
Unknown prontype! en Wiki_HarryPotter.114
Unknown prontype! sig Wiki_HarryPotter.114
Unknown prontype! en Wiki_HarryPotter.114
Unknown prontype! hon Wiki_HarryPotter.114
Unknown prontype! en Wiki_HarryPotter.114
Unknown prontype! hon Wiki_HarryPotter.115
Unknown prontype! hon Wiki_HarryPotter.116
Unknown prontype! en Wiki_HarryPotter.116
Unknown prontype! denna Wiki_HarryPotter.116
Unknown prontype! sig Wiki_HarryPotter.117
Unknown prontype! hon Wiki_HarryPotter.118
Unknown prontype! hon Wiki_HarryPotter.119
Unknown prontype! vilken Wiki_HarryPotter.121
Unknown prontype! en Wiki_HarryPotter.124
Unknown prontype! denna Wiki_HarryPotter.124
Unknown prontype! vad Wiki_HarryPotter.124
Unknown prontype! en Wiki_HarryPotter.129
Unknown prontype! en Wiki_HarryPotter.130
Unknown prontype! en Wiki_HarryPotter.132
Unknown prontype! en Wiki_HarryPotter.133
Unknown prontype! en Wiki_HarryPotter.135
Unknown prontype! denna Wiki_HarryPotter.136
Unknown prontype! en Wiki_Saganomringenfilm.2
Unknown prontype! denna Wiki_Saganomringenfilm.9
Unknown prontype! en Wiki_Saganomringenfilm.10
Unknown prontype! all Wiki_Saganomringenfilm.11
Unknown prontype! sig Wiki_Saganomringenfilm.11
Unknown prontype! en Wiki_Saganomringenfilm.12
Unknown prontype! han Wiki_Saganomringenfilm.12
Unknown prontype! en Wiki_Saganomringenfilm.16
Unknown prontype! sig Wiki_Saganomringenfilm.18
Unknown prontype! en Wiki_Saganomringenfilm.21
Unknown prontype! han Wiki_Saganomringenfilm.22
Unknown prontype! han Wiki_Saganomringenfilm.23
Unknown prontype! en Wiki_Saganomringenfilm.24
Unknown prontype! en Wiki_Saganomringenfilm.24
Unknown prontype! sig Wiki_Saganomringenfilm.24
Unknown prontype! han Wiki_Saganomringenfilm.25
Unknown prontype! en Wiki_Saganomringenfilm.25
Unknown prontype! en Wiki_Saganomringenfilm.26
Unknown prontype! en Wiki_Saganomringenfilm.33
Unknown prontype! en Wiki_Saganomringenfilm.33
Unknown prontype! sig Wiki_Saganomringenfilm.33
Unknown prontype! all Wiki_Saganomringenfilm.33
Unknown prontype! en Wiki_Saganomringenfilm.33
Unknown prontype! en Wiki_Saganomringenfilm.34
Unknown prontype! en Wiki_Saganomringenfilm.34
Unknown prontype! sig Wiki_Saganomringenfilm.36
Unknown prontype! en Wiki_Saganomringenfilm.38
Unknown prontype! vad Wiki_Saganomringenfilm.39
Unknown prontype! han Wiki_Saganomringenfilm.40
Unknown prontype! sig Wiki_Saganomringenfilm.41
Unknown prontype! vad Wiki_Saganomringenfilm.42
Unknown prontype! sig Wiki_Saganomringenfilm.44
Unknown prontype! en Wiki_Saganomringenfilm.46
Unknown prontype! en Wiki_Saganomringenfilm.48
Unknown prontype! vilken Wiki_Saganomringenfilm.48
Unknown prontype! en Wiki_Saganomringenfilm.50
Unknown prontype! han Wiki_Saganomringenfilm.51
Unknown prontype! en Wiki_Saganomringenfilm.53
Unknown prontype! han Wiki_Saganomringenfilm.53
Unknown prontype! en Wiki_Saganomringenfilm.55
Unknown prontype! han Wiki_Saganomringenfilm.56
Unknown prontype! sig Wiki_Saganomringenfilm.58
Unknown prontype! en Wiki_Saganomringenfilm.61
Unknown prontype! denna Wiki_Saganomringenfilm.61
Unknown prontype! en Wiki_Saganomringenfilm.62
Unknown prontype! man Wiki_Saganomringenfilm.65
Unknown prontype! man Wiki_Saganomringenfilm.66
Unknown prontype! man Wiki_Saganomringenfilm.67
Unknown prontype! vad Wiki_Saganomringenfilm.67
Unknown prontype! man Wiki_Saganomringenfilm.67
Unknown prontype! någon Wiki_Saganomringenfilm.69
Unknown prontype! vad Wiki_Saganomringenfilm.73
Unknown prontype! han Wiki_Saganomringenfilm.73
Unknown prontype! man Wiki_Saganomringenfilm.74
Unknown prontype! vad Wiki_Saganomringenfilm.75
Unknown prontype! han Wiki_Saganomringenfilm.75
Unknown prontype! en Wiki_Saganomringenfilm.76
Unknown prontype! en Wiki_Saganomringenfilm.76
Unknown prontype! all Wiki_Saganomringenfilm.78
Unknown prontype! en Wiki_Saganomringenfilm.78
Unknown prontype! all Wiki_Saganomringenfilm.79
Unknown prontype! en Wiki_Saganomringenfilm.79
Unknown prontype! all Wiki_Saganomringenfilm.80
Unknown prontype! en Wiki_Domkraft.2
Unknown prontype! en Wiki_Domkraft.3
Unknown prontype! all Wiki_Domkraft.3
Unknown prontype! en Wiki_Domkraft.5
Unknown prontype! en Wiki_Domkraft.5
Unknown prontype! en Wiki_Domkraft.5
Unknown prontype! en Wiki_Domkraft.6
Unknown prontype! en Wiki_Domkraft.6
Unknown prontype! denna Wiki_Domkraft.8
Unknown prontype! vilken Wiki_Domkraft.8
Unknown prontype! en Wiki_Domkraft.8
Unknown prontype! en Wiki_Domkraft.9
Unknown prontype! en Wiki_Semester.2
Unknown prontype! en Wiki_Semester.3
Unknown prontype! all Wiki_Semester.5
Unknown prontype! en Wiki_Semester.8
Unknown prontype! någon Wiki_Semester.8
Unknown prontype! en Wiki_Semester.9
Unknown prontype! en Wiki_Semester.9
Unknown prontype! all Wiki_Semester.11
Unknown prontype! en Wiki_Semester.12
Unknown prontype! all Wiki_Semester.13
Unknown prontype! denna Wiki_Semester.13
Unknown prontype! all Wiki_Semester.13
Unknown prontype! en Wiki_Semester.15
Unknown prontype! man Wiki_Semester.17
Unknown prontype! en Wiki_Semester.19
Unknown prontype! en Wiki_Semester.22
Unknown prontype! denna Wiki_Semester.23
Unknown prontype! en Wiki_Semester.23
Unknown prontype! en Wiki_Semester.23
Unknown prontype! en Wiki_VascodaGama.2
Unknown prontype! han Wiki_VascodaGama.3
Unknown prontype! han Wiki_VascodaGama.4
Unknown prontype! en Wiki_VascodaGama.4
Unknown prontype! han Wiki_VascodaGama.6
Unknown prontype! en Wiki_VascodaGama.7
Unknown prontype! han Wiki_VascodaGama.7
Unknown prontype! en Wiki_VascodaGama.7
Unknown prontype! en Wiki_VascodaGama.8
Unknown prontype! en Wiki_VascodaGama.9
Unknown prontype! en Wiki_VascodaGama.11
Unknown prontype! en Wiki_VascodaGama.12
Unknown prontype! någon Wiki_VascodaGama.14
Unknown prontype! han Wiki_VascodaGama.15
Unknown prontype! en Wiki_VascodaGama.16
Unknown prontype! han Wiki_VascodaGama.18
Unknown prontype! all Wiki_VascodaGama.21
Unknown prontype! en Wiki_VascodaGama.21
Unknown prontype! denna Wiki_VascodaGama.22
Unknown prontype! han Wiki_VascodaGama.23
Unknown prontype! vilken Wiki_VascodaGama.25
Unknown prontype! en Wiki_VascodaGama.26
Unknown prontype! denna Wiki_VascodaGama.26
Unknown prontype! en Wiki_VascodaGama.26
Unknown prontype! en Wiki_VascodaGama.29
Unknown prontype! han Wiki_VascodaGama.35
Unknown prontype! denna Wiki_VascodaGama.35
Unknown prontype! en Wiki_VascodaGama.37
Unknown prontype! en Wiki_VascodaGama.37
Unknown prontype! han Wiki_VascodaGama.38
Unknown prontype! sig Wiki_VascodaGama.38
Unknown prontype! han Wiki_VascodaGama.39
Unknown prontype! en Wiki_VascodaGama.39
Unknown prontype! en Wiki_VascodaGama.40
Unknown prontype! en Wiki_VascodaGama.43
Unknown prontype! en Wiki_VascodaGama.47
Unknown prontype! en Wiki_VascodaGama.47
Unknown prontype! han Wiki_VascodaGama.47
Unknown prontype! någon Wiki_VascodaGama.48
Unknown prontype! han Wiki_VascodaGama.48
Unknown prontype! han Wiki_VascodaGama.48
Unknown prontype! en Wiki_VascodaGama.48
Unknown prontype! en Wiki_VascodaGama.52
Unknown prontype! han Wiki_VascodaGama.52
Unknown prontype! all Wiki_VascodaGama.52
Unknown prontype! någon Wiki_VascodaGama.53
Unknown prontype! en Wiki_VascodaGama.53
Unknown prontype! han Wiki_VascodaGama.56
Unknown prontype! en Wiki_VascodaGama.56
Unknown prontype! han Wiki_VascodaGama.57
Unknown prontype! han Wiki_VascodaGama.58
Unknown prontype! sig Wiki_VascodaGama.60
Unknown prontype! en Wiki_VascodaGama.60
Unknown prontype! en Wiki_VascodaGama.62
Unknown prontype! han Wiki_VascodaGama.63
Unknown prontype! en viss Wiki_VascodaGama.63
Unknown prontype! han Wiki_VascodaGama.63
Unknown prontype! han Wiki_VascodaGama.63
Unknown prontype! han Wiki_VascodaGama.63
Unknown prontype! han Wiki_VascodaGama.64
Unknown prontype! sig Wiki_VascodaGama.64
Unknown prontype! han Wiki_VascodaGama.64
Unknown prontype! en Wiki_VascodaGama.65
Unknown prontype! en Wiki_VascodaGama.65
Unknown prontype! all Wiki_VascodaGama.65
Unknown prontype! all Wiki_VascodaGama.67
Unknown prontype! en Wiki_VascodaGama.68
Unknown prontype! han Wiki_VascodaGama.68
Unknown prontype! en Wiki_VascodaGama.68
Unknown prontype! han Wiki_VascodaGama.69
Unknown prontype! en Wiki_VascodaGama.69
Unknown prontype! vilken Wiki_VascodaGama.69
Unknown prontype! han Wiki_VascodaGama.69
Unknown prontype! han Wiki_VascodaGama.70
Unknown prontype! han Wiki_VascodaGama.70
Unknown prontype! han Wiki_VascodaGama.71
Unknown prontype! en Wiki_VascodaGama.73
Unknown prontype! han Wiki_VascodaGama.73
Unknown prontype! en Wiki_VascodaGama.73
Unknown prontype! han Wiki_VascodaGama.74
Unknown prontype! han Wiki_VascodaGama.74
Unknown prontype! han Wiki_VascodaGama.74
Unknown prontype! en Wiki_VascodaGama.75
Unknown prontype! en Wiki_VascodaGama.78
Unknown prontype! någon Wiki_VascodaGama.79
Unknown prontype! sig Wiki_VascodaGama.80
Unknown prontype! en Wiki_VascodaGama.80
Unknown prontype! han Wiki_VascodaGama.83
Unknown prontype! en Wiki_VascodaGama.83
Unknown prontype! en Wiki_VascodaGama.84
Unknown prontype! han Wiki_VascodaGama.84
Unknown prontype! en Wiki_VascodaGama.86
Unknown prontype! en Wiki_VascodaGama.86
Unknown prontype! en Wiki_VascodaGama.86
Unknown prontype! en Wiki_Symaskin.2
Unknown prontype! en Wiki_Symaskin.2
Unknown prontype! denna Wiki_Symaskin.5
Unknown prontype! en Wiki_Symaskin.8
Unknown prontype! vilken Wiki_Symaskin.9
Unknown prontype! man Wiki_Symaskin.9
Unknown prontype! en Wiki_Symaskin.10
Unknown prontype! en Wiki_Symaskin.10
Unknown prontype! vilken Wiki_Symaskin.10
Unknown prontype! en Wiki_Symaskin.10
Unknown prontype! han Wiki_Symaskin.14
Unknown prontype! en Wiki_Symaskin.16
Unknown prontype! någon Wiki_Symaskin.17
Unknown prontype! en Wiki_Symaskin.19
Unknown prontype! en Wiki_Symaskin.19
Unknown prontype! en Wiki_Symaskin.20
Unknown prontype! ingen Wiki_Symaskin.21
Unknown prontype! en Wiki_Symaskin.26
Unknown prontype! en Wiki_Symaskin.26
Unknown prontype! en Wiki_Symaskin.26
Unknown prontype! en Wiki_Symaskin.26
Unknown prontype! någon Wiki_Symaskin.27
Unknown prontype! en Wiki_Symaskin.27
Unknown prontype! en Wiki_Symaskin.28
Unknown prontype! en Wiki_Symaskin.29
Unknown prontype! en Wiki_Symaskin.30
Unknown prontype! vilken Wiki_Symaskin.32
Unknown prontype! man Wiki_Symaskin.32
Unknown prontype! en Wiki_Symaskin.32
Unknown prontype! en Wiki_Symaskin.32
Unknown prontype! all Wiki_Symaskin.33
Unknown prontype! en Wiki_Symaskin.34
Unknown prontype! en Wiki_Symaskin.34
Unknown prontype! denna Wiki_Symaskin.35
Unknown prontype! man Wiki_Symaskin.35
Unknown prontype! denna Wiki_Symaskin.36
Unknown prontype! en Wiki_Symaskin.36
Unknown prontype! vilken Wiki_Symaskin.37
Unknown prontype! all Wiki_Symaskin.37
Unknown prontype! någon Wiki_Symaskin.37
Unknown prontype! en Wiki_Symaskin.37
Unknown prontype! sig Wiki_Symaskin.37
Unknown prontype! en Wiki_Symaskin.39
Unknown prontype! en Wiki_Symaskin.40
Unknown prontype! en Wiki_Symaskin.43
Unknown prontype! en Wiki_Symaskin.48
Unknown prontype! en Wiki_Symaskin.48
Unknown prontype! varandra Wiki_Symaskin.48
Unknown prontype! en Wiki_Symaskin.48
Unknown prontype! varandra Wiki_Symaskin.48
Unknown prontype! en Wiki_Symaskin.49
Unknown prontype! varandra Wiki_Symaskin.50
Unknown prontype! en Wiki_Symaskin.52
Unknown prontype! någon Wiki_Symaskin.52
Unknown prontype! en Wiki_Symaskin.54
Unknown prontype! en Wiki_Symaskin.54
Unknown prontype! en Wiki_Symaskin.56
Unknown prontype! en Wiki_Symaskin.56
Unknown prontype! en Wiki_Symaskin.56
Unknown prontype! en Wiki_Symaskin.56
Unknown prontype! en Wiki_Symaskin.57
Unknown prontype! en Wiki_Symaskin.57
Unknown prontype! en Wiki_Symaskin.59
Unknown prontype! vad Wiki_Symaskin.59
Unknown prontype! en Wiki_Symaskin.59
Unknown prontype! en Wiki_Symaskin.61
Unknown prontype! en Wiki_Symaskin.63
Unknown prontype! all Wiki_Symaskin.63
Unknown prontype! en Wiki_Vader.2
Unknown prontype! en Wiki_Vader.2
Unknown prontype! en Wiki_Vader.2
Unknown prontype! en Wiki_Vader.2
Unknown prontype! man Wiki_Vader.6
Unknown prontype! en Wiki_Vader.9
Unknown prontype! vilken Wiki_Vader.11
Unknown prontype! man Wiki_Vader.13
Unknown prontype! en Wiki_Vader.14
Unknown prontype! denna Wiki_Vader.15
Unknown prontype! en Wiki_Vader.20
Unknown prontype! en Wiki_Vader.21
Unknown prontype! en Wiki_Vader.21
Unknown prontype! vilken Wiki_Vader.23
Unknown prontype! en Wiki_Vader.24
Unknown prontype! denna Wiki_Vader.25
Unknown prontype! en Wiki_Vader.25
Unknown prontype! en Wiki_Vader.27
Unknown prontype! vi Wiki_Vader.29
Unknown prontype! vilken Wiki_Vader.29
Unknown prontype! vi Wiki_Vader.29
Unknown prontype! en Wiki_Vader.31
Unknown prontype! en Wiki_Vader.32
Unknown prontype! vilken Wiki_Vader.35
Unknown prontype! vilken Wiki_Vader.36
Unknown prontype! en Wiki_Vader.37
Unknown prontype! en Wiki_Vader.37
Unknown prontype! en Wiki_Vader.41
Unknown prontype! en Wiki_Vader.44
Unknown prontype! en Wiki_Vader.47
Unknown prontype! sig Wiki_Vader.49
Unknown prontype! all Wiki_Vader.49
Unknown prontype! en Wiki_Vader.51
Unknown prontype! en Wiki_Vader.53
Unknown prontype! en Wiki_Vader.54
Unknown prontype! en Wiki_Vader.54
Unknown prontype! en Wiki_Vader.55
Unknown prontype! en Wiki_Vader.59
Unknown prontype! en Wiki_Vader.66
Unknown prontype! en Wiki_Vader.66
Unknown prontype! denna Wiki_Vader.68
Unknown prontype! någon Wiki_Vader.71
Unknown prontype! man Wiki_Vader.73
Unknown prontype! en Wiki_Vader.75
Unknown prontype! en Wiki_Vader.81
Unknown prontype! vilken Wiki_Vader.84
Unknown prontype! man Wiki_Vader.89
Unknown prontype! all Wiki_Vader.90
Unknown prontype! en Wiki_Vader.91
Unknown prontype! en Wiki_Vader.91
Unknown prontype! denna Wiki_Vader.95
Unknown prontype! en Wiki_Vader.95
Unknown prontype! denna Wiki_Vader.96
Unknown prontype! denna Wiki_Vader.97
Unknown prontype! vi Wiki_Vader.97
Unknown prontype! all Wiki_Vader.104
Unknown prontype! man Wiki_Vader.108
Unknown prontype! denna Wiki_Vader.111
Unknown prontype! denna Wiki_Vader.112
Unknown prontype! en Wiki_Vader.114
Unknown prontype! en Wiki_Vader.115
Unknown prontype! vilken Wiki_Vader.115
Unknown prontype! denna Wiki_Vader.116
Unknown prontype! en Wiki_Vader.116
Unknown prontype! en Wiki_Vader.117
Unknown prontype! vilken Wiki_Vader.117
Unknown prontype! vilken Wiki_Vader.117
Unknown prontype! sig Wiki_Vader.117
Unknown prontype! denna Wiki_Vader.117
Unknown prontype! en Wiki_Vader.118
Unknown prontype! en Wiki_Vader.118
Unknown prontype! denna Wiki_Vader.121
Unknown prontype! en Wiki_Vader.124
Unknown prontype! vilken Wiki_Vader.125
Unknown prontype! denna Wiki_Vader.126
Unknown prontype! vilken Wiki_Vader.127
Unknown prontype! en Wiki_Vader.130
Unknown prontype! vilken Wiki_Vader.132
Unknown prontype! en Wiki_Vader.134
Unknown prontype! mycken Wiki_Vader.135
Unknown prontype! en Wiki_Vader.136
Unknown prontype! all Wiki_Vader.143
Unknown prontype! man Wiki_Vader.144
Unknown prontype! denna Wiki_Vader.144
Unknown prontype! en Wiki_Vader.145
Unknown prontype! en Wiki_Vader.145
Unknown prontype! en Wiki_Vader.145
Unknown prontype! denna Wiki_Vader.146
Unknown prontype! vilken Wiki_Vader.146
Unknown prontype! en Wiki_Vader.146
Unknown prontype! en Wiki_Vader.146
Unknown prontype! en Wiki_Vader.146
Unknown prontype! någon Wiki_Vader.146
Unknown prontype! en Wiki_Vader.147
Unknown prontype! någon Wiki_Vader.147
Unknown prontype! en Wiki_Vader.149
Unknown prontype! vilken Wiki_Vader.152
Unknown prontype! en Wiki_Vader.155
Unknown prontype! sig Wiki_Vader.157
Unknown prontype! en Wiki_Vader.158
Unknown prontype! man Wiki_Vader.162
Unknown prontype! man Wiki_Vader.163
Unknown prontype! en Wiki_Vader.163
Unknown prontype! en Wiki_Vader.164
Unknown prontype! vilken Wiki_Vader.164
Unknown prontype! en Wiki_Vader.165
Unknown prontype! denna Wiki_Vader.165
Unknown prontype! en Wiki_Vader.166
Unknown prontype! sig Wiki_Vader.167
Unknown prontype! en Wiki_Vader.168
Unknown prontype! vilken Wiki_Vader.168
Unknown prontype! en Wiki_Vader.168
Unknown prontype! en Wiki_Vader.168
Unknown prontype! en Wiki_Vader.168
Unknown prontype! man Wiki_Vader.169
Unknown prontype! en Wiki_Vader.169
Unknown prontype! någon Wiki_Vader.169
Unknown prontype! en Wiki_Vader.172
Unknown prontype! en Wiki_Vader.172
Unknown prontype! en Wiki_Vader.174
Unknown prontype! man Wiki_Vader.176
Unknown prontype! denna Wiki_Vader.179
Unknown prontype! en Wiki_Vader.179
Unknown prontype! denna Wiki_Vader.182
Unknown prontype! denna Wiki_Vader.184
Unknown prontype! all Wiki_Vader.188
Unknown prontype! en Wiki_Vader.188
Unknown prontype! en Wiki_Vader.191
Unknown prontype! en Wiki_Vader.191
Unknown prontype! man Wiki_Vader.192
Unknown prontype! denna Wiki_Vader.196
Unknown prontype! en Wiki_Vader.196
Unknown prontype! en Wiki_Vader.197
Unknown prontype! någon Wiki_Vader.197
Unknown prontype! en Wiki_Vader.198
Unknown prontype! vilken Wiki_Vader.200
Unknown prontype! all Wiki_Vader.201
Unknown prontype! denna Wiki_Vader.202
Unknown prontype! en Wiki_Vader.203
Unknown prontype! man Wiki_Vader.204
Unknown prontype! en Wiki_Vader.204
Unknown prontype! en Wiki_AlexanderFleming.3
Unknown prontype! han Wiki_AlexanderFleming.4
Unknown prontype! han Wiki_AlexanderFleming.5
Unknown prontype! båda Wiki_AlexanderFleming.6
Unknown prontype! han Wiki_AlexanderFleming.9
Unknown prontype! han Wiki_AlexanderFleming.10
Unknown prontype! han Wiki_AlexanderFleming.10
Unknown prontype! han Wiki_AlexanderFleming.11
Unknown prontype! en Wiki_AlexanderFleming.11
Unknown prontype! han Wiki_AlexanderFleming.11
Unknown prontype! en Wiki_AlexanderFleming.12
Unknown prontype! en Wiki_AlexanderFleming.12
Unknown prontype! denna Wiki_AlexanderFleming.14
Unknown prontype! en Wiki_AlexanderFleming.14
Unknown prontype! han Wiki_AlexanderFleming.14
Unknown prontype! en Wiki_AlexanderFleming.14
Unknown prontype! han Wiki_AlexanderFleming.14
Unknown prontype! vilken Wiki_AlexanderFleming.15
Unknown prontype! en Wiki_AlexanderFleming.15
Unknown prontype! han Wiki_AlexanderFleming.16
Unknown prontype! han Wiki_AlexanderFleming.16
Unknown prontype! någon Wiki_AlexanderFleming.16
Unknown prontype! han Wiki_AlexanderFleming.17
Unknown prontype! en Wiki_AlexanderFleming.19
Unknown prontype! han Wiki_AlexanderFleming.20
Unknown prontype! en Wiki_MiominMio.2
Unknown prontype! vi Wiki_MiominMio.6
Unknown prontype! han Wiki_MiominMio.6
Unknown prontype! han Wiki_MiominMio.7
Unknown prontype! en Wiki_MiominMio.7
Unknown prontype! han Wiki_MiominMio.8
Unknown prontype! en Wiki_MiominMio.8
Unknown prontype! en Wiki_MiominMio.9
Unknown prontype! han Wiki_MiominMio.10
Unknown prontype! han Wiki_MiominMio.10
Unknown prontype! en Wiki_MiominMio.10
Unknown prontype! hon Wiki_MiominMio.11
Unknown prontype! han Wiki_MiominMio.11
Unknown prontype! en Wiki_MiominMio.11
Unknown prontype! du Wiki_MiominMio.12
Unknown prontype! han Wiki_MiominMio.13
Unknown prontype! han Wiki_MiominMio.13
Unknown prontype! han Wiki_MiominMio.15
Unknown prontype! en Wiki_MiominMio.15
Unknown prontype! han Wiki_MiominMio.16
Unknown prontype! sig Wiki_MiominMio.16
Unknown prontype! en Wiki_MiominMio.16
Unknown prontype! han Wiki_MiominMio.16
Unknown prontype! en Wiki_MiominMio.16
Unknown prontype! någon Wiki_MiominMio.17
Unknown prontype! sig Wiki_MiominMio.17
Unknown prontype! sig Wiki_MiominMio.17
Unknown prontype! en Wiki_MiominMio.17
Unknown prontype! vad Wiki_MiominMio.18
Unknown prontype! en Wiki_MiominMio.18
Unknown prontype! jag Wiki_MiominMio.18
Unknown prontype! jag Wiki_MiominMio.19
Unknown prontype! någon Wiki_MiominMio.20
Unknown prontype! jag Wiki_MiominMio.20
Unknown prontype! han Wiki_MiominMio.21
Unknown prontype! han Wiki_MiominMio.21
Unknown prontype! du Wiki_MiominMio.21
Unknown prontype! jag Wiki_MiominMio.21
Unknown prontype! en Wiki_MiominMio.23
Unknown prontype! en Wiki_MiominMio.24
Unknown prontype! vem Wiki_MiominMio.24
Unknown prontype! han Wiki_MiominMio.25
Unknown prontype! en Wiki_MiominMio.27
Unknown prontype! en Wiki_MiominMio.28
Unknown prontype! en Wiki_MiominMio.29
Unknown prontype! en Wiki_MiominMio.30
Unknown prontype! sig Wiki_MiominMio.31
Unknown prontype! en Wiki_MiominMio.31
Unknown prontype! en Wiki_MiominMio.32
Unknown prontype! en Wiki_MiominMio.34
Unknown prontype! all Wiki_MiominMio.37
Unknown prontype! hon Wiki_MiominMio.38
Unknown prontype! en Wiki_MiominMio.39
Unknown prontype! all Wiki_MiominMio.40
Unknown prontype! en Wiki_MiominMio.41
Unknown prontype! en Wiki_MiominMio.43
Unknown prontype! hon Wiki_MiominMio.44
Unknown prontype! sig Wiki_MiominMio.45
Unknown prontype! sig Wiki_MiominMio.45
Unknown prontype! en Wiki_MiominMio.47
Unknown prontype! en Wiki_MiominMio.47
Unknown prontype! en Wiki_MiominMio.47
Unknown prontype! han Wiki_MiominMio.48
Unknown prontype! en Wiki_MiominMio.49
Unknown prontype! en Wiki_MiominMio.49
Unknown prontype! denna Wiki_MiominMio.49
Unknown prontype! han Wiki_MiominMio.51
Unknown prontype! en Wiki_MiominMio.54
Unknown prontype! en Wiki_MiominMio.55
Unknown prontype! sig Wiki_MiominMio.57
Unknown prontype! han Wiki_MiominMio.58
Unknown prontype! sig Wiki_MiominMio.58
Unknown prontype! sig Wiki_MiominMio.59
Unknown prontype! all Wiki_MiominMio.60
Unknown prontype! all Wiki_MiominMio.60
Unknown prontype! all Wiki_MiominMio.60
Unknown prontype! sig Wiki_MiominMio.60
Unknown prontype! en Wiki_MiominMio.61
Unknown prontype! en Wiki_MiominMio.62
Unknown prontype! sig Wiki_MiominMio.62
Unknown prontype! en Wiki_MiominMio.62
Unknown prontype! en Wiki_MiominMio.62
Unknown prontype! en Wiki_MiominMio.62
Unknown prontype! någon Wiki_MiominMio.64
Unknown prontype! sig Wiki_MiominMio.64
Unknown prontype! en Wiki_MiominMio.65
Unknown prontype! en Wiki_MiominMio.65
Unknown prontype! han Wiki_MiominMio.66
Unknown prontype! han Wiki_MiominMio.66
Unknown prontype! han Wiki_MiominMio.67
Unknown prontype! all Wiki_MiominMio.67
Unknown prontype! en Wiki_MiominMio.68
Unknown prontype! en Wiki_MiominMio.69
Unknown prontype! en Wiki_MiominMio.69
Unknown prontype! han Wiki_MiominMio.71
Unknown prontype! jag Wiki_MiominMio.71
Unknown prontype! en Wiki_MiominMio.71
Unknown prontype! en Wiki_MiominMio.72
Unknown prontype! en Wiki_MiominMio.73
Unknown prontype! han Wiki_MiominMio.73
Unknown prontype! all Wiki_MiominMio.74
Unknown prontype! en Wiki_MiominMio.74
Unknown prontype! han Wiki_MiominMio.74
Unknown prontype! en Wiki_MiominMio.76
Unknown prontype! en Wiki_MiominMio.78
Unknown prontype! en Wiki_MiominMio.78
Unknown prontype! en Wiki_MiominMio.79
Unknown prontype! en Wiki_MiominMio.80
Unknown prontype! någon Wiki_MiominMio.81
Unknown prontype! en Wiki_MiominMio.81
Unknown prontype! en Wiki_MiominMio.82
Unknown prontype! en Wiki_MiominMio.82
Unknown prontype! allting Wiki_MiominMio.85
Unknown prontype! han Wiki_MiominMio.86
Unknown prontype! han Wiki_MiominMio.86
Unknown prontype! vi Wiki_MiominMio.86
Unknown prontype! all Wiki_MiominMio.88
Unknown prontype! all Wiki_MiominMio.90
Unknown prontype! en Wiki_MiominMio.91
Unknown prontype! han Wiki_MiominMio.92
Unknown prontype! sig Wiki_MiominMio.93
Unknown prontype! han Wiki_MiominMio.93
Unknown prontype! en Wiki_MiominMio.94
Unknown prontype! en Wiki_MiominMio.95
Unknown prontype! sig Wiki_MiominMio.96
Unknown prontype! han Wiki_MiominMio.97
Unknown prontype! han Wiki_MiominMio.97
Unknown prontype! en Wiki_MiominMio.97
Unknown prontype! han Wiki_MiominMio.99
Unknown prontype! du Wiki_MiominMio.99
Unknown prontype! en Wiki_MiominMio.101
Unknown prontype! en Wiki_MiominMio.104
Unknown prontype! hon Wiki_MiominMio.105
Unknown prontype! all Wiki_MiominMio.107
Unknown prontype! sig Wiki_MiominMio.109
Unknown prontype! jag Wiki_MiominMio.109
Unknown prontype! jag Wiki_MiominMio.109
Unknown prontype! hon Wiki_MiominMio.111
Unknown prontype! all Wiki_MiominMio.113
Unknown prontype! han Wiki_MiominMio.116
Unknown prontype! någon Wiki_MiominMio.116
Unknown prontype! sig Wiki_MiominMio.117
Unknown prontype! en Wiki_MiominMio.117
Unknown prontype! en Wiki_MiominMio.117
Unknown prontype! han Wiki_MiominMio.117
Unknown prontype! han Wiki_MiominMio.117
Unknown prontype! han Wiki_MiominMio.118
Unknown prontype! denna Wiki_MiominMio.119
Unknown prontype! denna Wiki_MiominMio.119
Unknown prontype! hon Wiki_MiominMio.119
Unknown prontype! jag Wiki_MiominMio.119
Unknown prontype! en Wiki_MiominMio.119
Unknown prontype! en Wiki_MiominMio.120
Unknown prontype! ingen Wiki_MiominMio.120
Unknown prontype! en Wiki_MiominMio.121
Unknown prontype! sig Wiki_MiominMio.123
Unknown prontype! all Wiki_MiominMio.123
Unknown prontype! en Wiki_MiominMio.124
Unknown prontype! en Wiki_MiominMio.124
Unknown prontype! hon Wiki_MiominMio.125
Unknown prontype! hon Wiki_MiominMio.125
Unknown prontype! en Wiki_MiominMio.125
Unknown prontype! en Wiki_MiominMio.125
Unknown prontype! en Wiki_MiominMio.126
Unknown prontype! han Wiki_MiominMio.126
Unknown prontype! jag Wiki_MiominMio.127
Unknown prontype! han Wiki_MiominMio.127
Unknown prontype! jag Wiki_MiominMio.127
Unknown prontype! han Wiki_MiominMio.127
Unknown prontype! jag Wiki_MiominMio.128
Unknown prontype! han Wiki_MiominMio.128
Unknown prontype! hon Wiki_MiominMio.132
Unknown prontype! någon Wiki_MiominMio.132
Unknown prontype! en Wiki_MiominMio.134
Unknown prontype! hon Wiki_MiominMio.134
Unknown prontype! hon Wiki_MiominMio.137
Unknown prontype! vi Wiki_MiominMio.142
Unknown prontype! en viss Wiki_MiominMio.143
Unknown prontype! han Wiki_MiominMio.144
Unknown prontype! jag Wiki_MiominMio.144
Unknown prontype! all Wiki_MiominMio.148
Unknown prontype! en Wiki_MiominMio.149
Unknown prontype! denna Wiki_MiominMio.150
Unknown prontype! en Wiki_MiominMio.153
Unknown prontype! all Wiki_MiominMio.153
Unknown prontype! sig Wiki_MiominMio.153
Unknown prontype! en Wiki_MiominMio.153
Unknown prontype! en Wiki_MiominMio.154
Unknown prontype! en Wiki_MiominMio.154
Unknown prontype! en Wiki_MiominMio.156
Unknown prontype! denna Wiki_MiominMio.159
Unknown prontype! en Wiki_MiominMio.159
Unknown prontype! en Wiki_MiominMio.162
Unknown prontype! en Wiki_Jonssonligan.2
Unknown prontype! en Wiki_Jonssonligan.2
Unknown prontype! all Wiki_Jonssonligan.3
Unknown prontype! all Wiki_Jonssonligan.3
Unknown prontype! en Wiki_Jonssonligan.5
Unknown prontype! sig Wiki_Jonssonligan.5
Unknown prontype! en Wiki_Jonssonligan.7
Unknown prontype! en Wiki_Jonssonligan.10
Unknown prontype! sig Wiki_Jonssonligan.13
Unknown prontype! en Wiki_Jonssonligan.14
Unknown prontype! han Wiki_Jonssonligan.17
Unknown prontype! han Wiki_Jonssonligan.19
Unknown prontype! en Wiki_Jonssonligan.19
Unknown prontype! en Wiki_Jonssonligan.22
Unknown prontype! en Wiki_Jonssonligan.22
Unknown prontype! en Wiki_Jonssonligan.23
Unknown prontype! denna Wiki_Jonssonligan.26
Unknown prontype! en Wiki_Jonssonligan.26
Unknown prontype! en Wiki_Jonssonligan.26
Unknown prontype! sig Wiki_Jonssonligan.26
Unknown prontype! sig Wiki_Jonssonligan.26
Unknown prontype! han Wiki_Jonssonligan.26
Unknown prontype! en Wiki_Jonssonligan.26
Unknown prontype! en Wiki_Jonssonligan.28
Unknown prontype! en Wiki_Jonssonligan.29
Unknown prontype! en Wiki_Jonssonligan.32
Unknown prontype! sig Wiki_Jonssonligan.35
Unknown prontype! sig Wiki_Jonssonligan.36
Unknown prontype! han Wiki_Jonssonligan.38
Unknown prontype! en Wiki_Jonssonligan.38
Unknown prontype! en Wiki_Jonssonligan.39
Unknown prontype! en Wiki_Jonssonligan.39
Unknown prontype! en Wiki_Jonssonligan.40
Unknown prontype! någon Wiki_Jonssonligan.40
Unknown prontype! någon Wiki_Jonssonligan.40
Unknown prontype! sig Wiki_Jonssonligan.41
Unknown prontype! denna Wiki_Jonssonligan.42
Unknown prontype! han Wiki_Jonssonligan.42
Unknown prontype! sig Wiki_Jonssonligan.42
Unknown prontype! en Wiki_Jonssonligan.42
Unknown prontype! hon Wiki_Jonssonligan.43
Unknown prontype! hon Wiki_Jonssonligan.43
Unknown prontype! denna Wiki_Jonssonligan.44
Unknown prontype! varandra Wiki_Jonssonligan.44
Unknown prontype! denna Wiki_Jonssonligan.47
Unknown prontype! denna Wiki_Jonssonligan.49
Unknown prontype! han Wiki_Jonssonligan.50
Unknown prontype! någon Wiki_Jonssonligan.50
Unknown prontype! han Wiki_Jonssonligan.51
Unknown prontype! sig Wiki_Jonssonligan.52
Unknown prontype! någon Wiki_Jonssonligan.52
Unknown prontype! en Wiki_Jonssonligan.54
Unknown prontype! en Wiki_Jonssonligan.54
Unknown prontype! all Wiki_Jonssonligan.54
Unknown prontype! denna Wiki_Jonssonligan.56
Unknown prontype! sig Wiki_Jonssonligan.56
Unknown prontype! en Wiki_Sverigesriksdag.4
Unknown prontype! någon Wiki_Sverigesriksdag.8
Unknown prontype! en Wiki_Sverigesriksdag.9
Unknown prontype! en Wiki_Sverigesriksdag.9
Unknown prontype! någon Wiki_Sverigesriksdag.9
Unknown prontype! vilken Wiki_Sverigesriksdag.9
Unknown prontype! en Wiki_Sverigesriksdag.15
Unknown prontype! en Wiki_Sverigesriksdag.15
Unknown prontype! en Wiki_Sverigesriksdag.19
Unknown prontype! en Wiki_Sverigesriksdag.22
Unknown prontype! all Wiki_Sverigesriksdag.27
Unknown prontype! denna Wiki_Sverigesriksdag.29
Unknown prontype! denna Wiki_Sverigesriksdag.30
Unknown prontype! en Wiki_Sverigesriksdag.30
Unknown prontype! en Wiki_Sverigesriksdag.34
Unknown prontype! en Wiki_Sverigesriksdag.34
Unknown prontype! man Wiki_Sverigesriksdag.36
Unknown prontype! en Wiki_Sverigesriksdag.36
Unknown prontype! man Wiki_Sverigesriksdag.38
Unknown prontype! en Wiki_Sverigesriksdag.38
Unknown prontype! vilken Wiki_Sverigesriksdag.42
Unknown prontype! vilken Wiki_Sverigesriksdag.42
Unknown prontype! vars Wiki_Sverigesriksdag.43
Unknown prontype! en Wiki_Sverigesriksdag.43
Unknown prontype! sin Wiki_Sverigesriksdag.44
Unknown prontype! en Wiki_Sverigesriksdag.47
Unknown prontype! all Wiki_Sverigesriksdag.49
Unknown prontype! en Wiki_Sverigesriksdag.50
Unknown prontype! en Wiki_Sverigesriksdag.50
Unknown prontype! denna Wiki_Sverigesriksdag.51
Unknown prontype! denna Wiki_Sverigesriksdag.52
Unknown prontype! en Wiki_Sverigesriksdag.55
Unknown prontype! en Wiki_Sverigesriksdag.56
Unknown prontype! en Wiki_Sverigesriksdag.57
Unknown prontype! en Wiki_Sverigesriksdag.62
Unknown prontype! en Wiki_Sverigesriksdag.62
Unknown prontype! man Wiki_Sverigesriksdag.65
Unknown prontype! denna Wiki_Sverigesriksdag.66
Unknown prontype! någon Wiki_Sverigesriksdag.67
Unknown prontype! sig Wiki_Sverigesriksdag.68
Unknown prontype! en Wiki_Sverigesriksdag.71
Unknown prontype! en Wiki_Sverigesriksdag.73
Unknown prontype! mycken Wiki_Sverigesriksdag.76
Unknown prontype! all Wiki_Sverigesriksdag.76
Unknown prontype! en Wiki_Sverigesriksdag.77
Unknown prontype! en Wiki_Sverigesriksdag.78
Unknown prontype! all Wiki_Sverigesriksdag.78
Unknown prontype! man Wiki_Sverigesriksdag.79
Unknown prontype! en Wiki_Sverigesriksdag.83
Unknown prontype! en Wiki_Sverigesriksdag.92
Unknown prontype! en Wiki_Sverigesriksdag.95
Unknown prontype! en Wiki_Sverigesriksdag.96
Unknown prontype! en Wiki_Sverigesriksdag.100
Unknown prontype! sig Wiki_Sverigesriksdag.100
Unknown prontype! var Wiki_Sverigesriksdag.101
Unknown prontype! denna Wiki_Sverigesriksdag.104
Unknown prontype! en Wiki_Sverigesriksdag.105
Unknown prontype! en Wiki_Sverigesriksdag.105
Unknown prontype! en Wiki_Sverigesriksdag.105
Unknown prontype! en Wiki_Sverigesriksdag.105
Unknown prontype! en Wiki_Sverigesriksdag.113
Unknown prontype! denna Wiki_Sverigesriksdag.113
Unknown prontype! en Wiki_Sverigesriksdag.114
Unknown prontype! någon Wiki_Sverigesriksdag.115
Unknown prontype! någon Wiki_Sverigesriksdag.115
Unknown prontype! denna Wiki_Sverigesriksdag.116
Unknown prontype! en Wiki_Sverigesriksdag.118
Unknown prontype! all Romn_Lundqvist-Ingentobak.14
Unknown prontype! en Romn_Lundqvist-Ingentobak.14
Unknown prontype! han Romn_Lundqvist-Ingentobak.15
Unknown prontype! någon Romn_Lundqvist-Ingentobak.17
Unknown prontype! han Romn_Lundqvist-Ingentobak.17
Unknown prontype! en Romn_Lundqvist-Ingentobak.17
Unknown prontype! all Romn_Lundqvist-Ingentobak.17
Unknown prontype! en Romn_Lundqvist-Ingentobak.20
Unknown prontype! han Romn_Lundqvist-Ingentobak.21
Unknown prontype! sig Romn_Lundqvist-Ingentobak.21
Unknown prontype! han Romn_Lundqvist-Ingentobak.22
Unknown prontype! denna Romn_Lundqvist-Ingentobak.22
Unknown prontype! han Romn_Lundqvist-Ingentobak.22
Unknown prontype! en Romn_Lundqvist-Ingentobak.22
Unknown prontype! sig Romn_Lundqvist-Ingentobak.22
Unknown prontype! en Romn_Lundqvist-Ingentobak.22
Unknown prontype! sig Romn_Lundqvist-Ingentobak.22
Unknown prontype! sig Romn_Lundqvist-Ingentobak.22
Unknown prontype! en Romn_Lundqvist-Ingentobak.23
Unknown prontype! en Romn_Lundqvist-Ingentobak.23
Unknown prontype! en Romn_Lundqvist-Ingentobak.24
Unknown prontype! en Romn_Lundqvist-Ingentobak.24
Unknown prontype! en Romn_Lundqvist-Ingentobak.24
Unknown prontype! han Romn_Lundqvist-Ingentobak.24
Unknown prontype! han Romn_Lundqvist-Ingentobak.26
Unknown prontype! någon Romn_Lundqvist-Ingentobak.26
Unknown prontype! en Romn_Lundqvist-Ingentobak.29
Unknown prontype! man Romn_Lundqvist-Ingentobak.31
Unknown prontype! någon Romn_Lundqvist-Ingentobak.31
Unknown prontype! sig Romn_Lundqvist-Ingentobak.32
Unknown prontype! någon Romn_Lundqvist-Ingentobak.33
Unknown prontype! all Romn_Lundqvist-Ingentobak.36
Unknown prontype! en Romn_Lundqvist-Ingentobak.37
Unknown prontype! en Romn_Lundqvist-Ingentobak.37
Unknown prontype! en Romn_Lundqvist-Ingentobak.39
Unknown prontype! jag Romn_Lundqvist-Ingentobak.39
Unknown prontype! var Romn_Lundqvist-Ingentobak.39
Unknown prontype! han Romn_Lundqvist-Ingentobak.39
Unknown prontype! sig Romn_Lundqvist-Ingentobak.39
Unknown prontype! en Romn_Lundqvist-Ingentobak.40
Unknown prontype! jag Romn_Lundqvist-Ingentobak.40
Unknown prontype! en Romn_Lundqvist-Ingentobak.41
Unknown prontype! någon Romn_Lundqvist-Ingentobak.41
Unknown prontype! han Romn_Lundqvist-Ingentobak.43
Unknown prontype! hon Romn_Lundqvist-Ingentobak.44
Unknown prontype! denna Romn_Lundqvist-Ingentobak.44
Unknown prontype! hon Romn_Lundqvist-Ingentobak.44
Unknown prontype! denna Romn_Lundqvist-Ingentobak.46
Unknown prontype! en Romn_Lundqvist-Ingentobak.46
Unknown prontype! man Romn_Lundqvist-Ingentobak.47
Unknown prontype! man Romn_Lundqvist-Ingentobak.47
Unknown prontype! en Romn_Lundqvist-Ingentobak.48
Unknown prontype! man Romn_Lundqvist-Ingentobak.49
Unknown prontype! man Romn_Lundqvist-Ingentobak.49
Unknown prontype! sig Romn_Lundqvist-Ingentobak.49
Unknown prontype! han Romn_Lundqvist-Ingentobak.52
Unknown prontype! en Romn_Lundqvist-Ingentobak.53
Unknown prontype! sig Romn_Lundqvist-Ingentobak.53
Unknown prontype! hon Romn_Lundqvist-Ingentobak.53
Unknown prontype! hon Romn_Lundqvist-Ingentobak.53
Unknown prontype! en Romn_Lundqvist-Ingentobak.53
Unknown prontype! vad Romn_Lundqvist-Ingentobak.54
Unknown prontype! han Romn_Lundqvist-Ingentobak.56
Unknown prontype! han Romn_Lundqvist-Ingentobak.57
Unknown prontype! han Romn_Lundqvist-Ingentobak.57
Unknown prontype! en Romn_Lundqvist-Ingentobak.57
Unknown prontype! han Romn_Lundqvist-Ingentobak.58
Unknown prontype! en Romn_Lundqvist-Ingentobak.58
Unknown prontype! en Romn_Lundqvist-Ingentobak.59
Unknown prontype! en Romn_Lundqvist-Ingentobak.59
Unknown prontype! en Romn_Lundqvist-Ingentobak.59
Unknown prontype! sig Romn_Lundqvist-Ingentobak.59
Unknown prontype! en Romn_Lundqvist-Ingentobak.60
Unknown prontype! sig Romn_Lundqvist-Ingentobak.62
Unknown prontype! en Romn_Lundqvist-Ingentobak.65
Unknown prontype! en Romn_Lundqvist-Ingentobak.65
Unknown prontype! en Romn_Lundqvist-Ingentobak.66
Unknown prontype! varannan Romn_Lundqvist-Ingentobak.66
Unknown prontype! sig Romn_Lundqvist-Ingentobak.66
Unknown prontype! en Romn_Lundqvist-Ingentobak.75
Unknown prontype! en Romn_Lundqvist-Ingentobak.75
Unknown prontype! han Romn_Lundqvist-Ingentobak.75
Unknown prontype! han Romn_Lundqvist-Ingentobak.77
Unknown prontype! en Romn_Lundqvist-Ingentobak.77
Unknown prontype! en Romn_Lundqvist-Ingentobak.77
Unknown prontype! en Romn_Lundqvist-Ingentobak.77
Unknown prontype! han Romn_Lundqvist-Ingentobak.79
Unknown prontype! han Romn_Lundqvist-Ingentobak.82
Unknown prontype! sig Romn_Lundqvist-Ingentobak.86
Unknown prontype! han Romn_Lundqvist-Ingentobak.86
Unknown prontype! en Romn_Lundqvist-Ingentobak.86
Unknown prontype! han Romn_Lundqvist-Ingentobak.88
Unknown prontype! en Romn_Lundqvist-Ingentobak.88
Unknown prontype! man Romn_Lundqvist-Ingentobak.91
Unknown prontype! man Romn_Lundqvist-Ingentobak.91
Unknown prontype! han Romn_Lundqvist-Ingentobak.93
Unknown prontype! vad Romn_Lundqvist-Ingentobak.94
Unknown prontype! han Romn_Lundqvist-Ingentobak.96
Unknown prontype! han Romn_Lundqvist-Ingentobak.97
Unknown prontype! denna Romn_Lundqvist-Ingentobak.97
Unknown prontype! han Romn_Lundqvist-Ingentobak.97
Unknown prontype! all Romn_Lundqvist-Ingentobak.98
Unknown prontype! han Romn_Lundqvist-Ingentobak.98
Unknown prontype! denna Romn_Lundqvist-Ingentobak.99
Unknown prontype! han Romn_Lundqvist-Ingentobak.99
Unknown prontype! han Romn_Lundqvist-Ingentobak.99
Unknown prontype! han Romn_Lundqvist-Ingentobak.99
Unknown prontype! sig Romn_Lundqvist-Ingentobak.99
Unknown prontype! han Romn_Lundqvist-Ingentobak.100
Unknown prontype! han Romn_Lundqvist-Ingentobak.100
Unknown prontype! han Romn_Lundqvist-Ingentobak.102
Unknown prontype! han Romn_Lundqvist-Ingentobak.103
Unknown prontype! en Romn_Lundqvist-Ingentobak.104
Unknown prontype! han Romn_Lundqvist-Ingentobak.105
Unknown prontype! en Romn_Lundqvist-Ingentobak.105
Unknown prontype! han Romn_Lundqvist-Ingentobak.105
Unknown prontype! han Romn_Lundqvist-Ingentobak.105
Unknown prontype! han Romn_Lundqvist-Ingentobak.105
Unknown prontype! han Romn_Lundqvist-Ingentobak.105
Unknown prontype! hon Romn_Lundqvist-Ingentobak.106
Unknown prontype! han Romn_Lundqvist-Ingentobak.106
Unknown prontype! han Romn_Lundqvist-Ingentobak.108
Unknown prontype! en Romn_Lundqvist-Ingentobak.108
Unknown prontype! en Romn_Lundqvist-Ingentobak.109
Unknown prontype! han Romn_Lundqvist-Ingentobak.110
Unknown prontype! någon Romn_Lundqvist-Ingentobak.113
Unknown prontype! en Romn_Lundqvist-Ingentobak.115
Unknown prontype! ni Romn_Lundqvist-Ingentobak.120
Unknown prontype! jag Romn_Lundqvist-Ingentobak.121
Unknown prontype! er Romn_Lundqvist-Ingentobak.121
Unknown prontype! en Romn_Lundqvist-Ingentobak.121
Unknown prontype! mycken Romn_Lundqvist-Ingentobak.121
Unknown prontype! han Romn_Lundqvist-Ingentobak.123
Unknown prontype! jag Romn_Lundqvist-Ingentobak.125
Unknown prontype! vilken Romn_Lundqvist-Ingentobak.127
Unknown prontype! en Romn_Lundqvist-Ingentobak.127
Unknown prontype! er Romn_Lundqvist-Ingentobak.130
Unknown prontype! någon Romn_Lundqvist-Ingentobak.132
Unknown prontype! någon Romn_Lundqvist-Ingentobak.132
Unknown prontype! en Romn_Lundqvist-Ingentobak.133
Unknown prontype! en Romn_Lundqvist-Ingentobak.133
Unknown prontype! han Romn_Lundqvist-Ingentobak.133
Unknown prontype! han Romn_Lundqvist-Ingentobak.138
Unknown prontype! jag Romn_Lundqvist-Ingentobak.139
Unknown prontype! jag Romn_Lundqvist-Ingentobak.139
Unknown prontype! en Romn_Lundqvist-Ingentobak.141
Unknown prontype! han Romn_Lundqvist-Ingentobak.141
Unknown prontype! sig Romn_Lundqvist-Ingentobak.142
Unknown prontype! jag Romn_Lundqvist-Ingentobak.146
Unknown prontype! jag Romn_Lundqvist-Ingentobak.149
Unknown prontype! jag Romn_Lundqvist-Ingentobak.149
Unknown prontype! vi Romn_Lundqvist-Ingentobak.151
Unknown prontype! jag Romn_Lundqvist-Ingentobak.152
Unknown prontype! er Romn_Lundqvist-Ingentobak.152
Unknown prontype! ni Romn_Lundqvist-Ingentobak.153
Unknown prontype! någon Romn_Lundqvist-Ingentobak.153
Unknown prontype! jag Romn_Lundqvist-Ingentobak.155
Unknown prontype! jag Romn_Lundqvist-Ingentobak.155
Unknown prontype! ingen Romn_Lundqvist-Ingentobak.157
Unknown prontype! jag Romn_Lundqvist-Ingentobak.158
Unknown prontype! er Romn_Lundqvist-Ingentobak.158
Unknown prontype! en Romn_Lundqvist-Ingentobak.158
Unknown prontype! en Romn_Lundqvist-Ingentobak.159
Unknown prontype! vad Romn_Lundqvist-Ingentobak.162
Unknown prontype! jag Romn_Lundqvist-Ingentobak.162
Unknown prontype! jag Romn_Lundqvist-Ingentobak.162
Unknown prontype! jag Romn_Lundqvist-Ingentobak.163
Unknown prontype! sig Romn_Lundqvist-Ingentobak.165
Unknown prontype! allting Romn_Lundqvist-Ingentobak.166
Unknown prontype! sig Romn_Lundqvist-Ingentobak.166
Unknown prontype! ni Romn_Lundqvist-Ingentobak.167
Unknown prontype! ni Romn_Lundqvist-Ingentobak.167
Unknown prontype! jag Romn_Lundqvist-Ingentobak.167
Unknown prontype! vi Romn_Lundqvist-Ingentobak.167
Unknown prontype! ni Romn_Lundqvist-Ingentobak.167
Unknown prontype! jag Romn_Lundqvist-Ingentobak.169
Unknown prontype! jag Romn_Lundqvist-Ingentobak.170
Unknown prontype! jag Romn_Lundqvist-Ingentobak.170
Unknown prontype! ingen Romn_Lundqvist-Ingentobak.172
Unknown prontype! ni Romn_Lundqvist-Ingentobak.173
Unknown prontype! han Romn_Lundqvist-Ingentobak.173
Unknown prontype! er Romn_Lundqvist-Ingentobak.173
Unknown prontype! vi Romn_Lundqvist-Ingentobak.174
Unknown prontype! en Romn_Lundqvist-Ingentobak.176
Unknown prontype! en Romn_Lundqvist-Ingentobak.178
Unknown prontype! en Romn_Lundqvist-Ingentobak.178
Unknown prontype! jag Romn_Lundqvist-Ingentobak.179
Unknown prontype! du Romn_Lundqvist-Ingentobak.181
Unknown prontype! du Romn_Lundqvist-Ingentobak.182
Unknown prontype! någon Romn_Lundqvist-Ingentobak.183
Unknown prontype! han Romn_Lundqvist-Ingentobak.183
Unknown prontype! han Romn_Lundqvist-Ingentobak.183
Unknown prontype! han Romn_Lundqvist-Ingentobak.184
Unknown prontype! en Romn_Lundqvist-Ingentobak.184
Unknown prontype! han Romn_Lundqvist-Ingentobak.184
Unknown prontype! en Romn_Lundqvist-Ingentobak.184
Unknown prontype! han Romn_Lundqvist-Ingentobak.185
Unknown prontype! en Romn_Lundqvist-Ingentobak.185
Unknown prontype! varandra Romn_Lundqvist-Ingentobak.186
Unknown prontype! en Romn_Lundqvist-Ingentobak.186
Unknown prontype! han Romn_Lundqvist-Ingentobak.187
Unknown prontype! en Romn_Lundqvist-Ingentobak.188
Unknown prontype! jag Romn_Lundqvist-Ingentobak.190
Unknown prontype! ni Romn_Lundqvist-Ingentobak.190
Unknown prontype! er Romn_Lundqvist-Ingentobak.190
Unknown prontype! vem Romn_Lundqvist-Ingentobak.190
Unknown prontype! jag Romn_Lundqvist-Ingentobak.190
Unknown prontype! han Romn_Lundqvist-Ingentobak.191
Unknown prontype! hon Romn_Lundqvist-Ingentobak.193
Unknown prontype! vad Romn_Lundqvist-Ingentobak.193
Unknown prontype! hon Romn_Lundqvist-Ingentobak.193
Unknown prontype! vad Romn_Lundqvist-Ingentobak.193
Unknown prontype! hon Romn_Lundqvist-Ingentobak.193
Unknown prontype! han Romn_Lundqvist-Ingentobak.194
Unknown prontype! hon Romn_Lundqvist-Ingentobak.194
Unknown prontype! en Romn_Lundqvist-Ingentobak.196
Unknown prontype! en Romn_Lundqvist-Ingentobak.196
Unknown prontype! hon Romn_Lundqvist-Ingentobak.197
Unknown prontype! man Romn_Lundqvist-Ingentobak.198
Unknown prontype! man Romn_Lundqvist-Ingentobak.200
Unknown prontype! denna Romn_Lundqvist-Ingentobak.200
Unknown prontype! denna Romn_Lundqvist-Ingentobak.200
Unknown prontype! man Romn_Lundqvist-Ingentobak.200
Unknown prontype! mycken Romn_Lundqvist-Ingentobak.201
Unknown prontype! sig Romn_Lundqvist-Ingentobak.202
Unknown prontype! hon Romn_Lundqvist-Ingentobak.202
Unknown prontype! han Romn_Lundqvist-Ingentobak.202
Unknown prontype! jag Romn_Lundqvist-Ingentobak.205
Unknown prontype! allting Romn_Lundqvist-Ingentobak.205
Unknown prontype! er Romn_Lundqvist-Ingentobak.205
Unknown prontype! jag Romn_Lundqvist-Ingentobak.206
Unknown prontype! ni Romn_Lundqvist-Ingentobak.206
Unknown prontype! ni Romn_Lundqvist-Ingentobak.206
Unknown prontype! all Romn_Lundqvist-Ingentobak.206
Unknown prontype! jag Romn_Lundqvist-Ingentobak.208
Unknown prontype! ni Romn_Lundqvist-Ingentobak.208
Unknown prontype! han Romn_Lundqvist-Ingentobak.208
Unknown prontype! en Romn_Lundqvist-Ingentobak.208
Unknown prontype! ni Romn_Lundqvist-Ingentobak.208
Unknown prontype! en Romn_Lundqvist-Ingentobak.210
Unknown prontype! han Romn_Lundqvist-Ingentobak.210
Unknown prontype! han Romn_Lundqvist-Ingentobak.211
Unknown prontype! jag Romn_Lundqvist-Ingentobak.213
Unknown prontype! du Romn_Lundqvist-Ingentobak.213
Unknown prontype! all Romn_Lundqvist-Ingentobak.213
Unknown prontype! jag Romn_Lundqvist-Ingentobak.213
Unknown prontype! du Romn_Lundqvist-Ingentobak.213
Unknown prontype! jag Romn_Lundqvist-Ingentobak.214
Unknown prontype! jag Romn_Lundqvist-Ingentobak.215
Unknown prontype! jag Romn_Lundqvist-Ingentobak.216
Unknown prontype! jag Romn_Lundqvist-Ingentobak.216
Unknown prontype! hon Romn_Lundqvist-Ingentobak.216
Unknown prontype! en Romn_Lundqvist-Ingentobak.216
Unknown prontype! hon Romn_Lundqvist-Ingentobak.216
Unknown prontype! hon Romn_Lundqvist-Ingentobak.216
Unknown prontype! någon Romn_Lundqvist-Ingentobak.216
Unknown prontype! er Romn_Lundqvist-Ingentobak.216
Unknown prontype! jag Romn_Lundqvist-Ingentobak.218
Unknown prontype! jag Romn_Lundqvist-Ingentobak.218
Unknown prontype! jag Romn_Lundqvist-Ingentobak.219
Unknown prontype! er Romn_Lundqvist-Ingentobak.219
Unknown prontype! jag Romn_Lundqvist-Ingentobak.219
Unknown prontype! mycken Romn_Lundqvist-Ingentobak.221
Unknown prontype! ni Romn_Lundqvist-Ingentobak.223
Unknown prontype! han Romn_Lundqvist-Ingentobak.223
Unknown prontype! jag Romn_Lundqvist-Ingentobak.224
Unknown prontype! han Romn_Lundqvist-Ingentobak.224
Unknown prontype! en Romn_Lundqvist-Ingentobak.224
Unknown prontype! han Romn_Lundqvist-Ingentobak.224
Unknown prontype! han Romn_Lundqvist-Ingentobak.225
Unknown prontype! han Romn_Lundqvist-Ingentobak.226
Unknown prontype! en Romn_Lundqvist-Ingentobak.226
Unknown prontype! han Romn_Lundqvist-Ingentobak.227
Unknown prontype! jag Romn_Lundqvist-Ingentobak.227
Unknown prontype! han Romn_Lundqvist-Ingentobak.227
Unknown prontype! en Romn_Lundqvist-Ingentobak.227
Unknown prontype! vad Romn_Lundqvist-Ingentobak.229
Unknown prontype! jag Romn_Lundqvist-Ingentobak.229
Unknown prontype! jag Romn_Lundqvist-Ingentobak.231
Unknown prontype! en Romn_Lundqvist-Ingentobak.231
Unknown prontype! jag Romn_Lundqvist-Ingentobak.231
Unknown prontype! ni Romn_Lundqvist-Ingentobak.231
Unknown prontype! han Romn_Lundqvist-Ingentobak.231
Unknown prontype! all Romn_Lundqvist-Ingentobak.231
Unknown prontype! ni Romn_Lundqvist-Ingentobak.231
Unknown prontype! han Romn_Lundqvist-Ingentobak.231
Unknown prontype! han Romn_Lundqvist-Ingentobak.232
Unknown prontype! jag Romn_Lundqvist-Ingentobak.233
Unknown prontype! han Romn_Lundqvist-Ingentobak.233
Unknown prontype! någon Romn_Lundqvist-Ingentobak.233
Unknown prontype! jag Romn_Lundqvist-Ingentobak.233
Unknown prontype! ni Romn_Lundqvist-Ingentobak.234
Unknown prontype! jag Romn_Lundqvist-Ingentobak.235
Unknown prontype! du Romn_Lundqvist-Ingentobak.238
Unknown prontype! du Romn_Lundqvist-Ingentobak.239
Unknown prontype! sig Romn_Lundqvist-Ingentobak.240
Unknown prontype! jag Romn_Lundqvist-Ingentobak.242
Unknown prontype! er Romn_Lundqvist-Ingentobak.242
Unknown prontype! all Romn_Lundqvist-Ingentobak.242
Unknown prontype! mycken Romn_Lundqvist-Ingentobak.242
Unknown prontype! jag Romn_Lundqvist-Ingentobak.243
Unknown prontype! en Romn_Lundqvist-Ingentobak.243
Unknown prontype! jag Romn_Lundqvist-Ingentobak.249
Unknown prontype! ni Romn_Lundqvist-Ingentobak.249
Unknown prontype! jag Romn_Lundqvist-Ingentobak.250
Unknown prontype! jag Romn_Lundqvist-Ingentobak.250
Unknown prontype! er Romn_Lundqvist-Ingentobak.250
Unknown prontype! ni Romn_Lundqvist-Ingentobak.250
Unknown prontype! han Romn_Lundqvist-Ingentobak.251
Unknown prontype! jag Romn_Lundqvist-Ingentobak.256
Unknown prontype! jag Romn_Lundqvist-Ingentobak.256
Unknown prontype! ni Romn_Lundqvist-Ingentobak.256
Unknown prontype! sig Romn_Lundqvist-Ingentobak.256
Unknown prontype! sig Romn_Lundqvist-Ingentobak.256
Unknown prontype! jag Romn_Lundqvist-Ingentobak.257
Unknown prontype! en Romn_Lundqvist-Ingentobak.257
Unknown prontype! ni Romn_Lundqvist-Ingentobak.257
Unknown prontype! jag Romn_Lundqvist-Ingentobak.258
Unknown prontype! ni Romn_Lundqvist-Ingentobak.258
Unknown prontype! all Romn_Lundqvist-Ingentobak.258
Unknown prontype! han Romn_Lundqvist-Ingentobak.258
Unknown prontype! han Romn_Lundqvist-Ingentobak.258
Unknown prontype! jag Romn_Lundqvist-Ingentobak.260
Unknown prontype! er Romn_Lundqvist-Ingentobak.260
Unknown prontype! ni Romn_Lundqvist-Ingentobak.260
Unknown prontype! jag Romn_Lundqvist-Ingentobak.260
Unknown prontype! sig Romn_Lundqvist-Ingentobak.260
Unknown prontype! ni Romn_Lundqvist-Ingentobak.261
Unknown prontype! en Romn_Lundqvist-Ingentobak.261
Unknown prontype! ni Romn_Lundqvist-Ingentobak.263
Unknown prontype! vi Romn_Lundqvist-Ingentobak.263
Unknown prontype! er Romn_Lundqvist-Ingentobak.263
Unknown prontype! ni Romn_Lundqvist-Ingentobak.263
Unknown prontype! ni Romn_Lundqvist-Ingentobak.264
Unknown prontype! all Romn_Lundqvist-Ingentobak.264
Unknown prontype! ni Romn_Lundqvist-Ingentobak.264
Unknown prontype! han Romn_Lundqvist-Ingentobak.266
Unknown prontype! en Romn_Lundqvist-Ingentobak.268
Unknown prontype! jag Romn_Lundqvist-Ingentobak.268
Unknown prontype! man Romn_Lundqvist-Ingentobak.268
Unknown prontype! ni Romn_Lundqvist-Ingentobak.268
Unknown prontype! en Romn_Lundqvist-Ingentobak.269
Unknown prontype! vi Romn_Lundqvist-Ingentobak.271
Unknown prontype! vi Romn_Lundqvist-Ingentobak.271
Unknown prontype! ingen Romn_Lundqvist-Ingentobak.275
Unknown prontype! ingen Romn_Lundqvist-Ingentobak.275
Unknown prontype! en Romn_Lundqvist-Ingentobak.276
Unknown prontype! en Romn_Lundqvist-Ingentobak.276
Unknown prontype! man Romn_Lundqvist-Ingentobak.277
Unknown prontype! man Romn_Lundqvist-Ingentobak.277
Unknown prontype! en Romn_Lundqvist-Ingentobak.277
Unknown prontype! ni Romn_Lundqvist-Ingentobak.278
Unknown prontype! en Romn_Lundqvist-Ingentobak.281
Unknown prontype! sig Romn_Lundqvist-Ingentobak.284
Unknown prontype! en Romn_Lundqvist-Ingentobak.284
Unknown prontype! en Romn_Lundqvist-Ingentobak.284
Unknown prontype! vilken Romn_Lundqvist-Ingentobak.285
Unknown prontype! ni Romn_Lundqvist-Ingentobak.288
Unknown prontype! vi Romn_Lundqvist-Ingentobak.288
Unknown prontype! jag Romn_Lundqvist-Ingentobak.289
Unknown prontype! han Romn_Lundqvist-Ingentobak.291
Unknown prontype! han Romn_Lundqvist-Ingentobak.291
Unknown prontype! båda Romn_Lundqvist-Ingentobak.293
Unknown prontype! sig Romn_Lundqvist-Ingentobak.295
Unknown prontype! en Romn_Lundqvist-Ingentobak.295
Unknown prontype! han Romn_Lundqvist-Ingentobak.295
Unknown prontype! en Romn_Lundqvist-Ingentobak.295
Unknown prontype! någon Romn_Lundqvist-Ingentobak.297
Unknown prontype! en Romn_Lundqvist-Ingentobak.298
Unknown prontype! han Romn_Lundqvist-Ingentobak.300
Unknown prontype! han Romn_Lundqvist-Ingentobak.300
Unknown prontype! han Romn_Lundqvist-Ingentobak.300
Unknown prontype! han Romn_Lundqvist-Ingentobak.301
Unknown prontype! han Romn_Lundqvist-Ingentobak.301
Unknown prontype! en Romn_Lundqvist-Ingentobak.301
Unknown prontype! han Romn_Lundqvist-Ingentobak.302
Unknown prontype! han Romn_Lundqvist-Ingentobak.302
Unknown prontype! han Romn_Lundqvist-Ingentobak.303
Unknown prontype! varenda Romn_Lundqvist-Ingentobak.304
Unknown prontype! en Romn_Lundqvist-Ingentobak.304
Unknown prontype! han Romn_Lundqvist-Ingentobak.304
Unknown prontype! en Romn_Lundqvist-Ingentobak.305
Unknown prontype! han Romn_Lundqvist-Ingentobak.306
Unknown prontype! han Romn_Lundqvist-Ingentobak.308
Unknown prontype! all Romn_Lundqvist-Ingentobak.308
Unknown prontype! han Romn_Lundqvist-Ingentobak.309
Unknown prontype! sig Romn_Lundqvist-Ingentobak.309
Unknown prontype! vad Romn_Lundqvist-Ingentobak.312
Unknown prontype! han Romn_Lundqvist-Ingentobak.312
Unknown prontype! sig Romn_Lundqvist-Ingentobak.312
Unknown prontype! en Romn_Lundqvist-Ingentobak.313
Unknown prontype! denna Romn_Lundqvist-Ingentobak.314
Unknown prontype! han Romn_Lundqvist-Ingentobak.314
Unknown prontype! en Romn_Lundqvist-Ingentobak.314
Unknown prontype! sig Romn_Lundqvist-Ingentobak.315
Unknown prontype! hon Romn_Lundqvist-Ingentobak.315
Unknown prontype! han Romn_Lundqvist-Ingentobak.318
Unknown prontype! vad Romn_Lundqvist-Ingentobak.322
Unknown prontype! en Romn_Lundqvist-Ingentobak.322
Unknown prontype! en Romn_Lundqvist-Ingentobak.323
Unknown prontype! en Romn_Lundqvist-Ingentobak.325
Unknown prontype! jag Romn_Lundqvist-Ingentobak.327
Unknown prontype! jag Romn_Lundqvist-Ingentobak.328
Unknown prontype! vad Romn_Lundqvist-Ingentobak.329
Unknown prontype! du Romn_Lundqvist-Ingentobak.329
Unknown prontype! jag Romn_Lundqvist-Ingentobak.329
Unknown prontype! han Romn_Lundqvist-Ingentobak.329
Unknown prontype! ingen Romn_Lundqvist-Ingentobak.331
Unknown prontype! han Romn_Lundqvist-Ingentobak.331
Unknown prontype! vem Romn_Lundqvist-Ingentobak.331
Unknown prontype! du Romn_Lundqvist-Ingentobak.331
Unknown prontype! han Romn_Lundqvist-Ingentobak.332
Unknown prontype! ingen Romn_Lundqvist-Ingentobak.333
Unknown prontype! ingen Romn_Lundqvist-Ingentobak.334
Unknown prontype! vi Romn_Lundqvist-Ingentobak.335
Unknown prontype! han Romn_Lundqvist-Ingentobak.335
Unknown prontype! jag Romn_Lundqvist-Ingentobak.337
Unknown prontype! han Romn_Lundqvist-Ingentobak.338
Unknown prontype! en Romn_Lundqvist-Ingentobak.338
Unknown prontype! jag Romn_Lundqvist-Ingentobak.340
Unknown prontype! han Romn_Lundqvist-Ingentobak.340
Unknown prontype! han Romn_Lundqvist-Ingentobak.340
Unknown prontype! han Romn_Lundqvist-Ingentobak.340
Unknown prontype! han Romn_Lundqvist-Ingentobak.341
Unknown prontype! ingenting Romn_Lundqvist-Ingentobak.341
Unknown prontype! han Romn_Lundqvist-Ingentobak.343
Unknown prontype! en Romn_Lundqvist-Ingentobak.343
Unknown prontype! du Romn_Lundqvist-Ingentobak.343
Unknown prontype! en Romn_Lundqvist-Ingentobak.344
Unknown prontype! vi Romn_Lundqvist-Ingentobak.345
Unknown prontype! han Romn_Lundqvist-Ingentobak.345
Unknown prontype! en Romn_Lundqvist-Ingentobak.345
Unknown prontype! jag Romn_Lundqvist-Ingentobak.345
Unknown prontype! vi Romn_Lundqvist-Ingentobak.346
Unknown prontype! en Romn_Lundqvist-Ingentobak.346
Unknown prontype! du Romn_Lundqvist-Ingentobak.347
Unknown prontype! hon Romn_Lundqvist-Ingentobak.350
Unknown prontype! en Romn_Lundqvist-Ingentobak.353
Unknown prontype! sig Romn_Lundqvist-Ingentobak.353
Unknown prontype! en Romn_Lundqvist-Ingentobak.353
Unknown prontype! en Romn_Lundqvist-Ingentobak.356
Unknown prontype! en Romn_Lundqvist-Ingentobak.358
Unknown prontype! han Romn_Lundqvist-Ingentobak.358
Unknown prontype! han Romn_Lundqvist-Ingentobak.359
Unknown prontype! allting Romn_Lundqvist-Ingentobak.359
Unknown prontype! en Romn_Lundqvist-Ingentobak.359
Unknown prontype! denna Romn_Lundqvist-Ingentobak.360
Unknown prontype! han Romn_Lundqvist-Ingentobak.361
Unknown prontype! han Romn_Lundqvist-Ingentobak.362
Unknown prontype! han Romn_Lundqvist-Ingentobak.363
Unknown prontype! sig Romn_Lundqvist-Ingentobak.363
Unknown prontype! han Romn_Lundqvist-Ingentobak.364
Unknown prontype! en Romn_Lundqvist-Ingentobak.365
Unknown prontype! sig Romn_Lundqvist-Ingentobak.365
Unknown prontype! vilken Romn_Lundqvist-Ingentobak.367
Unknown prontype! han Romn_Lundqvist-Ingentobak.368
Unknown prontype! han Romn_Lundqvist-Ingentobak.368
Unknown prontype! han Romn_Lundqvist-Ingentobak.368
Unknown prontype! en Romn_Lundqvist-Ingentobak.368
Unknown prontype! han Romn_Lundqvist-Ingentobak.370
Unknown prontype! all Romn_Lundqvist-Ingentobak.375
Unknown prontype! hon Romn_Lundqvist-Ingentobak.379
Unknown prontype! en Romn_Lundqvist-Ingentobak.381
Unknown prontype! vi Romn_Lundqvist-Ingentobak.385
Unknown prontype! hon Romn_Lundqvist-Ingentobak.387
Unknown prontype! du Romn_Lundqvist-Ingentobak.389
Unknown prontype! ingen Romn_Lundqvist-Ingentobak.389
Unknown prontype! du Romn_Lundqvist-Ingentobak.389
Unknown prontype! ingen Romn_Lundqvist-Ingentobak.391
Unknown prontype! han Romn_Lundqvist-Ingentobak.396
Unknown prontype! ni Romn_Lundqvist-Ingentobak.397
Unknown prontype! du Romn_Lundqvist-Ingentobak.398
Unknown prontype! han Romn_Lundqvist-Ingentobak.401
Unknown prontype! sig Romn_Lundqvist-Ingentobak.401
Unknown prontype! han Romn_Lundqvist-Ingentobak.401
Unknown prontype! han Romn_Lundqvist-Ingentobak.402
Unknown prontype! han Romn_Lundqvist-Ingentobak.402
Unknown prontype! hon Romn_Lundqvist-Ingentobak.402
Unknown prontype! hon Romn_Lundqvist-Ingentobak.403
Unknown prontype! han Romn_Lundqvist-Ingentobak.404
Unknown prontype! han Romn_Lundqvist-Ingentobak.405
Unknown prontype! han Romn_Lundqvist-Ingentobak.405
Unknown prontype! sig Romn_Lundqvist-Ingentobak.405
Unknown prontype! en Romn_Lundqvist-Ingentobak.406
Unknown prontype! vem Romn_Lundqvist-Ingentobak.406
Unknown prontype! han Romn_Lundqvist-Ingentobak.406
Unknown prontype! han Romn_Lundqvist-Ingentobak.407
Unknown prontype! han Romn_Lundqvist-Ingentobak.407
Unknown prontype! en Romn_Lundqvist-Ingentobak.409
Unknown prontype! sig Romn_Lundqvist-Ingentobak.409
Unknown prontype! du Romn_Lundqvist-Ingentobak.412
Unknown prontype! vi Romn_Lundqvist-Ingentobak.412
Unknown prontype! vad Romn_Lundqvist-Ingentobak.412
Unknown prontype! vi Romn_Lundqvist-Ingentobak.412
Unknown prontype! han Romn_Lundqvist-Ingentobak.412
Unknown prontype! han Romn_Lundqvist-Ingentobak.414
Unknown prontype! vad Romn_Lundqvist-Ingentobak.414
Unknown prontype! jag Romn_Lundqvist-Ingentobak.414
Unknown prontype! jag Romn_Lundqvist-Ingentobak.415
Unknown prontype! han Romn_Lundqvist-Ingentobak.415
Unknown prontype! jag Romn_Lundqvist-Ingentobak.416
Unknown prontype! han Romn_Lundqvist-Ingentobak.416
Unknown prontype! han Romn_Lundqvist-Ingentobak.416
Unknown prontype! hon Romn_Lundqvist-Ingentobak.416
Unknown prontype! en Romn_Lundqvist-Ingentobak.417
Unknown prontype! du Romn_Lundqvist-Ingentobak.418
Unknown prontype! jag Romn_Lundqvist-Ingentobak.418
Unknown prontype! du Romn_Lundqvist-Ingentobak.418
Unknown prontype! han Romn_Lundqvist-Ingentobak.422
Unknown prontype! du Romn_Lundqvist-Ingentobak.422
Unknown prontype! han Romn_Lundqvist-Ingentobak.423
Unknown prontype! hon Romn_Lundqvist-Ingentobak.427
Unknown prontype! sin Romn_Lundqvist-Ingentobak.427
Unknown prontype! en Romn_Bjelvehammar-TageBengtsson.4
Unknown prontype! en Romn_Bjelvehammar-TageBengtsson.4
Unknown prontype! en Romn_Bjelvehammar-TageBengtsson.4
Unknown prontype! en Romn_Bjelvehammar-TageBengtsson.5
Unknown prontype! denna Romn_Bjelvehammar-TageBengtsson.6
Unknown prontype! han Romn_Bjelvehammar-TageBengtsson.8
Unknown prontype! han Romn_Bjelvehammar-TageBengtsson.9
Unknown prontype! han Romn_Bjelvehammar-TageBengtsson.9
Unknown prontype! sig Romn_Bjelvehammar-TageBengtsson.10
Unknown prontype! en Romn_Bjelvehammar-TageBengtsson.10
Unknown prontype! han Romn_Bjelvehammar-TageBengtsson.12
Unknown prontype! ingenting Romn_Bjelvehammar-TageBengtsson.12
Unknown prontype! han Romn_Bjelvehammar-TageBengtsson.12
Unknown prontype! någon Romn_Bjelvehammar-TageBengtsson.12
Unknown prontype! han Romn_Bjelvehammar-TageBengtsson.12
Unknown prontype! denna Romn_Bjelvehammar-TageBengtsson.16
Unknown prontype! en Romn_Bjelvehammar-TageBengtsson.16
Unknown prontype! en Romn_Bjelvehammar-TageBengtsson.17
Unknown prontype! en Romn_Bjelvehammar-TageBengtsson.17
Unknown prontype! ingen Romn_Bjelvehammar-TageBengtsson.18
Unknown prontype! man Romn_Bjelvehammar-TageBengtsson.18
Unknown prontype! all Romn_Bjelvehammar-TageBengtsson.22
Unknown prontype! sig Romn_Bjelvehammar-TageBengtsson.23
Unknown prontype! en Romn_Bjelvehammar-TageBengtsson.23
Unknown prontype! båda Romn_Bjelvehammar-TageBengtsson.25
Unknown prontype! han Romn_Bjelvehammar-TageBengtsson.28
Unknown prontype! han Romn_Bjelvehammar-TageBengtsson.29
Unknown prontype! en Romn_Bjelvehammar-TageBengtsson.31
Unknown prontype! en Romn_Bjelvehammar-TageBengtsson.31
Unknown prontype! en Romn_Bjelvehammar-TageBengtsson.31
Unknown prontype! en Romn_Bjelvehammar-TageBengtsson.32
Unknown prontype! en Romn_Bjelvehammar-TageBengtsson.32
Unknown prontype! en Romn_Bjelvehammar-TageBengtsson.32
Unknown prontype! en Romn_Bjelvehammar-TageBengtsson.33
Unknown prontype! en Romn_Bjelvehammar-TageBengtsson.33
Unknown prontype! en Romn_Bjelvehammar-TageBengtsson.33
Unknown prontype! en Romn_Bjelvehammar-TageBengtsson.33
Unknown prontype! en Romn_Bjelvehammar-TageBengtsson.33
Unknown prontype! en Romn_Bjelvehammar-TageBengtsson.33
Unknown prontype! denna Romn_Bjelvehammar-TageBengtsson.34
Unknown prontype! sig Romn_Bjelvehammar-TageBengtsson.35
Unknown prontype! en Romn_Bjelvehammar-TageBengtsson.35
Unknown prontype! han Romn_Bjelvehammar-TageBengtsson.35
Unknown prontype! han Romn_Bjelvehammar-TageBengtsson.35
Unknown prontype! en Romn_Bjelvehammar-TageBengtsson.37
Unknown prontype! en Romn_Bjelvehammar-TageBengtsson.37
Unknown prontype! någon Romn_Bjelvehammar-TageBengtsson.38
Unknown prontype! någon Romn_Bjelvehammar-TageBengtsson.38
Unknown prontype! en Romn_Bjelvehammar-TageBengtsson.39
Unknown prontype! man Romn_Bjelvehammar-TageBengtsson.39
Unknown prontype! en Romn_Bjelvehammar-TageBengtsson.39
Unknown prontype! sig Romn_Bjelvehammar-TageBengtsson.42
Unknown prontype! all Romn_Bjelvehammar-TageBengtsson.42
Unknown prontype! denna Romn_Bjelvehammar-TageBengtsson.42
Unknown prontype! ingenting Romn_Bjelvehammar-TageBengtsson.42
Unknown prontype! en Romn_Bjelvehammar-TageBengtsson.43
Unknown prontype! all Romn_Bjelvehammar-TageBengtsson.44
Unknown prontype! en Romn_Bjelvehammar-TageBengtsson.44
Unknown prontype! ingen Romn_Bjelvehammar-TageBengtsson.45
Unknown prontype! han Romn_Bjelvehammar-TageBengtsson.47
Unknown prontype! han Romn_Bjelvehammar-TageBengtsson.49
Unknown prontype! en Romn_Bjelvehammar-TageBengtsson.49
Unknown prontype! sig Romn_Bjelvehammar-TageBengtsson.49
Unknown prontype! han Romn_Bjelvehammar-TageBengtsson.50
Unknown prontype! han Romn_Bjelvehammar-TageBengtsson.50
Unknown prontype! han Romn_Bjelvehammar-TageBengtsson.50
Unknown prontype! han Romn_Bjelvehammar-TageBengtsson.50
Unknown prontype! han Romn_Bjelvehammar-TageBengtsson.51
Unknown prontype! all Romn_Bjelvehammar-TageBengtsson.51
Unknown prontype! en Romn_Bjelvehammar-TageBengtsson.52
Unknown prontype! varannan Romn_Bjelvehammar-TageBengtsson.52
Unknown prontype! denna Romn_Bjelvehammar-TageBengtsson.52
Unknown prontype! en Romn_Bjelvehammar-TageBengtsson.52
Unknown prontype! sig Romn_Bjelvehammar-TageBengtsson.52
Unknown prontype! all Romn_Bjelvehammar-TageBengtsson.53
Unknown prontype! vad Romn_Bjelvehammar-TageBengtsson.53
Unknown prontype! all Romn_Bjelvehammar-TageBengtsson.53
Unknown prontype! ingen Romn_Bjelvehammar-TageBengtsson.53
Unknown prontype! ingen Romn_Bjelvehammar-TageBengtsson.53
Unknown prontype! ingen Romn_Bjelvehammar-TageBengtsson.53
Unknown prontype! all Romn_Bjelvehammar-TageBengtsson.54
Unknown prontype! en Romn_Bjelvehammar-TageBengtsson.54
Unknown prontype! ingen Romn_Bjelvehammar-TageBengtsson.54
Unknown prontype! sig Romn_Bjelvehammar-TageBengtsson.54
Unknown prontype! han Romn_Bjelvehammar-TageBengtsson.54
Unknown prontype! man Romn_Bjelvehammar-TageBengtsson.54
Unknown prontype! han Romn_Bjelvehammar-TageBengtsson.54
Unknown prontype! en Romn_Bjelvehammar-TageBengtsson.54
Unknown prontype! en Romn_Bjelvehammar-TageBengtsson.54
Unknown prontype! han Romn_Bjelvehammar-TageBengtsson.56
Unknown prontype! han Romn_Bjelvehammar-TageBengtsson.57
Unknown prontype! all Romn_Bjelvehammar-TageBengtsson.58
Unknown prontype! en Romn_Bjelvehammar-TageBengtsson.58
Unknown prontype! en Romn_Bjelvehammar-TageBengtsson.58
Unknown prontype! en Romn_Bjelvehammar-TageBengtsson.58
Unknown prontype! han Romn_Bjelvehammar-TageBengtsson.59
Unknown prontype! all Romn_Bjelvehammar-TageBengtsson.59
Unknown prontype! han Romn_Bjelvehammar-TageBengtsson.59
Unknown prontype! all Romn_Bjelvehammar-TageBengtsson.59
Unknown prontype! han Romn_Bjelvehammar-TageBengtsson.59
Unknown prontype! denna Romn_Bjelvehammar-TageBengtsson.60
Unknown prontype! ingen Romn_Bjelvehammar-TageBengtsson.60
Unknown prontype! all Romn_Bjelvehammar-TageBengtsson.60
Unknown prontype! denna Romn_Bjelvehammar-TageBengtsson.60
Unknown prontype! denna Romn_Bjelvehammar-TageBengtsson.60
Unknown prontype! han Romn_Bjelvehammar-TageBengtsson.61
Unknown prontype! all Romn_Bjelvehammar-TageBengtsson.61
Unknown prontype! ingenting Romn_Bjelvehammar-TageBengtsson.61
Unknown prontype! han Romn_Bjelvehammar-TageBengtsson.61
Unknown prontype! all Romn_Bjelvehammar-TageBengtsson.61
Unknown prontype! sin Romn_Bjelvehammar-TageBengtsson.61
Unknown prontype! han Romn_Bjelvehammar-TageBengtsson.62
Unknown prontype! en Romn_Bjelvehammar-TageBengtsson.62
Unknown prontype! han Romn_Bjelvehammar-TageBengtsson.62
Unknown prontype! all Romn_Bjelvehammar-TageBengtsson.63
Unknown prontype! någon Romn_Bjelvehammar-TageBengtsson.63
Unknown prontype! en Romn_Bjelvehammar-TageBengtsson.63
Unknown prontype! all Romn_Bjelvehammar-TageBengtsson.64
Unknown prontype! han Romn_Bjelvehammar-TageBengtsson.65
Unknown prontype! denna Romn_Bjelvehammar-TageBengtsson.65
Unknown prontype! en Romn_Bjelvehammar-TageBengtsson.65
Unknown prontype! en Romn_Bjelvehammar-TageBengtsson.67
Unknown prontype! han Romn_Bjelvehammar-TageBengtsson.67
Unknown prontype! en Romn_Bjelvehammar-TageBengtsson.67
Unknown prontype! en Romn_Bjelvehammar-TageBengtsson.67
Unknown prontype! en Romn_Bjelvehammar-TageBengtsson.67
Unknown prontype! all Romn_Bjelvehammar-TageBengtsson.69
Unknown prontype! en Romn_Bjelvehammar-TageBengtsson.71
Unknown prontype! en Romn_Bjelvehammar-TageBengtsson.71
Unknown prontype! en Romn_Bjelvehammar-TageBengtsson.74
Unknown prontype! en Romn_Bjelvehammar-TageBengtsson.75
Unknown prontype! en Romn_Bjelvehammar-TageBengtsson.78
Unknown prontype! han Romn_Bjelvehammar-TageBengtsson.78
Unknown prontype! hon Romn_Bjelvehammar-TageBengtsson.79
Unknown prontype! man Romn_Bjelvehammar-TageBengtsson.79
Unknown prontype! någon Romn_Bjelvehammar-TageBengtsson.80
Unknown prontype! han Romn_Bjelvehammar-TageBengtsson.81
Unknown prontype! all Romn_Bjelvehammar-TageBengtsson.81
Unknown prontype! en Romn_Bjelvehammar-TageBengtsson.81
Unknown prontype! han Romn_Bjelvehammar-TageBengtsson.82
Unknown prontype! han Romn_Bjelvehammar-TageBengtsson.83
Unknown prontype! hon Romn_Bjelvehammar-TageBengtsson.83
Unknown prontype! hon Romn_Bjelvehammar-TageBengtsson.84
Unknown prontype! en Romn_Bjelvehammar-TageBengtsson.84
Unknown prontype! hon Romn_Bjelvehammar-TageBengtsson.86
Unknown prontype! hon Romn_Bjelvehammar-TageBengtsson.87
Unknown prontype! hon Romn_Bjelvehammar-TageBengtsson.87
Unknown prontype! ingen Romn_Bjelvehammar-TageBengtsson.87
Unknown prontype! en Romn_Bjelvehammar-TageBengtsson.88
Unknown prontype! han Romn_Bjelvehammar-TageBengtsson.89
Unknown prontype! varandra Romn_Bjelvehammar-TageBengtsson.89
Unknown prontype! varandra Romn_Bjelvehammar-TageBengtsson.90
Unknown prontype! en Romn_Bjelvehammar-TageBengtsson.91
Unknown prontype! all Romn_Bjelvehammar-TageBengtsson.91
Unknown prontype! hon Romn_Bjelvehammar-TageBengtsson.91
Unknown prontype! all Romn_Bjelvehammar-TageBengtsson.92
Unknown prontype! han Romn_Bjelvehammar-TageBengtsson.94
Unknown prontype! ingen Romn_Bjelvehammar-TageBengtsson.96
Unknown prontype! ingen Romn_Bjelvehammar-TageBengtsson.96
Unknown prontype! ingen Romn_Bjelvehammar-TageBengtsson.96
Unknown prontype! ingen Romn_Bjelvehammar-TageBengtsson.96
Unknown prontype! någon Romn_Bjelvehammar-TageBengtsson.97
Unknown prontype! sig Romn_Bjelvehammar-TageBengtsson.97
Unknown prontype! han Romn_Bjelvehammar-TageBengtsson.98
Unknown prontype! han Romn_Bjelvehammar-TageBengtsson.99
Unknown prontype! han Romn_Bjelvehammar-TageBengtsson.100
Unknown prontype! sig Romn_Bjelvehammar-TageBengtsson.100
Unknown prontype! en Romn_Bjelvehammar-TageBengtsson.100
Unknown prontype! densamma Romn_Bjelvehammar-TageBengtsson.101
Unknown prontype! han Romn_Bjelvehammar-TageBengtsson.101
Unknown prontype! han Romn_Bjelvehammar-TageBengtsson.101
Unknown prontype! en Romn_Bjelvehammar-TageBengtsson.101
Unknown prontype! en Romn_Bjelvehammar-TageBengtsson.103
Unknown prontype! en Romn_Bjelvehammar-TageBengtsson.103
Unknown prontype! en Romn_Bjelvehammar-TageBengtsson.104
Unknown prontype! någon Romn_Bjelvehammar-TageBengtsson.104
Unknown prontype! en Romn_Bjelvehammar-TageBengtsson.105
Unknown prontype! han Romn_Bjelvehammar-TageBengtsson.106
Unknown prontype! han Romn_Bjelvehammar-TageBengtsson.108
Unknown prontype! han Romn_Bjelvehammar-TageBengtsson.108
Unknown prontype! han Romn_Bjelvehammar-TageBengtsson.109
Unknown prontype! en Romn_Bjelvehammar-TageBengtsson.110
Unknown prontype! all Romn_Bjelvehammar-TageBengtsson.110
Unknown prontype! vad Romn_Bjelvehammar-TageBengtsson.110
Unknown prontype! hon Romn_Bjelvehammar-TageBengtsson.111
Unknown prontype! hon Romn_Bjelvehammar-TageBengtsson.112
Unknown prontype! denna Romn_Bjelvehammar-TageBengtsson.112
Unknown prontype! hon Romn_Bjelvehammar-TageBengtsson.113
Unknown prontype! han Romn_Bjelvehammar-TageBengtsson.113
Unknown prontype! sig Romn_Bjelvehammar-TageBengtsson.113
Unknown prontype! en Romn_Bjelvehammar-TageBengtsson.114
Unknown prontype! han Romn_Bjelvehammar-TageBengtsson.115
Unknown prontype! han Romn_Bjelvehammar-TageBengtsson.115
Unknown prontype! någon Romn_Bjelvehammar-TageBengtsson.116
Unknown prontype! all Romn_Bjelvehammar-TageBengtsson.116
Unknown prontype! ingen Romn_Bjelvehammar-TageBengtsson.118
Unknown prontype! han Romn_Bjelvehammar-TageBengtsson.118
Unknown prontype! han Romn_Bjelvehammar-TageBengtsson.119
Unknown prontype! han Romn_Bjelvehammar-TageBengtsson.119
Unknown prontype! en Romn_Bjelvehammar-TageBengtsson.119
Unknown prontype! han Romn_Bjelvehammar-TageBengtsson.119
Unknown prontype! vad Romn_Bjelvehammar-TageBengtsson.120
Unknown prontype! han Romn_Bjelvehammar-TageBengtsson.120
Unknown prontype! han Romn_Bjelvehammar-TageBengtsson.122
Unknown prontype! all Romn_Bjelvehammar-TageBengtsson.122
Unknown prontype! han Romn_Bjelvehammar-TageBengtsson.122
Unknown prontype! han Romn_Bjelvehammar-TageBengtsson.123
Unknown prontype! en Romn_Bjelvehammar-TageBengtsson.123
Unknown prontype! han Romn_Bjelvehammar-TageBengtsson.124
Unknown prontype! sig Romn_Bjelvehammar-TageBengtsson.124
Unknown prontype! han Romn_Bjelvehammar-TageBengtsson.125
Unknown prontype! all Romn_Bjelvehammar-TageBengtsson.128
Unknown prontype! han Romn_Bjelvehammar-TageBengtsson.129
Unknown prontype! han Romn_Bjelvehammar-TageBengtsson.129
Unknown prontype! sig Romn_Bjelvehammar-TageBengtsson.129
Unknown prontype! någon Romn_Bjelvehammar-TageBengtsson.130
Unknown prontype! han Romn_Bjelvehammar-TageBengtsson.130
Unknown prontype! han Romn_Bjelvehammar-TageBengtsson.132
Unknown prontype! han Romn_Bjelvehammar-TageBengtsson.132
Unknown prontype! en Romn_Bjelvehammar-TageBengtsson.132
Unknown prontype! en Romn_Bjelvehammar-TageBengtsson.133
Unknown prontype! han Romn_Bjelvehammar-TageBengtsson.133
Unknown prontype! en Romn_Bjelvehammar-TageBengtsson.133
Unknown prontype! han Romn_Bjelvehammar-TageBengtsson.134
Unknown prontype! han Romn_Bjelvehammar-TageBengtsson.134
Unknown prontype! sig Romn_Bjelvehammar-TageBengtsson.134
Unknown prontype! han Romn_Bjelvehammar-TageBengtsson.134
Unknown prontype! han Romn_Bjelvehammar-TageBengtsson.134
Unknown prontype! han Romn_Bjelvehammar-TageBengtsson.134
Unknown prontype! hon Romn_Bjelvehammar-TageBengtsson.135
Unknown prontype! en Romn_Bjelvehammar-TageBengtsson.135
Unknown prontype! han Romn_Bjelvehammar-TageBengtsson.135
Unknown prontype! en Romn_Bjelvehammar-TageBengtsson.136
Unknown prontype! en Romn_Bjelvehammar-TageBengtsson.137
Unknown prontype! han Romn_Bjelvehammar-TageBengtsson.141
Unknown prontype! en Romn_Bjelvehammar-TageBengtsson.141
Unknown prontype! han Romn_Bjelvehammar-TageBengtsson.142
Unknown prontype! någon Romn_Bjelvehammar-TageBengtsson.142
Unknown prontype! han Romn_Bjelvehammar-TageBengtsson.143
Unknown prontype! han Romn_Bjelvehammar-TageBengtsson.143
Unknown prontype! all Romn_Bjelvehammar-TageBengtsson.143
Unknown prontype! sig Romn_Bjelvehammar-TageBengtsson.144
Unknown prontype! någon Romn_Bjelvehammar-TageBengtsson.144
Unknown prontype! han Romn_Bjelvehammar-TageBengtsson.145
Unknown prontype! han Romn_Bjelvehammar-TageBengtsson.145
Unknown prontype! sig Romn_Bjelvehammar-TageBengtsson.145
Unknown prontype! han Romn_Bjelvehammar-TageBengtsson.146
Unknown prontype! någon Romn_Bjelvehammar-TageBengtsson.148
Unknown prontype! sig Romn_Bjelvehammar-TageBengtsson.148
Unknown prontype! en Romn_Bjelvehammar-TageBengtsson.149
Unknown prontype! en Romn_Bjelvehammar-TageBengtsson.150
Unknown prontype! denna Romn_Bjelvehammar-TageBengtsson.150
Unknown prontype! en Romn_Bjelvehammar-TageBengtsson.151
Unknown prontype! en Romn_Bjelvehammar-TageBengtsson.152
Unknown prontype! denna Romn_Bjelvehammar-TageBengtsson.152
Unknown prontype! han Romn_Bjelvehammar-TageBengtsson.152
Unknown prontype! all Romn_Bjelvehammar-TageBengtsson.153
Unknown prontype! denna Romn_Bjelvehammar-TageBengtsson.153
Unknown prontype! en Romn_Bjelvehammar-TageBengtsson.156
Unknown prontype! han Romn_Bjelvehammar-TageBengtsson.156
Unknown prontype! han Romn_Bjelvehammar-TageBengtsson.157
Unknown prontype! all Romn_Bjelvehammar-TageBengtsson.157
Unknown prontype! han Romn_Bjelvehammar-TageBengtsson.157
Unknown prontype! all Romn_Bjelvehammar-TageBengtsson.158
Unknown prontype! han Romn_Bjelvehammar-TageBengtsson.158
Unknown prontype! han Romn_Bjelvehammar-TageBengtsson.158
Unknown prontype! vad Romn_Bjelvehammar-TageBengtsson.158
Unknown prontype! han Romn_Bjelvehammar-TageBengtsson.159
Unknown prontype! han Romn_Bjelvehammar-TageBengtsson.161
Unknown prontype! du Romn_Bjelvehammar-TageBengtsson.167
Unknown prontype! jag Romn_Bjelvehammar-TageBengtsson.169
Unknown prontype! all Romn_Bjelvehammar-TageBengtsson.169
Unknown prontype! han Romn_Bjelvehammar-TageBengtsson.171
Unknown prontype! vi Romn_Bjelvehammar-TageBengtsson.171
Unknown prontype! han Romn_Bjelvehammar-TageBengtsson.173
Unknown prontype! han Romn_Bjelvehammar-TageBengtsson.173
Unknown prontype! han Romn_Bjelvehammar-TageBengtsson.175
Unknown prontype! sig Romn_Bjelvehammar-TageBengtsson.175
Unknown prontype! någon Romn_Bjelvehammar-TageBengtsson.176
Unknown prontype! han Romn_Bjelvehammar-TageBengtsson.176
Unknown prontype! denna Romn_Bjelvehammar-TageBengtsson.176
Unknown prontype! han Romn_Bjelvehammar-TageBengtsson.178
Unknown prontype! han Romn_Bjelvehammar-TageBengtsson.178
Unknown prontype! han Romn_Bjelvehammar-TageBengtsson.178
Unknown prontype! en Romn_Bjelvehammar-TageBengtsson.178
Unknown prontype! denna Romn_Bjelvehammar-TageBengtsson.179
Unknown prontype! han Romn_Bjelvehammar-TageBengtsson.179
Unknown prontype! han Romn_Bjelvehammar-TageBengtsson.179
Unknown prontype! sig Romn_Bjelvehammar-TageBengtsson.179
Unknown prontype! denna Romn_Bjelvehammar-TageBengtsson.179
Unknown prontype! han Romn_Bjelvehammar-TageBengtsson.180
Unknown prontype! all Romn_Bjelvehammar-TageBengtsson.182
Unknown prontype! denna Romn_Bjelvehammar-TageBengtsson.182
Unknown prontype! någon Romn_Bjelvehammar-TageBengtsson.183
Unknown prontype! en Romn_Bjelvehammar-TageBengtsson.183
Unknown prontype! han Romn_Bjelvehammar-TageBengtsson.183
Unknown prontype! sig Romn_Bjelvehammar-TageBengtsson.183
Unknown prontype! han Romn_Bjelvehammar-TageBengtsson.183
Unknown prontype! han Romn_Bjelvehammar-TageBengtsson.183
Unknown prontype! han Romn_Bjelvehammar-TageBengtsson.184
Unknown prontype! han Romn_Bjelvehammar-TageBengtsson.186
Unknown prontype! han Romn_Bjelvehammar-TageBengtsson.186
Unknown prontype! han Romn_Bjelvehammar-TageBengtsson.186
Unknown prontype! sig Romn_Bjelvehammar-TageBengtsson.186
Unknown prontype! han Romn_Bjelvehammar-TageBengtsson.187
Unknown prontype! du Romn_Bjelvehammar-TageBengtsson.189
Unknown prontype! ingen Romn_Bjelvehammar-TageBengtsson.190
Unknown prontype! ingen Romn_Bjelvehammar-TageBengtsson.190
Unknown prontype! all Romn_Bjelvehammar-TageBengtsson.191
Unknown prontype! han Romn_Bjelvehammar-TageBengtsson.192
Unknown prontype! en Romn_Bjelvehammar-TageBengtsson.194
Unknown prontype! en Romn_Bjelvehammar-TageBengtsson.194
Unknown prontype! ingen Romn_Bjelvehammar-TageBengtsson.195
Unknown prontype! en Romn_Bjelvehammar-TageBengtsson.196
Unknown prontype! all Romn_Bjelvehammar-TageBengtsson.196
Unknown prontype! sig Romn_Bjelvehammar-TageBengtsson.196
Unknown prontype! all Romn_Bjelvehammar-TageBengtsson.196
Unknown prontype! all Romn_Bjelvehammar-TageBengtsson.197
Unknown prontype! han Romn_Bjelvehammar-TageBengtsson.197
Unknown prontype! all Romn_Bjelvehammar-TageBengtsson.197
Unknown prontype! all Romn_Bjelvehammar-TageBengtsson.197
Unknown prontype! han Romn_Bjelvehammar-TageBengtsson.198
Unknown prontype! han Romn_Bjelvehammar-TageBengtsson.198
Unknown prontype! han Romn_Bjelvehammar-TageBengtsson.198
Unknown prontype! han Romn_Bjelvehammar-TageBengtsson.199
Unknown prontype! han Romn_Bjelvehammar-TageBengtsson.199
Unknown prontype! en Romn_Bjelvehammar-TageBengtsson.200
Unknown prontype! han Romn_Bjelvehammar-TageBengtsson.200
Unknown prontype! han Romn_Bjelvehammar-TageBengtsson.201
Unknown prontype! han Romn_Bjelvehammar-TageBengtsson.201
Unknown prontype! en Romn_Bjelvehammar-TageBengtsson.201
Unknown prontype! en Romn_Bjelvehammar-TageBengtsson.201
Unknown prontype! ingen Romn_Bjelvehammar-TageBengtsson.202
Unknown prontype! en Romn_Bjelvehammar-TageBengtsson.202
Unknown prontype! en Romn_Bjelvehammar-TageBengtsson.202
Unknown prontype! ingenting Romn_Bjelvehammar-TageBengtsson.202
Unknown prontype! sig Romn_Bjelvehammar-TageBengtsson.202
Unknown prontype! ingen Romn_Bjelvehammar-TageBengtsson.204
Unknown prontype! någon Romn_Bjelvehammar-TageBengtsson.204
Unknown prontype! ingen Romn_Bjelvehammar-TageBengtsson.205
Unknown prontype! någonting Romn_Bjelvehammar-TageBengtsson.205
Unknown prontype! all Romn_Bjelvehammar-TageBengtsson.206
Unknown prontype! han Romn_Bjelvehammar-TageBengtsson.206
Unknown prontype! en Romn_Bjelvehammar-TageBengtsson.206
Unknown prontype! han Romn_Bjelvehammar-TageBengtsson.207
Unknown prontype! ingenting Romn_Bjelvehammar-TageBengtsson.210
Unknown prontype! någon Romn_Bjelvehammar-TageBengtsson.210
Unknown prontype! han Romn_Bjelvehammar-TageBengtsson.211
Unknown prontype! en Romn_Bjelvehammar-TageBengtsson.211
Unknown prontype! en Romn_Bjelvehammar-TageBengtsson.211
Unknown prontype! han Romn_Bjelvehammar-TageBengtsson.211
Unknown prontype! någon Romn_Bjelvehammar-TageBengtsson.211
Unknown prontype! han Romn_Bjelvehammar-TageBengtsson.212
Unknown prontype! en Romn_Bjelvehammar-TageBengtsson.212
Unknown prontype! han Romn_Bjelvehammar-TageBengtsson.213
Unknown prontype! han Romn_Bjelvehammar-TageBengtsson.213
Unknown prontype! han Romn_Bjelvehammar-TageBengtsson.213
Unknown prontype! en Romn_Bjelvehammar-TageBengtsson.214
Unknown prontype! vilken Romn_Bjelvehammar-TageBengtsson.215
Unknown prontype! någon Romn_Bjelvehammar-TageBengtsson.216
Unknown prontype! en Romn_Bjelvehammar-TageBengtsson.216
Unknown prontype! sin Romn_Bjelvehammar-TageBengtsson.219
Unknown prontype! all Romn_Bjelvehammar-TageBengtsson.220
Unknown prontype! en Romn_Bjelvehammar-TageBengtsson.221
Unknown prontype! någon Romn_Bjelvehammar-TageBengtsson.221
Unknown prontype! sig Romn_Bjelvehammar-TageBengtsson.221
Unknown prontype! en Romn_Bjelvehammar-TageBengtsson.221
Unknown prontype! en Romn_Bjelvehammar-TageBengtsson.221
Unknown prontype! sig Romn_Bjelvehammar-TageBengtsson.222
Unknown prontype! en Romn_Bjelvehammar-TageBengtsson.222
Unknown prontype! en Romn_Bjelvehammar-TageBengtsson.222
Unknown prontype! han Romn_Bjelvehammar-TageBengtsson.224
Unknown prontype! ingenting Romn_Bjelvehammar-TageBengtsson.224
Unknown prontype! en Romn_Bjelvehammar-TageBengtsson.224
Unknown prontype! han Romn_Bjelvehammar-TageBengtsson.224
Unknown prontype! han Romn_Bjelvehammar-TageBengtsson.225
Unknown prontype! han Romn_Bjelvehammar-TageBengtsson.225
Unknown prontype! han Romn_Bjelvehammar-TageBengtsson.225
Unknown prontype! vad Romn_Bjelvehammar-TageBengtsson.225
Unknown prontype! han Romn_Bjelvehammar-TageBengtsson.225
Unknown prontype! han Romn_Bjelvehammar-TageBengtsson.226
Unknown prontype! han Romn_Bjelvehammar-TageBengtsson.226
Unknown prontype! ingen Romn_Bjelvehammar-TageBengtsson.226
Unknown prontype! en Romn_Bjelvehammar-TageBengtsson.227
Unknown prontype! han Romn_Bjelvehammar-TageBengtsson.227
Unknown prontype! han Romn_Bjelvehammar-TageBengtsson.228
Unknown prontype! ingen Romn_Bjelvehammar-TageBengtsson.230
Unknown prontype! han Romn_Bjelvehammar-TageBengtsson.230
Unknown prontype! sig Romn_Bjelvehammar-TageBengtsson.230
Unknown prontype! någon Romn_Bjelvehammar-TageBengtsson.231
Unknown prontype! denna Romn_Bjelvehammar-TageBengtsson.231
Unknown prontype! sig Romn_Bjelvehammar-TageBengtsson.231
Unknown prontype! varandra Romn_Bjelvehammar-TageBengtsson.233
Unknown prontype! en Romn_Bjelvehammar-TageBengtsson.235
Unknown prontype! han Romn_Bjelvehammar-TageBengtsson.235
Unknown prontype! en Romn_Bjelvehammar-TageBengtsson.236
Unknown prontype! en Romn_Bjelvehammar-TageBengtsson.237
Unknown prontype! han Romn_Bjelvehammar-TageBengtsson.237
Unknown prontype! denna Romn_Bjelvehammar-TageBengtsson.237
Unknown prontype! all Romn_Bjelvehammar-TageBengtsson.239
Unknown prontype! en Romn_Bjelvehammar-TageBengtsson.240
Unknown prontype! en Romn_Bjelvehammar-TageBengtsson.240
Unknown prontype! en Romn_Bjelvehammar-TageBengtsson.240
Unknown prontype! allting Romn_Bjelvehammar-TageBengtsson.243
Unknown prontype! han Romn_Bjelvehammar-TageBengtsson.244
Unknown prontype! han Romn_Bjelvehammar-TageBengtsson.244
Unknown prontype! all Romn_Bjelvehammar-TageBengtsson.244
Unknown prontype! han Romn_Bjelvehammar-TageBengtsson.244
Unknown prontype! en Romn_Bjelvehammar-TageBengtsson.246
Unknown prontype! varandra Romn_Bjelvehammar-TageBengtsson.248
Unknown prontype! mycken Romn_Bjelvehammar-TageBengtsson.248
Unknown prontype! var Romn_Bjelvehammar-TageBengtsson.249
Unknown prontype! en Romn_Bjelvehammar-TageBengtsson.249
Unknown prontype! sin Romn_Bjelvehammar-TageBengtsson.249
Unknown prontype! varandra Romn_Bjelvehammar-TageBengtsson.249
Unknown prontype! någon Romn_Bjelvehammar-TageBengtsson.249
Unknown prontype! sig Romn_Bjelvehammar-TageBengtsson.251
Unknown prontype! varandra Romn_Bjelvehammar-TageBengtsson.251
Unknown prontype! ingen Romn_Bjelvehammar-TageBengtsson.251
Unknown prontype! ingen Romn_Bjelvehammar-TageBengtsson.251
Unknown prontype! en Romn_Bjelvehammar-TageBengtsson.251
Unknown prontype! varandra Romn_Bjelvehammar-TageBengtsson.251
Unknown prontype! en Romn_Bjelvehammar-TageBengtsson.252
Unknown prontype! en Romn_Bjelvehammar-TageBengtsson.253
Unknown prontype! en Romn_Bjelvehammar-TageBengtsson.254
Unknown prontype! en Romn_Bjelvehammar-TageBengtsson.255
Unknown prontype! båda Romn_Bjelvehammar-TageBengtsson.257
Unknown prontype! ingen Romn_Bjelvehammar-TageBengtsson.258
Unknown prontype! all Romn_Bjelvehammar-TageBengtsson.259
Unknown prontype! han Romn_Bjelvehammar-TageBengtsson.260
Unknown prontype! han Romn_Bjelvehammar-TageBengtsson.262
Unknown prontype! han Romn_Bjelvehammar-TageBengtsson.262
Unknown prontype! en Romn_Bjelvehammar-TageBengtsson.262
Unknown prontype! en Romn_Bjelvehammar-TageBengtsson.262
Unknown prontype! han Romn_Bjelvehammar-TageBengtsson.263
Unknown prontype! han Romn_Bjelvehammar-TageBengtsson.264
Unknown prontype! han Romn_Bjelvehammar-TageBengtsson.264
Unknown prontype! en Romn_Bjelvehammar-TageBengtsson.264
Unknown prontype! sig Romn_Bjelvehammar-TageBengtsson.264
Unknown prontype! han Romn_Bjelvehammar-TageBengtsson.265
Unknown prontype! sig Romn_Bjelvehammar-TageBengtsson.265
Unknown prontype! en Romn_Bjelvehammar-TageBengtsson.265
Unknown prontype! han Romn_Bjelvehammar-TageBengtsson.265
Unknown prontype! en Romn_Bjelvehammar-TageBengtsson.265
Unknown prontype! han Romn_Bjelvehammar-TageBengtsson.266
Unknown prontype! han Romn_Bjelvehammar-TageBengtsson.266
Unknown prontype! han Romn_Bjelvehammar-TageBengtsson.266
Unknown prontype! han Romn_Bjelvehammar-TageBengtsson.267
Unknown prontype! han Romn_Bjelvehammar-TageBengtsson.267
Unknown prontype! han Romn_Bjelvehammar-TageBengtsson.267
Unknown prontype! han Romn_Bjelvehammar-TageBengtsson.267
Unknown prontype! en Romn_Bjelvehammar-TageBengtsson.269
Unknown prontype! denna Romn_Bjelvehammar-TageBengtsson.270
Unknown prontype! all Romn_Bjelvehammar-TageBengtsson.272
Unknown prontype! han Romn_Bjelvehammar-TageBengtsson.273
Unknown prontype! denna Romn_Bjelvehammar-TageBengtsson.273
Unknown prontype! han Romn_Bjelvehammar-TageBengtsson.273
Unknown prontype! all Romn_Bjelvehammar-TageBengtsson.276
Unknown prontype! all Romn_Bjelvehammar-TageBengtsson.276
Unknown prontype! han Romn_Bjelvehammar-TageBengtsson.276
Unknown prontype! ingen Romn_Bjelvehammar-TageBengtsson.277
Unknown prontype! någon Romn_Bjelvehammar-TageBengtsson.277
Unknown prontype! han Romn_Bjelvehammar-TageBengtsson.278
Unknown prontype! han Romn_Bjelvehammar-TageBengtsson.278
Unknown prontype! en Romn_Holmsen-Polynesiskpassad.15
Unknown prontype! en Romn_Holmsen-Polynesiskpassad.15
Unknown prontype! jag Romn_Holmsen-Polynesiskpassad.16
Unknown prontype! en Romn_Holmsen-Polynesiskpassad.16
Unknown prontype! jag Romn_Holmsen-Polynesiskpassad.18
Unknown prontype! jag Romn_Holmsen-Polynesiskpassad.18
Unknown prontype! jag Romn_Holmsen-Polynesiskpassad.18
Unknown prontype! en Romn_Holmsen-Polynesiskpassad.18
Unknown prontype! jag Romn_Holmsen-Polynesiskpassad.19
Unknown prontype! jag Romn_Holmsen-Polynesiskpassad.20
Unknown prontype! denna Romn_Holmsen-Polynesiskpassad.20
Unknown prontype! jag Romn_Holmsen-Polynesiskpassad.20
Unknown prontype! jag Romn_Holmsen-Polynesiskpassad.22
Unknown prontype! jag Romn_Holmsen-Polynesiskpassad.22
Unknown prontype! jag Romn_Holmsen-Polynesiskpassad.22
Unknown prontype! jag Romn_Holmsen-Polynesiskpassad.25
Unknown prontype! jag Romn_Holmsen-Polynesiskpassad.25
Unknown prontype! en Romn_Holmsen-Polynesiskpassad.25
Unknown prontype! jag Romn_Holmsen-Polynesiskpassad.25
Unknown prontype! hon Romn_Holmsen-Polynesiskpassad.26
Unknown prontype! jag Romn_Holmsen-Polynesiskpassad.26
Unknown prontype! hon Romn_Holmsen-Polynesiskpassad.26
Unknown prontype! jag Romn_Holmsen-Polynesiskpassad.28
Unknown prontype! jag Romn_Holmsen-Polynesiskpassad.28
Unknown prontype! en Romn_Holmsen-Polynesiskpassad.29
Unknown prontype! denna Romn_Holmsen-Polynesiskpassad.29
Unknown prontype! vilken Romn_Holmsen-Polynesiskpassad.29
Unknown prontype! jag Romn_Holmsen-Polynesiskpassad.30
Unknown prontype! en Romn_Holmsen-Polynesiskpassad.30
Unknown prontype! jag Romn_Holmsen-Polynesiskpassad.31
Unknown prontype! jag Romn_Holmsen-Polynesiskpassad.31
Unknown prontype! jag Romn_Holmsen-Polynesiskpassad.31
Unknown prontype! jag Romn_Holmsen-Polynesiskpassad.31
Unknown prontype! jag Romn_Holmsen-Polynesiskpassad.33
Unknown prontype! jag Romn_Holmsen-Polynesiskpassad.34
Unknown prontype! mycken Romn_Holmsen-Polynesiskpassad.34
Unknown prontype! mycken Romn_Holmsen-Polynesiskpassad.34
Unknown prontype! en Romn_Holmsen-Polynesiskpassad.36
Unknown prontype! ingen Romn_Holmsen-Polynesiskpassad.37
Unknown prontype! ingen Romn_Holmsen-Polynesiskpassad.37
Unknown prontype! ingen Romn_Holmsen-Polynesiskpassad.37
Unknown prontype! vi Romn_Holmsen-Polynesiskpassad.37
Unknown prontype! ingen Romn_Holmsen-Polynesiskpassad.37
Unknown prontype! vi Romn_Holmsen-Polynesiskpassad.38
Unknown prontype! vilken Romn_Holmsen-Polynesiskpassad.38
Unknown prontype! vi Romn_Holmsen-Polynesiskpassad.38
Unknown prontype! vi Romn_Holmsen-Polynesiskpassad.39
Unknown prontype! vi Romn_Holmsen-Polynesiskpassad.39
Unknown prontype! vi Romn_Holmsen-Polynesiskpassad.40
Unknown prontype! all Romn_Holmsen-Polynesiskpassad.40
Unknown prontype! all Romn_Holmsen-Polynesiskpassad.41
Unknown prontype! vi Romn_Holmsen-Polynesiskpassad.42
Unknown prontype! vi Romn_Holmsen-Polynesiskpassad.42
Unknown prontype! vilken Romn_Holmsen-Polynesiskpassad.42
Unknown prontype! vi Romn_Holmsen-Polynesiskpassad.43
Unknown prontype! vi Romn_Holmsen-Polynesiskpassad.43
Unknown prontype! vi Romn_Holmsen-Polynesiskpassad.43
Unknown prontype! vi Romn_Holmsen-Polynesiskpassad.44
Unknown prontype! all Romn_Holmsen-Polynesiskpassad.44
Unknown prontype! vi Romn_Holmsen-Polynesiskpassad.45
Unknown prontype! någon Romn_Holmsen-Polynesiskpassad.45
Unknown prontype! vi Romn_Holmsen-Polynesiskpassad.45
Unknown prontype! vi Romn_Holmsen-Polynesiskpassad.45
Unknown prontype! vi Romn_Holmsen-Polynesiskpassad.46
Unknown prontype! vi Romn_Holmsen-Polynesiskpassad.47
Unknown prontype! en Romn_Holmsen-Polynesiskpassad.47
Unknown prontype! en Romn_Holmsen-Polynesiskpassad.47
Unknown prontype! man Romn_Holmsen-Polynesiskpassad.49
Unknown prontype! jag Romn_Holmsen-Polynesiskpassad.50
Unknown prontype! en Romn_Holmsen-Polynesiskpassad.50
Unknown prontype! jag Romn_Holmsen-Polynesiskpassad.50
Unknown prontype! en Romn_Holmsen-Polynesiskpassad.50
Unknown prontype! han Romn_Holmsen-Polynesiskpassad.51
Unknown prontype! en Romn_Holmsen-Polynesiskpassad.51
Unknown prontype! en Romn_Holmsen-Polynesiskpassad.51
Unknown prontype! han Romn_Holmsen-Polynesiskpassad.53
Unknown prontype! han Romn_Holmsen-Polynesiskpassad.54
Unknown prontype! en Romn_Holmsen-Polynesiskpassad.55
Unknown prontype! jag Romn_Holmsen-Polynesiskpassad.56
Unknown prontype! jag Romn_Holmsen-Polynesiskpassad.56
Unknown prontype! han Romn_Holmsen-Polynesiskpassad.56
Unknown prontype! han Romn_Holmsen-Polynesiskpassad.56
Unknown prontype! han Romn_Holmsen-Polynesiskpassad.60
Unknown prontype! jag Romn_Holmsen-Polynesiskpassad.61
Unknown prontype! han Romn_Holmsen-Polynesiskpassad.61
Unknown prontype! han Romn_Holmsen-Polynesiskpassad.62
Unknown prontype! en Romn_Holmsen-Polynesiskpassad.62
Unknown prontype! ni Romn_Holmsen-Polynesiskpassad.64
Unknown prontype! jag Romn_Holmsen-Polynesiskpassad.66
Unknown prontype! jag Romn_Holmsen-Polynesiskpassad.67
Unknown prontype! jag Romn_Holmsen-Polynesiskpassad.67
Unknown prontype! någon Romn_Holmsen-Polynesiskpassad.67
Unknown prontype! han Romn_Holmsen-Polynesiskpassad.67
Unknown prontype! han Romn_Holmsen-Polynesiskpassad.68
Unknown prontype! hon Romn_Holmsen-Polynesiskpassad.76
Unknown prontype! vad Romn_Holmsen-Polynesiskpassad.77
Unknown prontype! jag Romn_Holmsen-Polynesiskpassad.78
Unknown prontype! ingen Romn_Holmsen-Polynesiskpassad.79
Unknown prontype! han Romn_Holmsen-Polynesiskpassad.79
Unknown prontype! jag Romn_Holmsen-Polynesiskpassad.81
Unknown prontype! jag Romn_Holmsen-Polynesiskpassad.81
Unknown prontype! vad Romn_Holmsen-Polynesiskpassad.82
Unknown prontype! jag Romn_Holmsen-Polynesiskpassad.84
Unknown prontype! ingen Romn_Holmsen-Polynesiskpassad.86
Unknown prontype! en Romn_Holmsen-Polynesiskpassad.87
Unknown prontype! jag Romn_Holmsen-Polynesiskpassad.88
Unknown prontype! jag Romn_Holmsen-Polynesiskpassad.88
Unknown prontype! jag Romn_Holmsen-Polynesiskpassad.88
Unknown prontype! jag Romn_Holmsen-Polynesiskpassad.88
Unknown prontype! en Romn_Holmsen-Polynesiskpassad.88
Unknown prontype! han Romn_Holmsen-Polynesiskpassad.91
Unknown prontype! jag Romn_Holmsen-Polynesiskpassad.91
Unknown prontype! han Romn_Holmsen-Polynesiskpassad.92
Unknown prontype! han Romn_Holmsen-Polynesiskpassad.93
Unknown prontype! han Romn_Holmsen-Polynesiskpassad.93
Unknown prontype! jag Romn_Holmsen-Polynesiskpassad.94
Unknown prontype! jag Romn_Holmsen-Polynesiskpassad.94
Unknown prontype! all Romn_Holmsen-Polynesiskpassad.95
Unknown prontype! ingen Romn_Holmsen-Polynesiskpassad.95
Unknown prontype! vi Romn_Holmsen-Polynesiskpassad.95
Unknown prontype! all Romn_Holmsen-Polynesiskpassad.97
Unknown prontype! denna Romn_Holmsen-Polynesiskpassad.97
Unknown prontype! vi Romn_Holmsen-Polynesiskpassad.98
Unknown prontype! en Romn_Holmsen-Polynesiskpassad.98
Unknown prontype! jag Romn_Holmsen-Polynesiskpassad.99
Unknown prontype! denna Romn_Holmsen-Polynesiskpassad.101
Unknown prontype! man Romn_Holmsen-Polynesiskpassad.101
Unknown prontype! vi Romn_Holmsen-Polynesiskpassad.101
Unknown prontype! jag Romn_Holmsen-Polynesiskpassad.102
Unknown prontype! en Romn_Holmsen-Polynesiskpassad.102
Unknown prontype! någon Romn_Holmsen-Polynesiskpassad.103
Unknown prontype! jag Romn_Holmsen-Polynesiskpassad.103
Unknown prontype! vad Romn_Holmsen-Polynesiskpassad.104
Unknown prontype! jag Romn_Holmsen-Polynesiskpassad.105
Unknown prontype! jag Romn_Holmsen-Polynesiskpassad.105
Unknown prontype! vilken Romn_Holmsen-Polynesiskpassad.106
Unknown prontype! jag Romn_Holmsen-Polynesiskpassad.107
Unknown prontype! jag Romn_Holmsen-Polynesiskpassad.107
Unknown prontype! jag Romn_Holmsen-Polynesiskpassad.107
Unknown prontype! någon Romn_Holmsen-Polynesiskpassad.107
Unknown prontype! en Romn_Holmsen-Polynesiskpassad.107
Unknown prontype! jag Romn_Holmsen-Polynesiskpassad.107
Unknown prontype! jag Romn_Holmsen-Polynesiskpassad.110
Unknown prontype! all Romn_Holmsen-Polynesiskpassad.110
Unknown prontype! en Romn_Holmsen-Polynesiskpassad.110
Unknown prontype! en Romn_Holmsen-Polynesiskpassad.111
Unknown prontype! jag Romn_Holmsen-Polynesiskpassad.111
Unknown prontype! jag Romn_Holmsen-Polynesiskpassad.112
Unknown prontype! han Romn_Holmsen-Polynesiskpassad.112
Unknown prontype! jag Romn_Holmsen-Polynesiskpassad.113
Unknown prontype! all Romn_Holmsen-Polynesiskpassad.113
Unknown prontype! han Romn_Holmsen-Polynesiskpassad.113
Unknown prontype! han Romn_Holmsen-Polynesiskpassad.113
Unknown prontype! han Romn_Holmsen-Polynesiskpassad.115
Unknown prontype! han Romn_Holmsen-Polynesiskpassad.115
Unknown prontype! en Romn_Holmsen-Polynesiskpassad.115
Unknown prontype! jag Romn_Holmsen-Polynesiskpassad.118
Unknown prontype! en Romn_Holmsen-Polynesiskpassad.118
Unknown prontype! jag Romn_Holmsen-Polynesiskpassad.118
Unknown prontype! jag Romn_Holmsen-Polynesiskpassad.120
Unknown prontype! en Romn_Holmsen-Polynesiskpassad.124
Unknown prontype! han Romn_Holmsen-Polynesiskpassad.124
Unknown prontype! jag Romn_Holmsen-Polynesiskpassad.124
Unknown prontype! jag Romn_Holmsen-Polynesiskpassad.126
Unknown prontype! jag Romn_Holmsen-Polynesiskpassad.126
Unknown prontype! jag Romn_Holmsen-Polynesiskpassad.126
Unknown prontype! jag Romn_Holmsen-Polynesiskpassad.126
Unknown prontype! en Romn_Holmsen-Polynesiskpassad.126
Unknown prontype! han Romn_Holmsen-Polynesiskpassad.128
Unknown prontype! jag Romn_Holmsen-Polynesiskpassad.128
Unknown prontype! jag Romn_Holmsen-Polynesiskpassad.129
Unknown prontype! han Romn_Holmsen-Polynesiskpassad.129
Unknown prontype! jag Romn_Holmsen-Polynesiskpassad.129
Unknown prontype! jag Romn_Holmsen-Polynesiskpassad.131
Unknown prontype! all Romn_Holmsen-Polynesiskpassad.131
Unknown prontype! han Romn_Holmsen-Polynesiskpassad.131
Unknown prontype! han Romn_Holmsen-Polynesiskpassad.132
Unknown prontype! han Romn_Holmsen-Polynesiskpassad.132
Unknown prontype! jag Romn_Holmsen-Polynesiskpassad.134
Unknown prontype! jag Romn_Holmsen-Polynesiskpassad.134
Unknown prontype! en Romn_Holmsen-Polynesiskpassad.135
Unknown prontype! jag Romn_Holmsen-Polynesiskpassad.135
Unknown prontype! jag Romn_Holmsen-Polynesiskpassad.135
Unknown prontype! en Romn_Holmsen-Polynesiskpassad.135
Unknown prontype! en Romn_Holmsen-Polynesiskpassad.136
Unknown prontype! han Romn_Holmsen-Polynesiskpassad.136
Unknown prontype! jag Romn_Holmsen-Polynesiskpassad.137
Unknown prontype! man Romn_Holmsen-Polynesiskpassad.137
Unknown prontype! en Romn_Holmsen-Polynesiskpassad.137
Unknown prontype! jag Romn_Holmsen-Polynesiskpassad.139
Unknown prontype! jag Romn_Holmsen-Polynesiskpassad.139
Unknown prontype! jag Romn_Holmsen-Polynesiskpassad.139
Unknown prontype! jag Romn_Holmsen-Polynesiskpassad.141
Unknown prontype! vi Romn_Holmsen-Polynesiskpassad.142
Unknown prontype! jag Romn_Holmsen-Polynesiskpassad.142
Unknown prontype! jag Romn_Holmsen-Polynesiskpassad.145
Unknown prontype! jag Romn_Holmsen-Polynesiskpassad.147
Unknown prontype! vi Romn_Holmsen-Polynesiskpassad.147
Unknown prontype! jag Romn_Holmsen-Polynesiskpassad.149
Unknown prontype! jag Romn_Holmsen-Polynesiskpassad.150
Unknown prontype! vilken Romn_Holmsen-Polynesiskpassad.151
Unknown prontype! jag Romn_Holmsen-Polynesiskpassad.153
Unknown prontype! en Romn_Holmsen-Polynesiskpassad.153
Unknown prontype! en Romn_Holmsen-Polynesiskpassad.153
Unknown prontype! jag Romn_Holmsen-Polynesiskpassad.153
Unknown prontype! en Romn_Holmsen-Polynesiskpassad.153
Unknown prontype! jag Romn_Holmsen-Polynesiskpassad.153b
Unknown prontype! jag Romn_Holmsen-Polynesiskpassad.153b
Unknown prontype! en Romn_Holmsen-Polynesiskpassad.156
Unknown prontype! jag Romn_Holmsen-Polynesiskpassad.157
Unknown prontype! han Romn_Holmsen-Polynesiskpassad.157
Unknown prontype! en Romn_Holmsen-Polynesiskpassad.157
Unknown prontype! vi Romn_Holmsen-Polynesiskpassad.157
Unknown prontype! vi Romn_Holmsen-Polynesiskpassad.157
Unknown prontype! vi Romn_Holmsen-Polynesiskpassad.158
Unknown prontype! varann Romn_Holmsen-Polynesiskpassad.158
Unknown prontype! jag Romn_Holmsen-Polynesiskpassad.160
Unknown prontype! han Romn_Holmsen-Polynesiskpassad.160
Unknown prontype! du Romn_Holmsen-Polynesiskpassad.161
Unknown prontype! vi Romn_Holmsen-Polynesiskpassad.163
Unknown prontype! en Romn_Holmsen-Polynesiskpassad.163
Unknown prontype! du Romn_Holmsen-Polynesiskpassad.166
Unknown prontype! han Romn_Holmsen-Polynesiskpassad.166
Unknown prontype! jag Romn_Holmsen-Polynesiskpassad.166
Unknown prontype! han Romn_Holmsen-Polynesiskpassad.166
Unknown prontype! en Romn_Holmsen-Polynesiskpassad.166
Unknown prontype! en Romn_Holmsen-Polynesiskpassad.166
Unknown prontype! en Romn_Holmsen-Polynesiskpassad.166
Unknown prontype! jag Romn_Holmsen-Polynesiskpassad.166
Unknown prontype! jag Romn_Holmsen-Polynesiskpassad.168
Unknown prontype! vilken Romn_Holmsen-Polynesiskpassad.169
Unknown prontype! jag Romn_Holmsen-Polynesiskpassad.169
Unknown prontype! jag Romn_Holmsen-Polynesiskpassad.171
Unknown prontype! han Romn_Holmsen-Polynesiskpassad.173
Unknown prontype! en Romn_Holmsen-Polynesiskpassad.173
Unknown prontype! han Romn_Holmsen-Polynesiskpassad.175
Unknown prontype! jag Romn_Holmsen-Polynesiskpassad.176
Unknown prontype! han Romn_Holmsen-Polynesiskpassad.177
Unknown prontype! du Romn_Holmsen-Polynesiskpassad.177
Unknown prontype! han Romn_Holmsen-Polynesiskpassad.178
Unknown prontype! jag Romn_Holmsen-Polynesiskpassad.182
Unknown prontype! jag Romn_Holmsen-Polynesiskpassad.183
Unknown prontype! en Romn_Holmsen-Polynesiskpassad.183
Unknown prontype! en Romn_Holmsen-Polynesiskpassad.183
Unknown prontype! jag Romn_Holmsen-Polynesiskpassad.183
Unknown prontype! han Romn_Holmsen-Polynesiskpassad.183
Unknown prontype! vilken Romn_Holmsen-Polynesiskpassad.184
Unknown prontype! jag Romn_Holmsen-Polynesiskpassad.185
Unknown prontype! jag Romn_Holmsen-Polynesiskpassad.186
Unknown prontype! du Romn_Holmsen-Polynesiskpassad.187
Unknown prontype! han Romn_Holmsen-Polynesiskpassad.189
Unknown prontype! jag Romn_Holmsen-Polynesiskpassad.189
Unknown prontype! jag Romn_Holmsen-Polynesiskpassad.189
Unknown prontype! han Romn_Holmsen-Polynesiskpassad.189
Unknown prontype! jag Romn_Holmsen-Polynesiskpassad.190
Unknown prontype! han Romn_Holmsen-Polynesiskpassad.192
Unknown prontype! jag Romn_Holmsen-Polynesiskpassad.192
Unknown prontype! någon Romn_Holmsen-Polynesiskpassad.193
Unknown prontype! jag Romn_Holmsen-Polynesiskpassad.195
Unknown prontype! denna Romn_Holmsen-Polynesiskpassad.197
Unknown prontype! en Romn_Holmsen-Polynesiskpassad.198
Unknown prontype! en Romn_Holmsen-Polynesiskpassad.198
Unknown prontype! en Romn_Holmsen-Polynesiskpassad.198
Unknown prontype! denna Romn_Holmsen-Polynesiskpassad.200
Unknown prontype! en Romn_Holmsen-Polynesiskpassad.204
Unknown prontype! man Romn_Holmsen-Polynesiskpassad.204
Unknown prontype! en Romn_Holmsen-Polynesiskpassad.206
Unknown prontype! jag Romn_Holmsen-Polynesiskpassad.206
Unknown prontype! vi Romn_Holmsen-Polynesiskpassad.206
Unknown prontype! jag Romn_Holmsen-Polynesiskpassad.206
Unknown prontype! jag Romn_Holmsen-Polynesiskpassad.207
Unknown prontype! jag Romn_Holmsen-Polynesiskpassad.207
Unknown prontype! jag Romn_Holmsen-Polynesiskpassad.207
Unknown prontype! all Romn_Holmsen-Polynesiskpassad.207
Unknown prontype! denna Romn_Holmsen-Polynesiskpassad.207
Unknown prontype! jag Romn_Holmsen-Polynesiskpassad.207
Unknown prontype! jag Romn_Holmsen-Polynesiskpassad.209
Unknown prontype! all Romn_Holmsen-Polynesiskpassad.209
Unknown prontype! han Romn_Holmsen-Polynesiskpassad.209
Unknown prontype! en Romn_Holmsen-Polynesiskpassad.209
Unknown prontype! någon Romn_Holmsen-Polynesiskpassad.209
Unknown prontype! ingen Romn_Holmsen-Polynesiskpassad.211
Unknown prontype! en Romn_Holmsen-Polynesiskpassad.212
Unknown prontype! vi Romn_Holmsen-Polynesiskpassad.214
Unknown prontype! en Romn_Holmsen-Polynesiskpassad.214
Unknown prontype! en Romn_Holmsen-Polynesiskpassad.216
Unknown prontype! all Romn_Holmsen-Polynesiskpassad.217
Unknown prontype! jag Romn_Holmsen-Polynesiskpassad.222
Unknown prontype! jag Romn_Holmsen-Polynesiskpassad.223
Unknown prontype! man Romn_Holmsen-Polynesiskpassad.223
Unknown prontype! alltihop Romn_Holmsen-Polynesiskpassad.223
Unknown prontype! jag Romn_Holmsen-Polynesiskpassad.224
Unknown prontype! en Romn_Holmsen-Polynesiskpassad.224
Unknown prontype! en Romn_Holmsen-Polynesiskpassad.225
Unknown prontype! mycken Romn_Holmsen-Polynesiskpassad.225
Unknown prontype! man Romn_Holmsen-Polynesiskpassad.229
Unknown prontype! jag Romn_Holmsen-Polynesiskpassad.229
Unknown prontype! någon Romn_Holmsen-Polynesiskpassad.229
Unknown prontype! jag Romn_Holmsen-Polynesiskpassad.231
Unknown prontype! man Romn_Holmsen-Polynesiskpassad.231
Unknown prontype! jag Romn_Holmsen-Polynesiskpassad.232
Unknown prontype! en Romn_Holmsen-Polynesiskpassad.232
Unknown prontype! en Romn_Holmsen-Polynesiskpassad.233
Unknown prontype! en Romn_Holmsen-Polynesiskpassad.235
Unknown prontype! han Romn_Holmsen-Polynesiskpassad.235
Unknown prontype! jag Romn_Holmsen-Polynesiskpassad.235
Unknown prontype! jag Romn_Holmsen-Polynesiskpassad.235
Unknown prontype! han Romn_Holmsen-Polynesiskpassad.235
Unknown prontype! jag Romn_Holmsen-Polynesiskpassad.236
Unknown prontype! jag Romn_Holmsen-Polynesiskpassad.238
Unknown prontype! vilken Romn_Holmsen-Polynesiskpassad.238
Unknown prontype! jag Romn_Holmsen-Polynesiskpassad.239
Unknown prontype! vilken Romn_Holmsen-Polynesiskpassad.239
Unknown prontype! vilken Romn_Holmsen-Polynesiskpassad.243
Unknown prontype! en Romn_Holmsen-Polynesiskpassad.244
Unknown prontype! vi Romn_Holmsen-Polynesiskpassad.245
Unknown prontype! jag Romn_Holmsen-Polynesiskpassad.252
Unknown prontype! en Romn_Holmsen-Polynesiskpassad.252
Unknown prontype! han Romn_Holmsen-Polynesiskpassad.254
Unknown prontype! en Romn_Holmsen-Polynesiskpassad.258
Unknown prontype! han Romn_Holmsen-Polynesiskpassad.259
Unknown prontype! sig Romn_Holmsen-Polynesiskpassad.259
Unknown prontype! han Romn_Holmsen-Polynesiskpassad.260
Unknown prontype! all Romn_Holmsen-Polynesiskpassad.260
Unknown prontype! all Romn_Holmsen-Polynesiskpassad.261
Unknown prontype! vi Romn_Holmsen-Polynesiskpassad.261
Unknown prontype! sig Romn_Holmsen-Polynesiskpassad.262
Unknown prontype! vi Romn_Holmsen-Polynesiskpassad.262
Unknown prontype! all Romn_Holmsen-Polynesiskpassad.264
Unknown prontype! vi Romn_Holmsen-Polynesiskpassad.265
Unknown prontype! vi Romn_Holmsen-Polynesiskpassad.265
Unknown prontype! vi Romn_Holmsen-Polynesiskpassad.266
Unknown prontype! vi Romn_Holmsen-Polynesiskpassad.267
Unknown prontype! denna Romn_Holmsen-Polynesiskpassad.267
Unknown prontype! vi Romn_Holmsen-Polynesiskpassad.268
Unknown prontype! en Romn_Holmsen-Polynesiskpassad.269
Unknown prontype! sig Romn_Holmsen-Polynesiskpassad.269
Unknown prontype! sig Romn_Holmsen-Polynesiskpassad.270
Unknown prontype! vi Romn_Holmsen-Polynesiskpassad.273
Unknown prontype! vi Romn_Holmsen-Polynesiskpassad.273
Unknown prontype! vi Romn_Holmsen-Polynesiskpassad.274
Unknown prontype! vi Romn_Holmsen-Polynesiskpassad.275
Unknown prontype! vi Romn_Holmsen-Polynesiskpassad.276
Unknown prontype! vi Romn_Holmsen-Polynesiskpassad.277
Unknown prontype! vi Romn_Holmsen-Polynesiskpassad.278
Unknown prontype! vi Romn_Holmsen-Polynesiskpassad.279
Unknown prontype! vi Romn_Holmsen-Polynesiskpassad.280
Unknown prontype! vi Romn_Holmsen-Polynesiskpassad.282
Unknown prontype! vi Romn_Holmsen-Polynesiskpassad.283
Unknown prontype! vi Romn_Holmsen-Polynesiskpassad.283
Unknown prontype! en Romn_Holmsen-Polynesiskpassad.283
Unknown prontype! en Romn_Holmsen-Polynesiskpassad.287
Unknown prontype! hon Romn_Holmsen-Polynesiskpassad.287
Unknown prontype! någon Romn_Holmsen-Polynesiskpassad.287
Unknown prontype! hon Romn_Holmsen-Polynesiskpassad.288
Unknown prontype! hon Romn_Holmsen-Polynesiskpassad.288
Unknown prontype! hon Romn_Holmsen-Polynesiskpassad.289
Unknown prontype! hon Romn_Holmsen-Polynesiskpassad.289
Unknown prontype! en Romn_Holmsen-Polynesiskpassad.289
Unknown prontype! hon Romn_Holmsen-Polynesiskpassad.289
Unknown prontype! vilken Romn_Holmsen-Polynesiskpassad.289
Unknown prontype! hon Romn_Holmsen-Polynesiskpassad.289
Unknown prontype! någon Romn_Holmsen-Polynesiskpassad.289
Unknown prontype! hon Romn_Holmsen-Polynesiskpassad.291
Unknown prontype! hon Romn_Holmsen-Polynesiskpassad.291
Unknown prontype! en Romn_Holmsen-Polynesiskpassad.291
Unknown prontype! jag Romn_Holmsen-Polynesiskpassad.293
Unknown prontype! hon Romn_Holmsen-Polynesiskpassad.293
Unknown prontype! jag Romn_Holmsen-Polynesiskpassad.294
Unknown prontype! hon Romn_Holmsen-Polynesiskpassad.294
Unknown prontype! hon Romn_Holmsen-Polynesiskpassad.294
Unknown prontype! hon Romn_Holmsen-Polynesiskpassad.294
Unknown prontype! jag Romn_Holmsen-Polynesiskpassad.294
Unknown prontype! hon Romn_Holmsen-Polynesiskpassad.295
Unknown prontype! sig Romn_Holmsen-Polynesiskpassad.295
Unknown prontype! vi Romn_Holmsen-Polynesiskpassad.296
Unknown prontype! man Romn_Holmsen-Polynesiskpassad.298
Unknown prontype! vi Romn_Holmsen-Polynesiskpassad.299
Unknown prontype! all Romn_Holmsen-Polynesiskpassad.299
Unknown prontype! vi Romn_Holmsen-Polynesiskpassad.302
Unknown prontype! all Romn_Holmsen-Polynesiskpassad.302
Unknown prontype! hon Romn_Holmsen-Polynesiskpassad.303
Unknown prontype! en Romn_Holmsen-Polynesiskpassad.303
Unknown prontype! hon Romn_Holmsen-Polynesiskpassad.303
Unknown prontype! hon Romn_Holmsen-Polynesiskpassad.304
Unknown prontype! hon Romn_Holmsen-Polynesiskpassad.305
Unknown prontype! en Romn_Holmsen-Polynesiskpassad.305
Unknown prontype! hon Romn_Holmsen-Polynesiskpassad.305
Unknown prontype! vi Romn_Holmsen-Polynesiskpassad.306
Unknown prontype! hon Romn_Holmsen-Polynesiskpassad.307
Unknown prontype! någon Romn_Holmsen-Polynesiskpassad.307
Unknown prontype! hon Romn_Holmsen-Polynesiskpassad.308
Unknown prontype! vi Romn_Holmsen-Polynesiskpassad.310
Unknown prontype! vi Romn_Holmsen-Polynesiskpassad.311
Unknown prontype! hon Romn_Holmsen-Polynesiskpassad.313
Unknown prontype! vi Romn_Holmsen-Polynesiskpassad.314
Unknown prontype! någon Romn_Holmsen-Polynesiskpassad.318
Unknown prontype! han Romn_Holmsen-Polynesiskpassad.329
Unknown prontype! vi Romn_Holmsen-Polynesiskpassad.332
Unknown prontype! en Romn_Holmsen-Polynesiskpassad.335
Unknown prontype! ni Romn_Holmsen-Polynesiskpassad.337
Unknown prontype! han Romn_Holmsen-Polynesiskpassad.337
Unknown prontype! all Romn_Holmsen-Polynesiskpassad.339
Unknown prontype! han Romn_Holmsen-Polynesiskpassad.339
Unknown prontype! all Romn_Holmsen-Polynesiskpassad.340
Unknown prontype! mycken Romn_Holmsen-Polynesiskpassad.341
Unknown prontype! en Romn_Holmsen-Polynesiskpassad.342
Unknown prontype! han Romn_Holmsen-Polynesiskpassad.343
Unknown prontype! någon Romn_Holmsen-Polynesiskpassad.343
Unknown prontype! han Romn_Holmsen-Polynesiskpassad.346
Unknown prontype! sig Romn_Holmsen-Polynesiskpassad.346
Unknown prontype! en Romn_Holmsen-Polynesiskpassad.349
Unknown prontype! vilken Romn_Holmsen-Polynesiskpassad.349
Unknown prontype! en Romn_Holmsen-Polynesiskpassad.349
Unknown prontype! en Romn_Holmsen-Polynesiskpassad.349
Unknown prontype! någon Romn_Holmsen-Polynesiskpassad.353
Unknown prontype! en Romn_Holmsen-Polynesiskpassad.353
Unknown prontype! en Romn_Holmsen-Polynesiskpassad.363
Unknown prontype! all Romn_Holmsen-Polynesiskpassad.364
Unknown prontype! vi Romn_Holmsen-Polynesiskpassad.365
Unknown prontype! all Romn_Holmsen-Polynesiskpassad.368
Unknown prontype! vi Romn_Holmsen-Polynesiskpassad.372
Unknown prontype! han Romn_Holmsen-Polynesiskpassad.380
Unknown prontype! en Romn_Holmsen-Polynesiskpassad.380
Unknown prontype! man Romn_Holmsen-Polynesiskpassad.381
Unknown prontype! han Romn_Holmsen-Polynesiskpassad.381
Unknown prontype! han Romn_Holmsen-Polynesiskpassad.382
Unknown prontype! sig Romn_Holmsen-Polynesiskpassad.382
Unknown prontype! jag Romn_Holmsen-Polynesiskpassad.384
Unknown prontype! en Romn_Holmsen-Polynesiskpassad.384
Unknown prontype! jag Romn_Holmsen-Polynesiskpassad.387
Unknown prontype! sig Romn_Holmsen-Polynesiskpassad.388
Unknown prontype! jag Romn_Holmsen-Polynesiskpassad.389
Unknown prontype! en Romn_Holmsen-Polynesiskpassad.389
Unknown prontype! jag Romn_Holmsen-Polynesiskpassad.391
Unknown prontype! en Romn_Holmsen-Polynesiskpassad.392
Unknown prontype! jag Romn_Holmsen-Polynesiskpassad.393
Unknown prontype! jag Romn_Holmsen-Polynesiskpassad.393
Unknown prontype! jag Romn_Holmsen-Polynesiskpassad.395
Unknown prontype! han Romn_Holmsen-Polynesiskpassad.395
Unknown prontype! sig Romn_Holmsen-Polynesiskpassad.396
Unknown prontype! han Romn_Holmsen-Polynesiskpassad.397
Unknown prontype! en Romn_Holmsen-Polynesiskpassad.397
Unknown prontype! jag Romn_Holmsen-Polynesiskpassad.397
Unknown prontype! en Romn_Holmsen-Polynesiskpassad.398
Unknown prontype! han Romn_Holmsen-Polynesiskpassad.398
Unknown prontype! jag Romn_Holmsen-Polynesiskpassad.398
Unknown prontype! han Romn_Holmsen-Polynesiskpassad.398
Unknown prontype! en Romn_Holmsen-Polynesiskpassad.398
Unknown prontype! han Romn_Holmsen-Polynesiskpassad.398
Unknown prontype! en Romn_Holmsen-Polynesiskpassad.398
Unknown prontype! jag Romn_Holmsen-Polynesiskpassad.401
Unknown prontype! han Romn_Holmsen-Polynesiskpassad.401
Unknown prontype! jag Romn_Holmsen-Polynesiskpassad.401
Unknown prontype! han Romn_Holmsen-Polynesiskpassad.401
Unknown prontype! sig Romn_Holmsen-Polynesiskpassad.401
Unknown prontype! denna Romn_Holmsen-Polynesiskpassad.403
Unknown prontype! jag Romn_Holmsen-Polynesiskpassad.403
Unknown prontype! någon Romn_Holmsen-Polynesiskpassad.404
Unknown prontype! han Romn_Holmsen-Polynesiskpassad.404
Unknown prontype! han Romn_Holmsen-Polynesiskpassad.404
Unknown prontype! vad Romn_Holmsen-Polynesiskpassad.404
Unknown prontype! någon Romn_Holmsen-Polynesiskpassad.404
Unknown prontype! jag Romn_Holmsen-Polynesiskpassad.405
Unknown prontype! han Romn_Holmsen-Polynesiskpassad.405
Unknown prontype! han Romn_Holmsen-Polynesiskpassad.405
Unknown prontype! han Romn_Holmsen-Polynesiskpassad.407
Unknown prontype! han Romn_Holmsen-Polynesiskpassad.408
Unknown prontype! denna Romn_Holmsen-Polynesiskpassad.410
Unknown prontype! jag Romn_Holmsen-Polynesiskpassad.410
Unknown prontype! all Romn_Holmsen-Polynesiskpassad.410
Unknown prontype! jag Romn_Holmsen-Polynesiskpassad.411
Unknown prontype! jag Romn_Holmsen-Polynesiskpassad.411
Unknown prontype! någon Romn_Holmsen-Polynesiskpassad.413
Unknown prontype! han Romn_Holmsen-Polynesiskpassad.414
Unknown prontype! någon Romn_Holmsen-Polynesiskpassad.414
Unknown prontype! en Romn_Holmsen-Polynesiskpassad.415
Unknown prontype! en Romn_Holmsen-Polynesiskpassad.416
Unknown prontype! han Romn_Holmsen-Polynesiskpassad.417
Unknown prontype! en Romn_Holmsen-Polynesiskpassad.417
Unknown prontype! han Romn_Holmsen-Polynesiskpassad.417
Unknown prontype! sig Romn_Holmsen-Polynesiskpassad.417
Unknown prontype! någon Romn_Holmsen-Polynesiskpassad.417
Unknown prontype! en Romn_Holmsen-Polynesiskpassad.417
Unknown prontype! han Romn_Holmsen-Polynesiskpassad.419
Unknown prontype! en Romn_Holmsen-Polynesiskpassad.419
Unknown prontype! alltihop Romn_Strand-Pagarna.62
Unknown prontype! ingen Romn_Strand-Pagarna.66
Unknown prontype! du Romn_Strand-Pagarna.68
Unknown prontype! du Romn_Strand-Pagarna.68
Unknown prontype! alltihop Romn_Strand-Pagarna.70
Unknown prontype! din Romn_Strand-Pagarna.70
Unknown prontype! han Romn_Strand-Pagarna.73
Unknown prontype! en Romn_Strand-Pagarna.73
Unknown prontype! någonting Romn_Strand-Pagarna.74
Unknown prontype! han Romn_Strand-Pagarna.74
Unknown prontype! vad Romn_Strand-Pagarna.74
Unknown prontype! du Romn_Strand-Pagarna.74
Unknown prontype! vi Romn_Strand-Pagarna.74
Unknown prontype! en Romn_Strand-Pagarna.75
Unknown prontype! hon Romn_Strand-Pagarna.76
Unknown prontype! jag Romn_Strand-Pagarna.76
Unknown prontype! vi Romn_Strand-Pagarna.76
Unknown prontype! vi Romn_Strand-Pagarna.77
Unknown prontype! vi Romn_Strand-Pagarna.80
Unknown prontype! all Romn_Strand-Pagarna.80
Unknown prontype! vad Romn_Strand-Pagarna.80
Unknown prontype! du Romn_Strand-Pagarna.80
Unknown prontype! jag Romn_Strand-Pagarna.80
Unknown prontype! ni Romn_Strand-Pagarna.82
Unknown prontype! hon Romn_Strand-Pagarna.82
Unknown prontype! hon Romn_Strand-Pagarna.82
Unknown prontype! jag Romn_Strand-Pagarna.82
Unknown prontype! ni Romn_Strand-Pagarna.83
Unknown prontype! någon Romn_Strand-Pagarna.83
Unknown prontype! ni Romn_Strand-Pagarna.83
Unknown prontype! sig Romn_Strand-Pagarna.84
Unknown prontype! hon Romn_Strand-Pagarna.84
Unknown prontype! vad Romn_Strand-Pagarna.86
Unknown prontype! ni Romn_Strand-Pagarna.86
Unknown prontype! sig Romn_Strand-Pagarna.87
Unknown prontype! sig Romn_Strand-Pagarna.87
Unknown prontype! all Romn_Strand-Pagarna.87
Unknown prontype! jag Romn_Strand-Pagarna.87
Unknown prontype! hon Romn_Strand-Pagarna.87
Unknown prontype! sig Romn_Strand-Pagarna.87
Unknown prontype! vi Romn_Strand-Pagarna.87
Unknown prontype! ingen Romn_Strand-Pagarna.87
Unknown prontype! ingen Romn_Strand-Pagarna.89
Unknown prontype! han Romn_Strand-Pagarna.90
Unknown prontype! sig Romn_Strand-Pagarna.90
Unknown prontype! en Romn_Strand-Pagarna.90
Unknown prontype! jag Romn_Strand-Pagarna.93
Unknown prontype! vi Romn_Strand-Pagarna.94
Unknown prontype! sig Romn_Strand-Pagarna.96
Unknown prontype! jag Romn_Strand-Pagarna.99
Unknown prontype! jag Romn_Strand-Pagarna.99
Unknown prontype! han Romn_Strand-Pagarna.99
Unknown prontype! sig Romn_Strand-Pagarna.99
Unknown prontype! en Romn_Strand-Pagarna.100
Unknown prontype! sig Romn_Strand-Pagarna.101
Unknown prontype! hon Romn_Strand-Pagarna.101
Unknown prontype! en Romn_Strand-Pagarna.102
Unknown prontype! han Romn_Strand-Pagarna.103
Unknown prontype! han Romn_Strand-Pagarna.104
Unknown prontype! sig Romn_Strand-Pagarna.104
Unknown prontype! han Romn_Strand-Pagarna.104
Unknown prontype! han Romn_Strand-Pagarna.105
Unknown prontype! en Romn_Strand-Pagarna.105
Unknown prontype! han Romn_Strand-Pagarna.106
Unknown prontype! sig Romn_Strand-Pagarna.106
Unknown prontype! någon Romn_Strand-Pagarna.106
Unknown prontype! han Romn_Strand-Pagarna.107
Unknown prontype! en Romn_Strand-Pagarna.111
Unknown prontype! sig Romn_Strand-Pagarna.112
Unknown prontype! denna Romn_Strand-Pagarna.114
Unknown prontype! vi Romn_Strand-Pagarna.116
Unknown prontype! han Romn_Strand-Pagarna.116
Unknown prontype! en Romn_Strand-Pagarna.117
Unknown prontype! han Romn_Strand-Pagarna.118
Unknown prontype! han Romn_Strand-Pagarna.118
Unknown prontype! sig Romn_Strand-Pagarna.118
Unknown prontype! han Romn_Strand-Pagarna.118
Unknown prontype! sig Romn_Strand-Pagarna.118
Unknown prontype! han Romn_Strand-Pagarna.118
Unknown prontype! sig Romn_Strand-Pagarna.119
Unknown prontype! en Romn_Strand-Pagarna.119
Unknown prontype! en Romn_Strand-Pagarna.120
Unknown prontype! du Romn_Strand-Pagarna.122
Unknown prontype! en Romn_Strand-Pagarna.125
Unknown prontype! han Romn_Strand-Pagarna.126
Unknown prontype! han Romn_Strand-Pagarna.126
Unknown prontype! en Romn_Strand-Pagarna.128
Unknown prontype! han Romn_Strand-Pagarna.128
Unknown prontype! han Romn_Strand-Pagarna.129
Unknown prontype! en Romn_Strand-Pagarna.129
Unknown prontype! sig Romn_Strand-Pagarna.134
Unknown prontype! han Romn_Strand-Pagarna.135
Unknown prontype! en Romn_Strand-Pagarna.135
Unknown prontype! hon Romn_Strand-Pagarna.135
Unknown prontype! hon Romn_Strand-Pagarna.136
Unknown prontype! han Romn_Strand-Pagarna.136
Unknown prontype! han Romn_Strand-Pagarna.137
Unknown prontype! han Romn_Strand-Pagarna.139
Unknown prontype! någon Romn_Strand-Pagarna.140
Unknown prontype! han Romn_Strand-Pagarna.141
Unknown prontype! denna Romn_Strand-Pagarna.141
Unknown prontype! någon Romn_Strand-Pagarna.141
Unknown prontype! jag Romn_Strand-Pagarna.145
Unknown prontype! du Romn_Strand-Pagarna.145
Unknown prontype! du Romn_Strand-Pagarna.145
Unknown prontype! vi Romn_Strand-Pagarna.145
Unknown prontype! vad Romn_Strand-Pagarna.146
Unknown prontype! du Romn_Strand-Pagarna.146
Unknown prontype! du Romn_Strand-Pagarna.147
Unknown prontype! vi Romn_Strand-Pagarna.147
Unknown prontype! någon Romn_Strand-Pagarna.147
Unknown prontype! du Romn_Strand-Pagarna.147
Unknown prontype! vad Romn_Strand-Pagarna.148
Unknown prontype! du Romn_Strand-Pagarna.148
Unknown prontype! vi Romn_Strand-Pagarna.148
Unknown prontype! ni Romn_Strand-Pagarna.150
Unknown prontype! någon Romn_Strand-Pagarna.150
Unknown prontype! ni Romn_Strand-Pagarna.153
Unknown prontype! jag Romn_Strand-Pagarna.153
Unknown prontype! jag Romn_Strand-Pagarna.153
Unknown prontype! jag Romn_Strand-Pagarna.155
Unknown prontype! du Romn_Strand-Pagarna.155
Unknown prontype! en Romn_Strand-Pagarna.155
Unknown prontype! jag Romn_Strand-Pagarna.155
Unknown prontype! vi Romn_Strand-Pagarna.156
Unknown prontype! vad Romn_Strand-Pagarna.156
Unknown prontype! vi Romn_Strand-Pagarna.156
Unknown prontype! någon Romn_Strand-Pagarna.158
Unknown prontype! en Romn_Strand-Pagarna.159
Unknown prontype! han Romn_Strand-Pagarna.159
Unknown prontype! vad Romn_Strand-Pagarna.160
Unknown prontype! han Romn_Strand-Pagarna.160
Unknown prontype! mycken Romn_Strand-Pagarna.160
Unknown prontype! han Romn_Strand-Pagarna.161
Unknown prontype! en Romn_Strand-Pagarna.162
Unknown prontype! sig Romn_Strand-Pagarna.165
Unknown prontype! han Romn_Strand-Pagarna.166
Unknown prontype! han Romn_Strand-Pagarna.166
Unknown prontype! en Romn_Strand-Pagarna.166
Unknown prontype! han Romn_Strand-Pagarna.167
Unknown prontype! han Romn_Strand-Pagarna.167
Unknown prontype! en Romn_Strand-Pagarna.167
Unknown prontype! han Romn_Strand-Pagarna.168
Unknown prontype! någon Romn_Strand-Pagarna.168
Unknown prontype! han Romn_Strand-Pagarna.168
Unknown prontype! ingen Romn_Strand-Pagarna.168
Unknown prontype! någon Romn_Strand-Pagarna.168
Unknown prontype! sig Romn_Strand-Pagarna.169
Unknown prontype! all Romn_Strand-Pagarna.169
Unknown prontype! han Romn_Strand-Pagarna.170
Unknown prontype! vi Romn_Strand-Pagarna.170
Unknown prontype! en Romn_Strand-Pagarna.170
Unknown prontype! vi Romn_Strand-Pagarna.170
Unknown prontype! en Romn_Strand-Pagarna.170
Unknown prontype! du Romn_Strand-Pagarna.173
Unknown prontype! vi Romn_Strand-Pagarna.174
Unknown prontype! vi Romn_Strand-Pagarna.175
Unknown prontype! du Romn_Strand-Pagarna.176
Unknown prontype! vi Romn_Strand-Pagarna.176
Unknown prontype! denna Romn_Strand-Pagarna.176
Unknown prontype! vi Romn_Strand-Pagarna.178
Unknown prontype! vi Romn_Strand-Pagarna.179
Unknown prontype! en Romn_Strand-Pagarna.179
Unknown prontype! vi Romn_Strand-Pagarna.179
Unknown prontype! en Romn_Strand-Pagarna.181
Unknown prontype! jag Romn_Strand-Pagarna.181
Unknown prontype! vi Romn_Strand-Pagarna.181
Unknown prontype! en Romn_Strand-Pagarna.181
Unknown prontype! vi Romn_Strand-Pagarna.181
Unknown prontype! han Romn_Strand-Pagarna.181
Unknown prontype! vi Romn_Strand-Pagarna.183
Unknown prontype! vi Romn_Strand-Pagarna.183
Unknown prontype! vi Romn_Strand-Pagarna.183
Unknown prontype! någon Romn_Strand-Pagarna.183
Unknown prontype! han Romn_Strand-Pagarna.183
Unknown prontype! du Romn_Strand-Pagarna.185
Unknown prontype! någon Romn_Strand-Pagarna.185
Unknown prontype! vad Romn_Strand-Pagarna.185
Unknown prontype! jag Romn_Strand-Pagarna.186
Unknown prontype! hon Romn_Strand-Pagarna.186
Unknown prontype! jag Romn_Strand-Pagarna.187
Unknown prontype! han Romn_Strand-Pagarna.187
Unknown prontype! han Romn_Strand-Pagarna.188
Unknown prontype! han Romn_Strand-Pagarna.189
Unknown prontype! han Romn_Strand-Pagarna.191
Unknown prontype! man Romn_Strand-Pagarna.192
Unknown prontype! ingen Romn_Strand-Pagarna.192
Unknown prontype! en Romn_Strand-Pagarna.193
Unknown prontype! litet Romn_Strand-Pagarna.195
Unknown prontype! en Romn_Strand-Pagarna.195
Unknown prontype! jag Romn_Strand-Pagarna.197
Unknown prontype! en Romn_Strand-Pagarna.197
Unknown prontype! han Romn_Strand-Pagarna.197
Unknown prontype! vi Romn_Strand-Pagarna.198
Unknown prontype! litet Romn_Strand-Pagarna.198
Unknown prontype! någon Romn_Strand-Pagarna.198
Unknown prontype! en Romn_Strand-Pagarna.200
Unknown prontype! man Romn_Strand-Pagarna.201
Unknown prontype! vad Romn_Strand-Pagarna.201
Unknown prontype! en Romn_Strand-Pagarna.201
Unknown prontype! denna Romn_Strand-Pagarna.202
Unknown prontype! vi Romn_Strand-Pagarna.204
Unknown prontype! jag Romn_Strand-Pagarna.206
Unknown prontype! jag Romn_Strand-Pagarna.207
Unknown prontype! en Romn_Strand-Pagarna.207
Unknown prontype! en Romn_Strand-Pagarna.207
Unknown prontype! vi Romn_Strand-Pagarna.209
Unknown prontype! en Romn_Strand-Pagarna.209
Unknown prontype! en Romn_Strand-Pagarna.210
Unknown prontype! en Romn_Strand-Pagarna.222
Unknown prontype! sig Romn_Strand-Pagarna.223
Unknown prontype! han Romn_Strand-Pagarna.224
Unknown prontype! en Romn_Strand-Pagarna.224
Unknown prontype! han Romn_Strand-Pagarna.225
Unknown prontype! vad Romn_Strand-Pagarna.229
Unknown prontype! en Romn_Strand-Pagarna.229
Unknown prontype! någon Romn_Strand-Pagarna.235
Unknown prontype! han Romn_Strand-Pagarna.235
Unknown prontype! en Romn_Strand-Pagarna.236
Unknown prontype! en Romn_Strand-Pagarna.236
Unknown prontype! hon Romn_Strand-Pagarna.236
Unknown prontype! han Romn_Strand-Pagarna.237
Unknown prontype! jag Romn_Strand-Pagarna.237
Unknown prontype! vad Romn_Strand-Pagarna.239
Unknown prontype! vi Romn_Strand-Pagarna.239
Unknown prontype! sig Romn_Strand-Pagarna.239
Unknown prontype! en Romn_Strand-Pagarna.240
Unknown prontype! sig Romn_Strand-Pagarna.240
Unknown prontype! du Romn_Strand-Pagarna.242
Unknown prontype! vi Romn_Strand-Pagarna.242
Unknown prontype! någon Romn_Strand-Pagarna.242
Unknown prontype! ingen Romn_Strand-Pagarna.244
Unknown prontype! vi Romn_Strand-Pagarna.244
Unknown prontype! en Romn_Strand-Pagarna.247
Unknown prontype! en Romn_Strand-Pagarna.248
Unknown prontype! någon Romn_Strand-Pagarna.249
Unknown prontype! en Romn_Strand-Pagarna.249
Unknown prontype! han Romn_Strand-Pagarna.250
Unknown prontype! hon Romn_Strand-Pagarna.250
Unknown prontype! vi Romn_Strand-Pagarna.251
Unknown prontype! vi Romn_Strand-Pagarna.253
Unknown prontype! vad Romn_Strand-Pagarna.254
Unknown prontype! vi Romn_Strand-Pagarna.254
Unknown prontype! en Romn_Strand-Pagarna.256
Unknown prontype! en Romn_Strand-Pagarna.256
Unknown prontype! en Romn_Strand-Pagarna.257
Unknown prontype! en Romn_Strand-Pagarna.258
Unknown prontype! all Romn_Strand-Pagarna.258
Unknown prontype! en Romn_Strand-Pagarna.259
Unknown prontype! vi Romn_Strand-Pagarna.260
Unknown prontype! en Romn_Strand-Pagarna.261
Unknown prontype! vi Romn_Strand-Pagarna.261
Unknown prontype! du Romn_Strand-Pagarna.261
Unknown prontype! hon Romn_Strand-Pagarna.266
Unknown prontype! all Romn_Strand-Pagarna.266
Unknown prontype! hon Romn_Strand-Pagarna.266
Unknown prontype! hon Romn_Strand-Pagarna.266
Unknown prontype! du Romn_Strand-Pagarna.269
Unknown prontype! vi Romn_Strand-Pagarna.269
Unknown prontype! en Romn_Strand-Pagarna.269
Unknown prontype! han Romn_Strand-Pagarna.269
Unknown prontype! jag Romn_Strand-Pagarna.270
Unknown prontype! vi Romn_Strand-Pagarna.270
Unknown prontype! vi Romn_Strand-Pagarna.270
Unknown prontype! någon Romn_Strand-Pagarna.270
Unknown prontype! han Romn_Strand-Pagarna.270
Unknown prontype! vi Romn_Strand-Pagarna.270
Unknown prontype! vad Romn_Strand-Pagarna.273
Unknown prontype! ni Romn_Strand-Pagarna.273
Unknown prontype! han Romn_Strand-Pagarna.273
Unknown prontype! en Romn_Strand-Pagarna.275
Unknown prontype! en Romn_Strand-Pagarna.275
Unknown prontype! jag Romn_Strand-Pagarna.275
Unknown prontype! vad Romn_Strand-Pagarna.275
Unknown prontype! sig Romn_Strand-Pagarna.275
Unknown prontype! jag Romn_Strand-Pagarna.276
Unknown prontype! jag Romn_Strand-Pagarna.278
Unknown prontype! en Romn_Strand-Pagarna.278
Unknown prontype! er Romn_Strand-Pagarna.278
Unknown prontype! ni Romn_Strand-Pagarna.279
Unknown prontype! jag Romn_Strand-Pagarna.280
Unknown prontype! ni Romn_Strand-Pagarna.280
Unknown prontype! en Romn_Strand-Pagarna.280
Unknown prontype! jag Romn_Strand-Pagarna.280
Unknown prontype! varandra Romn_Strand-Pagarna.282
Unknown prontype! vi Romn_Strand-Pagarna.282
Unknown prontype! en Romn_Strand-Pagarna.282
Unknown prontype! jag Romn_Strand-Pagarna.283
Unknown prontype! mycket Romn_Strand-Pagarna.283
Unknown prontype! vi Romn_Strand-Pagarna.283
Unknown prontype! jag Romn_Strand-Pagarna.283
Unknown prontype! vi Romn_Strand-Pagarna.285
Unknown prontype! denna Romn_Strand-Pagarna.286
Unknown prontype! vi Romn_Strand-Pagarna.286
Unknown prontype! vi Romn_Strand-Pagarna.286
Unknown prontype! en Romn_Strand-Pagarna.288
Unknown prontype! sig Romn_Strand-Pagarna.289
Unknown prontype! en Romn_Strand-Pagarna.293
Unknown prontype! en Romn_Strand-Pagarna.294
Unknown prontype! en Romn_Strand-Pagarna.295
Unknown prontype! en Romn_Strand-Pagarna.295
Unknown prontype! man Romn_Strand-Pagarna.301
Unknown prontype! man Romn_Strand-Pagarna.301
Unknown prontype! ingenting Romn_Strand-Pagarna.301
Unknown prontype! vad Romn_Strand-Pagarna.302
Unknown prontype! en Romn_Strand-Pagarna.302
Unknown prontype! sig Romn_Strand-Pagarna.303
Unknown prontype! mycken Romn_Strand-Pagarna.304
Unknown prontype! vad Romn_Strand-Pagarna.305
Unknown prontype! man Romn_Strand-Pagarna.305
Unknown prontype! sig Romn_Strand-Pagarna.306
Unknown prontype! jag Romn_Strand-Pagarna.308
Unknown prontype! all Romn_Strand-Pagarna.308
Unknown prontype! en Romn_Strand-Pagarna.308
Unknown prontype! du Romn_Strand-Pagarna.309
Unknown prontype! du Romn_Strand-Pagarna.311
Unknown prontype! jag Romn_Strand-Pagarna.313
Unknown prontype! vi Romn_Strand-Pagarna.314
Unknown prontype! all Romn_Strand-Pagarna.316
Unknown prontype! sig Romn_Strand-Pagarna.317
Unknown prontype! en Romn_Strand-Pagarna.318
Unknown prontype! all Romn_Strand-Pagarna.320
Unknown prontype! varandra Romn_Strand-Pagarna.320
Unknown prontype! all Romn_Strand-Pagarna.320
Unknown prontype! varandra Romn_Strand-Pagarna.322
Unknown prontype! hon Romn_Strand-Pagarna.322
Unknown prontype! sig Romn_Strand-Pagarna.323
Unknown prontype! varandra Romn_Strand-Pagarna.323
Unknown prontype! en Romn_Strand-Pagarna.323
Unknown prontype! jag Romn_Strand-Pagarna.326
Unknown prontype! man Romn_Strand-Pagarna.326
Unknown prontype! en Romn_Strand-Pagarna.326
Unknown prontype! jag Romn_Strand-Pagarna.327
Unknown prontype! jag Romn_Strand-Pagarna.327
Unknown prontype! man Romn_Strand-Pagarna.327
Unknown prontype! denna Romn_Strand-Pagarna.327
Unknown prontype! jag Romn_Strand-Pagarna.328
Unknown prontype! han Romn_Strand-Pagarna.328
Unknown prontype! vad Romn_Strand-Pagarna.328
Unknown prontype! jag Romn_Strand-Pagarna.328
Unknown prontype! en Romn_Strand-Pagarna.328
Unknown prontype! en Romn_Strand-Pagarna.331
Unknown prontype! du Romn_Strand-Pagarna.332
Unknown prontype! han Romn_Strand-Pagarna.332
Unknown prontype! jag Romn_Strand-Pagarna.332
Unknown prontype! en Romn_Strand-Pagarna.332
Unknown prontype! en Romn_Strand-Pagarna.334
Unknown prontype! jag Romn_Strand-Pagarna.336
Unknown prontype! en Romn_Strand-Pagarna.336
Unknown prontype! en Romn_Strand-Pagarna.337
Unknown prontype! ingen Romn_Strand-Pagarna.339
Unknown prontype! vi Romn_Strand-Pagarna.339
Unknown prontype! en Romn_Strand-Pagarna.341
Unknown prontype! en Romn_Strand-Pagarna.341
Unknown prontype! sig Romn_Strand-Pagarna.341
Unknown prontype! du Romn_Strand-Pagarna.344
Unknown prontype! en Romn_Strand-Pagarna.346
Unknown prontype! en Romn_Strand-Pagarna.348
Unknown prontype! han Romn_Strand-Pagarna.348
Unknown prontype! jag Romn_Strand-Pagarna.350
Unknown prontype! en Romn_Strand-Pagarna.350
Unknown prontype! jag Romn_Strand-Pagarna.351
Unknown prontype! någon Romn_Strand-Pagarna.351
Unknown prontype! jag Romn_Strand-Pagarna.354
Unknown prontype! vem Romn_Strand-Pagarna.354
Unknown prontype! jag Romn_Strand-Pagarna.354
Unknown prontype! vi Romn_Strand-Pagarna.354
Unknown prontype! en Romn_Strand-Pagarna.354
Unknown prontype! du Romn_Strand-Pagarna.356
Unknown prontype! någon Romn_Strand-Pagarna.356
Unknown prontype! vi Romn_Strand-Pagarna.356
Unknown prontype! vi Romn_Strand-Pagarna.357
Unknown prontype! sig Romn_Strand-Pagarna.357
Unknown prontype! jag Romn_Strand-Pagarna.359
Unknown prontype! en Romn_Strand-Pagarna.359
Unknown prontype! jag Romn_Strand-Pagarna.360
Unknown prontype! en Romn_Strand-Pagarna.360
Unknown prontype! vi Romn_Strand-Pagarna.360
Unknown prontype! vad Romn_Strand-Pagarna.362
Unknown prontype! en Romn_Strand-Pagarna.364
Unknown prontype! man Romn_Strand-Pagarna.364
Unknown prontype! en Romn_Strand-Pagarna.364
Unknown prontype! vi Romn_Strand-Pagarna.366
Unknown prontype! någon Romn_Strand-Pagarna.369
Unknown prontype! all Romn_Strand-Pagarna.370
Unknown prontype! någon Romn_Strand-Pagarna.370
Unknown prontype! vi Romn_Strand-Pagarna.372
Unknown prontype! all Romn_Strand-Pagarna.372
Unknown prontype! jag Romn_Strand-Pagarna.374
Unknown prontype! en Romn_Strand-Pagarna.374
Unknown prontype! vad Romn_Strand-Pagarna.376
Unknown prontype! sig Romn_Strand-Pagarna.377
Unknown prontype! en Romn_Strand-Pagarna.377
Unknown prontype! sig Romn_Strand-Pagarna.377
Unknown prontype! en Romn_Strand-Pagarna.378
Unknown prontype! sig Romn_Strand-Pagarna.378
Unknown prontype! en Romn_Strand-Pagarna.378
Unknown prontype! sig Romn_Strand-Pagarna.378
Unknown prontype! denna Romn_Strand-Pagarna.379
Unknown prontype! sig Romn_Strand-Pagarna.380
Unknown prontype! en Romn_Strand-Pagarna.380
Unknown prontype! han Romn_Strand-Pagarna.381
Unknown prontype! han Romn_Strand-Pagarna.381
Unknown prontype! vi Romn_Strand-Pagarna.384
Unknown prontype! all Romn_Strand-Pagarna.384
Unknown prontype! vi Romn_Strand-Pagarna.384
Unknown prontype! någon Romn_Strand-Pagarna.386
Unknown prontype! en Romn_Strand-Pagarna.386
Unknown prontype! en Romn_Strand-Pagarna.387
Unknown prontype! någon Romn_Strand-Pagarna.388
Unknown prontype! en Romn_Strand-Pagarna.391
Unknown prontype! en Romn_Strand-Pagarna.391
Unknown prontype! en Romn_Strand-Pagarna.392
Unknown prontype! någon Romn_Strand-Pagarna.395
Unknown prontype! en Romn_Strand-Pagarna.397
Unknown prontype! hon Romn_Strand-Pagarna.398
Unknown prontype! vad Romn_Strand-Pagarna.398
Unknown prontype! du Romn_Strand-Pagarna.398
Unknown prontype! en Romn_Strand-Pagarna.398b
Unknown prontype! han Romn_Strand-Pagarna.398b
Unknown prontype! han Romn_Strand-Pagarna.398c
Unknown prontype! han Romn_Strand-Pagarna.400
Unknown prontype! han Romn_Strand-Pagarna.402
Unknown prontype! en Romn_Strand-Pagarna.402
Unknown prontype! han Romn_Strand-Pagarna.403
Unknown prontype! en Romn_Strand-Pagarna.404
Unknown prontype! en Romn_Strand-Pagarna.406
Unknown prontype! hon Romn_Strand-Pagarna.406
Unknown prontype! hon Romn_Strand-Pagarna.407
Unknown prontype! en Romn_Strand-Pagarna.407
Unknown prontype! hon Romn_Strand-Pagarna.408
Unknown prontype! en Romn_Strand-Pagarna.408
Unknown prontype! hon Romn_Strand-Pagarna.409
Unknown prontype! en Romn_Strand-Pagarna.409
Unknown prontype! jag Romn_Strand-Pagarna.411
Unknown prontype! hon Romn_Strand-Pagarna.411
Unknown prontype! han Romn_Strand-Pagarna.414
Unknown prontype! sig Romn_Strand-Pagarna.414
Unknown prontype! en Romn_Strand-Pagarna.414
Unknown prontype! han Romn_Strand-Pagarna.415
Unknown prontype! sin Romn_Strand-Pagarna.415
Unknown prontype! han Romn_Strand-Pagarna.416
Unknown prontype! sig Romn_Strand-Pagarna.416
Unknown prontype! han Romn_Strand-Pagarna.416
Unknown prontype! en Romn_Strand-Pagarna.418
Unknown prontype! denna Romn_Strand-Pagarna.418
Unknown prontype! du Romn_Strand-Pagarna.421
Unknown prontype! någon Romn_Strand-Pagarna.421
Unknown prontype! vi Romn_Strand-Pagarna.421b
Unknown prontype! vi Romn_Strand-Pagarna.421b
Unknown prontype! all Romn_Strand-Pagarna.421b
Unknown prontype! en Romn_Strand-Pagarna.423
Unknown prontype! sig Romn_Strand-Pagarna.424
Unknown prontype! någon Romn_Strand-Pagarna.426
Unknown prontype! ingen Romn_Strand-Pagarna.426
Unknown prontype! vi Romn_Strand-Pagarna.427
Unknown prontype! en Romn_Strand-Pagarna.427
Unknown prontype! vi Romn_Strand-Pagarna.427
Unknown prontype! vad Romn_Strand-Pagarna.431
Unknown prontype! du Romn_Strand-Pagarna.431
Unknown prontype! en Romn_Strand-Pagarna.433
Unknown prontype! hon Romn_Strand-Pagarna.433
Unknown prontype! en Romn_Strand-Pagarna.433
Unknown prontype! hon Romn_Strand-Pagarna.434
Unknown prontype! all Romn_Strand-Pagarna.435
Unknown prontype! jag Romn_Strand-Pagarna.435
Unknown prontype! hon Romn_Strand-Pagarna.436
Unknown prontype! denna Romn_Strand-Pagarna.436
Unknown prontype! hon Romn_Strand-Pagarna.436
Unknown prontype! en Romn_Strand-Pagarna.444
Unknown prontype! ingen Romn_Strand-Pagarna.445
Unknown prontype! någon Romn_Strand-Pagarna.445
Unknown prontype! någon Romn_Strand-Pagarna.445
Unknown prontype! en Romn_Strand-Pagarna.447
Unknown prontype! sig Romn_Strand-Pagarna.447
Unknown prontype! vad Romn_Strand-Pagarna.447
Unknown prontype! all Romn_Strand-Pagarna.448
Unknown prontype! en Romn_Strand-Pagarna.449
Unknown prontype! en Romn_Strand-Pagarna.449
Unknown prontype! all Romn_Strand-Pagarna.449
Unknown prontype! en Romn_Strand-Pagarna.451
Unknown prontype! en Romn_Strand-Pagarna.453
Unknown prontype! en Romn_Strand-Pagarna.453
Unknown prontype! en Romn_Strand-Pagarna.454
Unknown prontype! en Romn_Strand-Pagarna.457
Unknown prontype! sig Romn_Strand-Pagarna.457
Unknown prontype! han Romn_Strand-Pagarna.458
Unknown prontype! en Romn_Strand-Pagarna.459
Unknown prontype! sig Romn_Strand-Pagarna.460
Unknown prontype! han Romn_Strand-Pagarna.462
Unknown prontype! han Romn_Strand-Pagarna.463
Unknown prontype! sig Romn_Strand-Pagarna.463
